Archive member included to satisfy reference by file (symbol)

F:/CLION__Project/two_way_communication_DC_DC/Drivers/CMSIS/DSP/Lib/GCC/libarm_cortexM4lf_math.a(arm_copy_f32.o)
                              CMakeFiles/two_way_communication_DC_DC.dir/Core/Src/main.c.obj (arm_copy_f32)
F:/CLION__Project/two_way_communication_DC_DC/Drivers/CMSIS/DSP/Lib/GCC/libarm_cortexM4lf_math.a(arm_pid_init_f32.o)
                              CMakeFiles/two_way_communication_DC_DC.dir/Core/Src/main.c.obj (arm_pid_init_f32)
F:/STM32CubeCLT/STM32CubeCLT_1.18.0/GNU-tools-for-STM32/bin/../lib/gcc/arm-none-eabi/13.3.1/../../../../arm-none-eabi/lib/thumb/v7e-m+fp/hard\libm.a(libm_a-w_atan2.o)
                              CMakeFiles/two_way_communication_DC_DC.dir/Core/Src/OLED.c.obj (atan2)
F:/STM32CubeCLT/STM32CubeCLT_1.18.0/GNU-tools-for-STM32/bin/../lib/gcc/arm-none-eabi/13.3.1/../../../../arm-none-eabi/lib/thumb/v7e-m+fp/hard\libm.a(libm_a-s_round.o)
                              CMakeFiles/two_way_communication_DC_DC.dir/Core/Src/OLED.c.obj (round)
F:/STM32CubeCLT/STM32CubeCLT_1.18.0/GNU-tools-for-STM32/bin/../lib/gcc/arm-none-eabi/13.3.1/../../../../arm-none-eabi/lib/thumb/v7e-m+fp/hard\libm.a(libm_a-e_atan2.o)
                              F:/STM32CubeCLT/STM32CubeCLT_1.18.0/GNU-tools-for-STM32/bin/../lib/gcc/arm-none-eabi/13.3.1/../../../../arm-none-eabi/lib/thumb/v7e-m+fp/hard\libm.a(libm_a-w_atan2.o) (__ieee754_atan2)
F:/STM32CubeCLT/STM32CubeCLT_1.18.0/GNU-tools-for-STM32/bin/../lib/gcc/arm-none-eabi/13.3.1/../../../../arm-none-eabi/lib/thumb/v7e-m+fp/hard\libm.a(libm_a-s_atan.o)
                              F:/STM32CubeCLT/STM32CubeCLT_1.18.0/GNU-tools-for-STM32/bin/../lib/gcc/arm-none-eabi/13.3.1/../../../../arm-none-eabi/lib/thumb/v7e-m+fp/hard\libm.a(libm_a-e_atan2.o) (atan)
F:/STM32CubeCLT/STM32CubeCLT_1.18.0/GNU-tools-for-STM32/bin/../lib/gcc/arm-none-eabi/13.3.1/../../../../arm-none-eabi/lib/thumb/v7e-m+fp/hard\libm.a(libm_a-s_fabs.o)
                              F:/STM32CubeCLT/STM32CubeCLT_1.18.0/GNU-tools-for-STM32/bin/../lib/gcc/arm-none-eabi/13.3.1/../../../../arm-none-eabi/lib/thumb/v7e-m+fp/hard\libm.a(libm_a-e_atan2.o) (fabs)
F:/STM32CubeCLT/STM32CubeCLT_1.18.0/GNU-tools-for-STM32/bin/../lib/gcc/arm-none-eabi/13.3.1/thumb/v7e-m+fp/hard\libgcc.a(_arm_muldf3.o)
                              CMakeFiles/two_way_communication_DC_DC.dir/Core/Src/OLED.c.obj (__aeabi_dmul)
F:/STM32CubeCLT/STM32CubeCLT_1.18.0/GNU-tools-for-STM32/bin/../lib/gcc/arm-none-eabi/13.3.1/thumb/v7e-m+fp/hard\libgcc.a(_arm_addsubdf3.o)
                              CMakeFiles/two_way_communication_DC_DC.dir/Core/Src/OLED.c.obj (__aeabi_dsub)
F:/STM32CubeCLT/STM32CubeCLT_1.18.0/GNU-tools-for-STM32/bin/../lib/gcc/arm-none-eabi/13.3.1/thumb/v7e-m+fp/hard\libgcc.a(_arm_muldivdf3.o)
                              CMakeFiles/two_way_communication_DC_DC.dir/Core/Src/OLED.c.obj (__aeabi_ddiv)
F:/STM32CubeCLT/STM32CubeCLT_1.18.0/GNU-tools-for-STM32/bin/../lib/gcc/arm-none-eabi/13.3.1/thumb/v7e-m+fp/hard\libgcc.a(_arm_cmpdf2.o)
                              CMakeFiles/two_way_communication_DC_DC.dir/Core/Src/OLED.c.obj (__aeabi_dcmplt)
F:/STM32CubeCLT/STM32CubeCLT_1.18.0/GNU-tools-for-STM32/bin/../lib/gcc/arm-none-eabi/13.3.1/thumb/v7e-m+fp/hard\libgcc.a(_arm_fixdfsi.o)
                              CMakeFiles/two_way_communication_DC_DC.dir/Core/Src/OLED.c.obj (__aeabi_d2iz)
F:/STM32CubeCLT/STM32CubeCLT_1.18.0/GNU-tools-for-STM32/bin/../lib/gcc/arm-none-eabi/13.3.1/thumb/v7e-m+fp/hard\libgcc.a(_arm_fixunsdfsi.o)
                              CMakeFiles/two_way_communication_DC_DC.dir/Core/Src/OLED.c.obj (__aeabi_d2uiz)
F:/STM32CubeCLT/STM32CubeCLT_1.18.0/GNU-tools-for-STM32/bin/../lib/gcc/arm-none-eabi/13.3.1/thumb/v7e-m+fp/hard\libgcc.a(_arm_truncdfsf2.o)
                              CMakeFiles/two_way_communication_DC_DC.dir/Core/Src/OLED.c.obj (__aeabi_d2f)
F:/STM32CubeCLT/STM32CubeCLT_1.18.0/GNU-tools-for-STM32/bin/../lib/gcc/arm-none-eabi/13.3.1/../../../../arm-none-eabi/lib/thumb/v7e-m+fp/hard\libg_nano.a(libc_a-exit.o)
                              F:/STM32CubeCLT/STM32CubeCLT_1.18.0/GNU-tools-for-STM32/bin/../lib/gcc/arm-none-eabi/13.3.1/../../../../arm-none-eabi/lib/thumb/v7e-m+fp/hard/crt0.o (exit)
F:/STM32CubeCLT/STM32CubeCLT_1.18.0/GNU-tools-for-STM32/bin/../lib/gcc/arm-none-eabi/13.3.1/../../../../arm-none-eabi/lib/thumb/v7e-m+fp/hard\libg_nano.a(libc_a-findfp.o)
                              F:/STM32CubeCLT/STM32CubeCLT_1.18.0/GNU-tools-for-STM32/bin/../lib/gcc/arm-none-eabi/13.3.1/../../../../arm-none-eabi/lib/thumb/v7e-m+fp/hard\libg_nano.a(libc_a-exit.o) (__stdio_exit_handler)
F:/STM32CubeCLT/STM32CubeCLT_1.18.0/GNU-tools-for-STM32/bin/../lib/gcc/arm-none-eabi/13.3.1/../../../../arm-none-eabi/lib/thumb/v7e-m+fp/hard\libg_nano.a(libc_a-fwalk.o)
[...]
Memory Configuration

Name             Origin             Length             Attributes
RAM              0x20000000         0x00020000         xrw
FLASH            0x08000000         0x00080000         xr
*default*        0x00000000         0xffffffff

Linker script and memory map

LOAD F:/STM32CubeCLT/STM32CubeCLT_1.18.0/GNU-tools-for-STM32/bin/../lib/gcc/arm-none-eabi/13.3.1/thumb/v7e-m+fp/hard/crti.o
LOAD F:/STM32CubeCLT/STM32CubeCLT_1.18.0/GNU-tools-for-STM32/bin/../lib/gcc/arm-none-eabi/13.3.1/thumb/v7e-m+fp/hard/crtbegin.o
LOAD F:/STM32CubeCLT/STM32CubeCLT_1.18.0/GNU-tools-for-STM32/bin/../lib/gcc/arm-none-eabi/13.3.1/../../../../arm-none-eabi/lib/thumb/v7e-m+fp/hard/crt0.o
LOAD cmake/stm32cubemx/CMakeFiles/STM32_Drivers.dir/__/__/Core/Src/system_stm32g4xx.c.obj
LOAD cmake/stm32cubemx/CMakeFiles/STM32_Drivers.dir/__/__/Drivers/STM32G4xx_HAL_Driver/Src/stm32g4xx_hal_adc.c.obj
LOAD cmake/stm32cubemx/CMakeFiles/STM32_Drivers.dir/__/__/Drivers/STM32G4xx_HAL_Driver/Src/stm32g4xx_hal_adc_ex.c.obj
LOAD cmake/stm32cubemx/CMakeFiles/STM32_Drivers.dir/__/__/Drivers/STM32G4xx_HAL_Driver/Src/stm32g4xx_ll_adc.c.obj
LOAD cmake/stm32cubemx/CMakeFiles/STM32_Drivers.dir/__/__/Drivers/STM32G4xx_HAL_Driver/Src/stm32g4xx_hal.c.obj
LOAD cmake/stm32cubemx/CMakeFiles/STM32_Drivers.dir/__/__/Drivers/STM32G4xx_HAL_Driver/Src/stm32g4xx_hal_rcc.c.obj
LOAD cmake/stm32cubemx/CMakeFiles/STM32_Drivers.dir/__/__/Drivers/STM32G4xx_HAL_Driver/Src/stm32g4xx_hal_rcc_ex.c.obj
LOAD cmake/stm32cubemx/CMakeFiles/STM32_Drivers.dir/__/__/Drivers/STM32G4xx_HAL_Driver/Src/stm32g4xx_hal_flash.c.obj
LOAD cmake/stm32cubemx/CMakeFiles/STM32_Drivers.dir/__/__/Drivers/STM32G4xx_HAL_Driver/Src/stm32g4xx_hal_flash_ex.c.obj
LOAD cmake/stm32cubemx/CMakeFiles/STM32_Drivers.dir/__/__/Drivers/STM32G4xx_HAL_Driver/Src/stm32g4xx_hal_flash_ramfunc.c.obj
LOAD cmake/stm32cubemx/CMakeFiles/STM32_Drivers.dir/__/__/Drivers/STM32G4xx_HAL_Driver/Src/stm32g4xx_hal_gpio.c.obj
LOAD cmake/stm32cubemx/CMakeFiles/STM32_Drivers.dir/__/__/Drivers/STM32G4xx_HAL_Driver/Src/stm32g4xx_hal_exti.c.obj
LOAD cmake/stm32cubemx/CMakeFiles/STM32_Drivers.dir/__/__/Drivers/STM32G4xx_HAL_Driver/Src/stm32g4xx_hal_dma.c.obj
LOAD cmake/stm32cubemx/CMakeFiles/STM32_Drivers.dir/__/__/Drivers/STM32G4xx_HAL_Driver/Src/stm32g4xx_hal_dma_ex.c.obj
LOAD cmake/stm32cubemx/CMakeFiles/STM32_Drivers.dir/__/__/Drivers/STM32G4xx_HAL_Driver/Src/stm32g4xx_hal_pwr.c.obj
LOAD cmake/stm32cubemx/CMakeFiles/STM32_Drivers.dir/__/__/Drivers/STM32G4xx_HAL_Driver/Src/stm32g4xx_hal_pwr_ex.c.obj
LOAD cmake/stm32cubemx/CMakeFiles/STM32_Drivers.dir/__/__/Drivers/STM32G4xx_HAL_Driver/Src/stm32g4xx_hal_cortex.c.obj
LOAD cmake/stm32cubemx/CMakeFiles/STM32_Drivers.dir/__/__/Drivers/STM32G4xx_HAL_Driver/Src/stm32g4xx_hal_hrtim.c.obj
LOAD CMakeFiles/two_way_communication_DC_DC.dir/Core/Src/MY_OLED.c.obj
LOAD CMakeFiles/two_way_communication_DC_DC.dir/Core/Src/OLED.c.obj
LOAD CMakeFiles/two_way_communication_DC_DC.dir/Core/Src/OLED_Data.c.obj
LOAD CMakeFiles/two_way_communication_DC_DC.dir/Core/Src/main.c.obj
LOAD CMakeFiles/two_way_communication_DC_DC.dir/Core/Src/gpio.c.obj
LOAD CMakeFiles/two_way_communication_DC_DC.dir/Core/Src/adc.c.obj
LOAD CMakeFiles/two_way_communication_DC_DC.dir/Core/Src/dma.c.obj
LOAD CMakeFiles/two_way_communication_DC_DC.dir/Core/Src/hrtim.c.obj
LOAD CMakeFiles/two_way_communication_DC_DC.dir/Core/Src/stm32g4xx_it.c.obj
LOAD CMakeFiles/two_way_communication_DC_DC.dir/Core/Src/stm32g4xx_hal_msp.c.obj
LOAD CMakeFiles/two_way_communication_DC_DC.dir/Core/Src/sysmem.c.obj
LOAD CMakeFiles/two_way_communication_DC_DC.dir/Core/Src/syscalls.c.obj
LOAD CMakeFiles/two_way_communication_DC_DC.dir/startup_stm32g474xx.s.obj
LOAD F:/CLION__Project/two_way_communication_DC_DC/Drivers/CMSIS/DSP/Lib/GCC/libarm_cortexM4lf_math.a
LOAD F:/STM32CubeCLT/STM32CubeCLT_1.18.0/GNU-tools-for-STM32/bin/../lib/gcc/arm-none-eabi/13.3.1/../../../../arm-none-eabi/lib/thumb/v7e-m+fp/hard\libm.a
START GROUP
LOAD F:/STM32CubeCLT/STM32CubeCLT_1.18.0/GNU-tools-for-STM32/bin/../lib/gcc/arm-none-eabi/13.3.1/thumb/v7e-m+fp/hard\libgcc.a
LOAD F:/STM32CubeCLT/STM32CubeCLT_1.18.0/GNU-tools-for-STM32/bin/../lib/gcc/arm-none-eabi/13.3.1/../../../../arm-none-eabi/lib/thumb/v7e-m+fp/hard\libg_nano.a
LOAD F:/STM32CubeCLT/STM32CubeCLT_1.18.0/GNU-tools-for-STM32/bin/../lib/gcc/arm-none-eabi/13.3.1/../../../../arm-none-eabi/lib/thumb/v7e-m+fp/hard\libc_nano.a
END GROUP
START GROUP
LOAD F:/STM32CubeCLT/STM32CubeCLT_1.18.0/GNU-tools-for-STM32/bin/../lib/gcc/arm-none-eabi/13.3.1/thumb/v7e-m+fp/hard\libgcc.a
LOAD F:/STM32CubeCLT/STM32CubeCLT_1.18.0/GNU-tools-for-STM32/bin/../lib/gcc/arm-none-eabi/13.3.1/../../../../arm-none-eabi/lib/thumb/v7e-m+fp/hard\libc_nano.a
END GROUP
LOAD F:/STM32CubeCLT/STM32CubeCLT_1.18.0/GNU-tools-for-STM32/bin/../lib/gcc/arm-none-eabi/13.3.1/thumb/v7e-m+fp/hard/crtend.o
LOAD F:/STM32CubeCLT/STM32CubeCLT_1.18.0/GNU-tools-for-STM32/bin/../lib/gcc/arm-none-eabi/13.3.1/thumb/v7e-m+fp/hard/crtn.o
                0x20020000                        _estack = (ORIGIN (RAM) + LENGTH (RAM))
                0x00000200                        _Min_Heap_Size = 0x200
                0x00000400                        _Min_Stack_Size = 0x400

.isr_vector     0x08000000      0x1d8
                0x08000000                        . = ALIGN (0x4)
 *(.isr_vector)
 .isr_vector    0x08000000      0x1d8 CMakeFiles/two_way_communication_DC_DC.dir/startup_stm32g474xx.s.obj
                0x08000000                g_pfnVectors
                0x080001d8                        . = ALIGN (0x4)

.text           0x080001e0     0x9134
                0x080001e0                        . = ALIGN (0x4)
 *(.text)
 .text          0x080001e0       0x40 F:/STM32CubeCLT/STM32CubeCLT_1.18.0/GNU-tools-for-STM32/bin/../lib/gcc/arm-none-eabi/13.3.1/thumb/v7e-m+fp/hard/crtbegin.o
 .text          0x08000220      0x378 F:/STM32CubeCLT/STM32CubeCLT_1.18.0/GNU-tools-for-STM32/bin/../lib/gcc/arm-none-eabi/13.3.1/thumb/v7e-m+fp/hard\libgcc.a(_arm_addsubdf3.o)
                0x08000220                __aeabi_drsub
                0x08000228                __aeabi_dsub
                0x08000228                __subdf3
                0x0800022c                __aeabi_dadd
                0x0800022c                __adddf3
                0x080004a4                __floatunsidf
                0x080004a4                __aeabi_ui2d
                0x080004c4                __floatsidf
                0x080004c4                __aeabi_i2d
                0x080004e8                __aeabi_f2d
                0x080004e8                __extendsfdf2
                0x0800052c                __floatundidf
                0x0800052c                __aeabi_ul2d
                0x0800053c                __floatdidf
                0x0800053c                __aeabi_l2d
 .text          0x08000598      0x424 F:/STM32CubeCLT/STM32CubeCLT_1.18.0/GNU-tools-for-STM32/bin/../lib/gcc/arm-none-eabi/13.3.1/thumb/v7e-m+fp/hard\libgcc.a(_arm_muldivdf3.o)
                0x08000598                __aeabi_dmul
                0x08000598                __muldf3
                0x080007ec                __divdf3
                0x080007ec                __aeabi_ddiv
 .text          0x080009bc      0x110 F:/STM32CubeCLT/STM32CubeCLT_1.18.0/GNU-tools-for-STM32/bin/../lib/gcc/arm-none-eabi/13.3.1/thumb/v7e-m+fp/hard\libgcc.a(_arm_cmpdf2.o)
                0x080009bc                __gtdf2
                0x080009bc                __gedf2
                0x080009c4                __ltdf2
                0x080009c4                __ledf2
                0x080009cc                __nedf2
                0x080009cc                __eqdf2
                0x080009cc                __cmpdf2
                0x08000a48                __aeabi_cdrcmple
                0x08000a58                __aeabi_cdcmpeq
                0x08000a58                __aeabi_cdcmple
                0x08000a68                __aeabi_dcmpeq
                0x08000a7c                __aeabi_dcmplt
                0x08000a90                __aeabi_dcmple
                0x08000aa4                __aeabi_dcmpge
                0x08000ab8                __aeabi_dcmpgt
 .text          0x08000acc       0x40 F:/STM32CubeCLT/STM32CubeCLT_1.18.0/GNU-tools-for-STM32/bin/../lib/gcc/arm-none-eabi/13.3.1/thumb/v7e-m+fp/hard\libgcc.a(_arm_fixunsdfsi.o)
                0x08000acc                __aeabi_d2uiz
                0x08000acc                __fixunsdfsi
 .text          0x08000b0c       0x14 F:/STM32CubeCLT/STM32CubeCLT_1.18.0/GNU-tools-for-STM32/bin/../lib/gcc/arm-none-eabi/13.3.1/../../../../arm-none-eabi/lib/thumb/v7e-m+fp/hard\libg_nano.a(libc_a-strcmp.o)
                0x08000b0c                strcmp
 .text          0x08000b20       0xa0 F:/STM32CubeCLT/STM32CubeCLT_1.18.0/GNU-tools-for-STM32/bin/../lib/gcc/arm-none-eabi/13.3.1/../../../../arm-none-eabi/lib/thumb/v7e-m+fp/hard\libg_nano.a(libc_a-memchr.o)
                0x08000b20                memchr
 *(.text*)
 .text.SystemInit
                0x08000bc0       0x24 cmake/stm32cubemx/CMakeFiles/STM32_Drivers.dir/__/__/Core/Src/system_stm32g4xx.c.obj
                0x08000bc0                SystemInit
 .text.LL_ADC_SetCommonClock
                0x08000be4       0x26 cmake/stm32cubemx/CMakeFiles/STM32_Drivers.dir/__/__/Drivers/STM32G4xx_HAL_Driver/Src/stm32g4xx_hal_adc.c.obj
 .text.LL_ADC_SetCommonPathInternalCh
                0x08000c0a       0x26 cmake/stm32cubemx/CMakeFiles/STM32_Drivers.dir/__/__/Drivers/STM32G4xx_HAL_Driver/Src/stm32g4xx_hal_adc.c.obj
 .text.LL_ADC_GetCommonPathInternalCh
                0x08000c30       0x1c cmake/stm32cubemx/CMakeFiles/STM32_Drivers.dir/__/__/Drivers/STM32G4xx_HAL_Driver/Src/stm32g4xx_hal_adc.c.obj
 .text.LL_ADC_SetOffset
                0x08000c4c       0x48 cmake/stm32cubemx/CMakeFiles/STM32_Drivers.dir/__/__/Drivers/STM32G4xx_HAL_Driver/Src/stm32g4xx_hal_adc.c.obj
 .text.LL_ADC_GetOffsetChannel
                0x08000c94       0x2c cmake/stm32cubemx/CMakeFiles/STM32_Drivers.dir/__/__/Drivers/STM32G4xx_HAL_Driver/Src/stm32g4xx_hal_adc.c.obj
 .text.LL_ADC_SetOffsetState
                0x08000cc0       0x36 cmake/stm32cubemx/CMakeFiles/STM32_Drivers.dir/__/__/Drivers/STM32G4xx_HAL_Driver/Src/stm32g4xx_hal_adc.c.obj
 .text.LL_ADC_SetOffsetSign
                0x08000cf6       0x36 cmake/stm32cubemx/CMakeFiles/STM32_Drivers.dir/__/__/Drivers/STM32G4xx_HAL_Driver/Src/stm32g4xx_hal_adc.c.obj
 .text.LL_ADC_SetOffsetSaturation
                0x08000d2c       0x36 cmake/stm32cubemx/CMakeFiles/STM32_Drivers.dir/__/__/Drivers/STM32G4xx_HAL_Driver/Src/stm32g4xx_hal_adc.c.obj
 .text.LL_ADC_SetSamplingTimeCommonConfig
                0x08000d62       0x26 cmake/stm32cubemx/CMakeFiles/STM32_Drivers.dir/__/__/Drivers/STM32G4xx_HAL_Driver/Src/stm32g4xx_hal_adc.c.obj
 .text.LL_ADC_REG_IsTriggerSourceSWStart
                0x08000d88       0x26 cmake/stm32cubemx/CMakeFiles/STM32_Drivers.dir/__/__/Drivers/STM32G4xx_HAL_Driver/Src/stm32g4xx_hal_adc.c.obj
 .text.LL_ADC_REG_SetSequencerRanks
                0x08000dae       0x58 cmake/stm32cubemx/CMakeFiles/STM32_Drivers.dir/__/__/Drivers/STM32G4xx_HAL_Driver/Src/stm32g4xx_hal_adc.c.obj
 .text.LL_ADC_INJ_IsTriggerSourceSWStart
                0x08000e06       0x26 cmake/stm32cubemx/CMakeFiles/STM32_Drivers.dir/__/__/Drivers/STM32G4xx_HAL_Driver/Src/stm32g4xx_hal_adc.c.obj
 .text.LL_ADC_SetChannelSamplingTime
                0x08000e2c       0x56 cmake/stm32cubemx/CMakeFiles/STM32_Drivers.dir/__/__/Drivers/STM32G4xx_HAL_Driver/Src/stm32g4xx_hal_adc.c.obj
 *fill*         0x08000e82        0x2 
 .text.LL_ADC_SetChannelSingleDiff
                0x08000e84       0x48 cmake/stm32cubemx/CMakeFiles/STM32_Drivers.dir/__/__/Drivers/STM32G4xx_HAL_Driver/Src/stm32g4xx_hal_adc.c.obj
 .text.LL_ADC_GetMultimode
                0x08000ecc       0x1c cmake/stm32cubemx/CMakeFiles/STM32_Drivers.dir/__/__/Drivers/STM32G4xx_HAL_Driver/Src/stm32g4xx_hal_adc.c.obj
 .text.LL_ADC_GetMultiDMATransfer
                0x08000ee8       0x1c cmake/stm32cubemx/CMakeFiles/STM32_Drivers.dir/__/__/Drivers/STM32G4xx_HAL_Driver/Src/stm32g4xx_hal_adc.c.obj
 .text.LL_ADC_DisableDeepPowerDown
                0x08000f04       0x24 cmake/stm32cubemx/CMakeFiles/STM32_Drivers.dir/__/__/Drivers/STM32G4xx_HAL_Driver/Src/stm32g4xx_hal_adc.c.obj
 .text.LL_ADC_IsDeepPowerDownEnabled
                0x08000f28       0x28 cmake/stm32cubemx/CMakeFiles/STM32_Drivers.dir/__/__/Drivers/STM32G4xx_HAL_Driver/Src/stm32g4xx_hal_adc.c.obj
 .text.LL_ADC_EnableInternalRegulator
                0x08000f50       0x28 cmake/stm32cubemx/CMakeFiles/STM32_Drivers.dir/__/__/Drivers/STM32G4xx_HAL_Driver/Src/stm32g4xx_hal_adc.c.obj
 .text.LL_ADC_IsInternalRegulatorEnabled
                0x08000f78       0x28 cmake/stm32cubemx/CMakeFiles/STM32_Drivers.dir/__/__/Drivers/STM32G4xx_HAL_Driver/Src/stm32g4xx_hal_adc.c.obj
 .text.LL_ADC_Enable
                0x08000fa0       0x28 cmake/stm32cubemx/CMakeFiles/STM32_Drivers.dir/__/__/Drivers/STM32G4xx_HAL_Driver/Src/stm32g4xx_hal_adc.c.obj
 .text.LL_ADC_Disable
                0x08000fc8       0x28 cmake/stm32cubemx/CMakeFiles/STM32_Drivers.dir/__/__/Drivers/STM32G4xx_HAL_Driver/Src/stm32g4xx_hal_adc.c.obj
 .text.LL_ADC_IsEnabled
                0x08000ff0       0x26 cmake/stm32cubemx/CMakeFiles/STM32_Drivers.dir/__/__/Drivers/STM32G4xx_HAL_Driver/Src/stm32g4xx_hal_adc.c.obj
 .text.LL_ADC_IsDisableOngoing
                0x08001016       0x26 cmake/stm32cubemx/CMakeFiles/STM32_Drivers.dir/__/__/Drivers/STM32G4xx_HAL_Driver/Src/stm32g4xx_hal_adc.c.obj
 .text.LL_ADC_REG_StartConversion
                0x0800103c       0x28 cmake/stm32cubemx/CMakeFiles/STM32_Drivers.dir/__/__/Drivers/STM32G4xx_HAL_Driver/Src/stm32g4xx_hal_adc.c.obj
 .text.LL_ADC_REG_IsConversionOngoing
                0x08001064       0x26 cmake/stm32cubemx/CMakeFiles/STM32_Drivers.dir/__/__/Drivers/STM32G4xx_HAL_Driver/Src/stm32g4xx_hal_adc.c.obj
 .text.LL_ADC_INJ_IsConversionOngoing
                0x0800108a       0x26 cmake/stm32cubemx/CMakeFiles/STM32_Drivers.dir/__/__/Drivers/STM32G4xx_HAL_Driver/Src/stm32g4xx_hal_adc.c.obj
 .text.HAL_ADC_Init
                0x080010b0      0x378 cmake/stm32cubemx/CMakeFiles/STM32_Drivers.dir/__/__/Drivers/STM32G4xx_HAL_Driver/Src/stm32g4xx_hal_adc.c.obj
                0x080010b0                HAL_ADC_Init
 .text.HAL_ADC_Start_DMA
                0x08001428      0x1a8 cmake/stm32cubemx/CMakeFiles/STM32_Drivers.dir/__/__/Drivers/STM32G4xx_HAL_Driver/Src/stm32g4xx_hal_adc.c.obj
                0x08001428                HAL_ADC_Start_DMA
 .text.HAL_ADC_IRQHandler
                0x080015d0      0x4c0 cmake/stm32cubemx/CMakeFiles/STM32_Drivers.dir/__/__/Drivers/STM32G4xx_HAL_Driver/Src/stm32g4xx_hal_adc.c.obj
                0x080015d0                HAL_ADC_IRQHandler
 .text.HAL_ADC_ConvCpltCallback
                0x08001a90       0x14 cmake/stm32cubemx/CMakeFiles/STM32_Drivers.dir/__/__/Drivers/STM32G4xx_HAL_Driver/Src/stm32g4xx_hal_adc.c.obj
                0x08001a90                HAL_ADC_ConvCpltCallback
 .text.HAL_ADC_ConvHalfCpltCallback
                0x08001aa4       0x14 cmake/stm32cubemx/CMakeFiles/STM32_Drivers.dir/__/__/Drivers/STM32G4xx_HAL_Driver/Src/stm32g4xx_hal_adc.c.obj
                0x08001aa4                HAL_ADC_ConvHalfCpltCallback
 .text.HAL_ADC_LevelOutOfWindowCallback
                0x08001ab8       0x14 cmake/stm32cubemx/CMakeFiles/STM32_Drivers.dir/__/__/Drivers/STM32G4xx_HAL_Driver/Src/stm32g4xx_hal_adc.c.obj
                0x08001ab8                HAL_ADC_LevelOutOfWindowCallback
 .text.HAL_ADC_ErrorCallback
                0x08001acc       0x14 cmake/stm32cubemx/CMakeFiles/STM32_Drivers.dir/__/__/Drivers/STM32G4xx_HAL_Driver/Src/stm32g4xx_hal_adc.c.obj
                0x08001acc                HAL_ADC_ErrorCallback
 .text.HAL_ADC_ConfigChannel
                0x08001ae0      0x880 cmake/stm32cubemx/CMakeFiles/STM32_Drivers.dir/__/__/Drivers/STM32G4xx_HAL_Driver/Src/stm32g4xx_hal_adc.c.obj
                0x08001ae0                HAL_ADC_ConfigChannel
 .text.ADC_Enable
                0x08002360      0x12c cmake/stm32cubemx/CMakeFiles/STM32_Drivers.dir/__/__/Drivers/STM32G4xx_HAL_Driver/Src/stm32g4xx_hal_adc.c.obj
                0x08002360                ADC_Enable
 .text.ADC_Disable
                0x0800248c       0xbe cmake/stm32cubemx/CMakeFiles/STM32_Drivers.dir/__/__/Drivers/STM32G4xx_HAL_Driver/Src/stm32g4xx_hal_adc.c.obj
                0x0800248c                ADC_Disable
 .text.ADC_DMAConvCplt
                0x0800254a       0xd8 cmake/stm32cubemx/CMakeFiles/STM32_Drivers.dir/__/__/Drivers/STM32G4xx_HAL_Driver/Src/stm32g4xx_hal_adc.c.obj
                0x0800254a                ADC_DMAConvCplt
 .text.ADC_DMAHalfConvCplt
                0x08002622       0x1c cmake/stm32cubemx/CMakeFiles/STM32_Drivers.dir/__/__/Drivers/STM32G4xx_HAL_Driver/Src/stm32g4xx_hal_adc.c.obj
                0x08002622                ADC_DMAHalfConvCplt
 .text.ADC_DMAError
                0x0800263e       0x34 cmake/stm32cubemx/CMakeFiles/STM32_Drivers.dir/__/__/Drivers/STM32G4xx_HAL_Driver/Src/stm32g4xx_hal_adc.c.obj
                0x0800263e                ADC_DMAError
 .text.LL_ADC_IsEnabled
                0x08002672       0x26 cmake/stm32cubemx/CMakeFiles/STM32_Drivers.dir/__/__/Drivers/STM32G4xx_HAL_Driver/Src/stm32g4xx_hal_adc_ex.c.obj
 .text.LL_ADC_StartCalibration
                0x08002698       0x32 cmake/stm32cubemx/CMakeFiles/STM32_Drivers.dir/__/__/Drivers/STM32G4xx_HAL_Driver/Src/stm32g4xx_hal_adc_ex.c.obj
 .text.LL_ADC_IsCalibrationOnGoing
                0x080026ca       0x28 cmake/stm32cubemx/CMakeFiles/STM32_Drivers.dir/__/__/Drivers/STM32G4xx_HAL_Driver/Src/stm32g4xx_hal_adc_ex.c.obj
 .text.LL_ADC_REG_IsConversionOngoing
                0x080026f2       0x26 cmake/stm32cubemx/CMakeFiles/STM32_Drivers.dir/__/__/Drivers/STM32G4xx_HAL_Driver/Src/stm32g4xx_hal_adc_ex.c.obj
 .text.HAL_ADCEx_Calibration_Start
                0x08002718       0xc4 cmake/stm32cubemx/CMakeFiles/STM32_Drivers.dir/__/__/Drivers/STM32G4xx_HAL_Driver/Src/stm32g4xx_hal_adc_ex.c.obj
                0x08002718                HAL_ADCEx_Calibration_Start
 .text.HAL_ADCEx_InjectedConvCpltCallback
                0x080027dc       0x14 cmake/stm32cubemx/CMakeFiles/STM32_Drivers.dir/__/__/Drivers/STM32G4xx_HAL_Driver/Src/stm32g4xx_hal_adc_ex.c.obj
                0x080027dc                HAL_ADCEx_InjectedConvCpltCallback
 .text.HAL_ADCEx_InjectedQueueOverflowCallback
                0x080027f0       0x14 cmake/stm32cubemx/CMakeFiles/STM32_Drivers.dir/__/__/Drivers/STM32G4xx_HAL_Driver/Src/stm32g4xx_hal_adc_ex.c.obj
                0x080027f0                HAL_ADCEx_InjectedQueueOverflowCallback
 .text.HAL_ADCEx_LevelOutOfWindow2Callback
                0x08002804       0x14 cmake/stm32cubemx/CMakeFiles/STM32_Drivers.dir/__/__/Drivers/STM32G4xx_HAL_Driver/Src/stm32g4xx_hal_adc_ex.c.obj
                0x08002804                HAL_ADCEx_LevelOutOfWindow2Callback
 .text.HAL_ADCEx_LevelOutOfWindow3Callback
                0x08002818       0x14 cmake/stm32cubemx/CMakeFiles/STM32_Drivers.dir/__/__/Drivers/STM32G4xx_HAL_Driver/Src/stm32g4xx_hal_adc_ex.c.obj
                0x08002818                HAL_ADCEx_LevelOutOfWindow3Callback
 .text.HAL_ADCEx_EndOfSamplingCallback
                0x0800282c       0x14 cmake/stm32cubemx/CMakeFiles/STM32_Drivers.dir/__/__/Drivers/STM32G4xx_HAL_Driver/Src/stm32g4xx_hal_adc_ex.c.obj
                0x0800282c                HAL_ADCEx_EndOfSamplingCallback
 .text.HAL_ADCEx_MultiModeConfigChannel
                0x08002840      0x210 cmake/stm32cubemx/CMakeFiles/STM32_Drivers.dir/__/__/Drivers/STM32G4xx_HAL_Driver/Src/stm32g4xx_hal_adc_ex.c.obj
                0x08002840                HAL_ADCEx_MultiModeConfigChannel
 .text.HAL_Init
                0x08002a50       0x30 cmake/stm32cubemx/CMakeFiles/STM32_Drivers.dir/__/__/Drivers/STM32G4xx_HAL_Driver/Src/stm32g4xx_hal.c.obj
                0x08002a50                HAL_Init
 .text.HAL_InitTick
                0x08002a80       0x74 cmake/stm32cubemx/CMakeFiles/STM32_Drivers.dir/__/__/Drivers/STM32G4xx_HAL_Driver/Src/stm32g4xx_hal.c.obj
                0x08002a80                HAL_InitTick
 .text.HAL_IncTick
                0x08002af4       0x24 cmake/stm32cubemx/CMakeFiles/STM32_Drivers.dir/__/__/Drivers/STM32G4xx_HAL_Driver/Src/stm32g4xx_hal.c.obj
                0x08002af4                HAL_IncTick
 .text.HAL_GetTick
                0x08002b18       0x18 cmake/stm32cubemx/CMakeFiles/STM32_Drivers.dir/__/__/Drivers/STM32G4xx_HAL_Driver/Src/stm32g4xx_hal.c.obj
                0x08002b18                HAL_GetTick
 .text.HAL_Delay
                0x08002b30       0x44 cmake/stm32cubemx/CMakeFiles/STM32_Drivers.dir/__/__/Drivers/STM32G4xx_HAL_Driver/Src/stm32g4xx_hal.c.obj
                0x08002b30                HAL_Delay
 .text.HAL_RCC_OscConfig
                0x08002b74      0x624 cmake/stm32cubemx/CMakeFiles/STM32_Drivers.dir/__/__/Drivers/STM32G4xx_HAL_Driver/Src/stm32g4xx_hal_rcc.c.obj
                0x08002b74                HAL_RCC_OscConfig
 .text.HAL_RCC_ClockConfig
                0x08003198      0x278 cmake/stm32cubemx/CMakeFiles/STM32_Drivers.dir/__/__/Drivers/STM32G4xx_HAL_Driver/Src/stm32g4xx_hal_rcc.c.obj
                0x08003198                HAL_RCC_ClockConfig
 .text.HAL_RCC_GetSysClockFreq
                0x08003410       0xc4 cmake/stm32cubemx/CMakeFiles/STM32_Drivers.dir/__/__/Drivers/STM32G4xx_HAL_Driver/Src/stm32g4xx_hal_rcc.c.obj
                0x08003410                HAL_RCC_GetSysClockFreq
 .text.RCC_GetSysClockFreqFromPLLSource
                0x080034d4       0x8c cmake/stm32cubemx/CMakeFiles/STM32_Drivers.dir/__/__/Drivers/STM32G4xx_HAL_Driver/Src/stm32g4xx_hal_rcc.c.obj
 .text.HAL_RCCEx_PeriphCLKConfig
                0x08003560      0x49c cmake/stm32cubemx/CMakeFiles/STM32_Drivers.dir/__/__/Drivers/STM32G4xx_HAL_Driver/Src/stm32g4xx_hal_rcc_ex.c.obj
                0x08003560                HAL_RCCEx_PeriphCLKConfig
 .text.HAL_GPIO_Init
                0x080039fc      0x318 cmake/stm32cubemx/CMakeFiles/STM32_Drivers.dir/__/__/Drivers/STM32G4xx_HAL_Driver/Src/stm32g4xx_hal_gpio.c.obj
                0x080039fc                HAL_GPIO_Init
 .text.HAL_GPIO_ReadPin
                0x08003d14       0x30 cmake/stm32cubemx/CMakeFiles/STM32_Drivers.dir/__/__/Drivers/STM32G4xx_HAL_Driver/Src/stm32g4xx_hal_gpio.c.obj
                0x08003d14                HAL_GPIO_ReadPin
 .text.HAL_GPIO_WritePin
                0x08003d44       0x30 cmake/stm32cubemx/CMakeFiles/STM32_Drivers.dir/__/__/Drivers/STM32G4xx_HAL_Driver/Src/stm32g4xx_hal_gpio.c.obj
                0x08003d44                HAL_GPIO_WritePin
 .text.HAL_GPIO_EXTI_IRQHandler
                0x08003d74       0x30 cmake/stm32cubemx/CMakeFiles/STM32_Drivers.dir/__/__/Drivers/STM32G4xx_HAL_Driver/Src/stm32g4xx_hal_gpio.c.obj
                0x08003d74                HAL_GPIO_EXTI_IRQHandler
 .text.HAL_DMA_Init
                0x08003da4      0x150 cmake/stm32cubemx/CMakeFiles/STM32_Drivers.dir/__/__/Drivers/STM32G4xx_HAL_Driver/Src/stm32g4xx_hal_dma.c.obj
                0x08003da4                HAL_DMA_Init
 .text.HAL_DMA_Start_IT
                0x08003ef4       0xf6 cmake/stm32cubemx/CMakeFiles/STM32_Drivers.dir/__/__/Drivers/STM32G4xx_HAL_Driver/Src/stm32g4xx_hal_dma.c.obj
                0x08003ef4                HAL_DMA_Start_IT
 .text.HAL_DMA_IRQHandler
                0x08003fea      0x15e cmake/stm32cubemx/CMakeFiles/STM32_Drivers.dir/__/__/Drivers/STM32G4xx_HAL_Driver/Src/stm32g4xx_hal_dma.c.obj
                0x08003fea                HAL_DMA_IRQHandler
 .text.DMA_SetConfig
                0x08004148       0x7c cmake/stm32cubemx/CMakeFiles/STM32_Drivers.dir/__/__/Drivers/STM32G4xx_HAL_Driver/Src/stm32g4xx_hal_dma.c.obj
 .text.DMA_CalcDMAMUXChannelBaseAndMask
                0x080041c4       0x90 cmake/stm32cubemx/CMakeFiles/STM32_Drivers.dir/__/__/Drivers/STM32G4xx_HAL_Driver/Src/stm32g4xx_hal_dma.c.obj
 .text.DMA_CalcDMAMUXRequestGenBaseAndMask
                0x08004254       0x4c cmake/stm32cubemx/CMakeFiles/STM32_Drivers.dir/__/__/Drivers/STM32G4xx_HAL_Driver/Src/stm32g4xx_hal_dma.c.obj
 .text.HAL_PWREx_ControlVoltageScaling
                0x080042a0      0x148 cmake/stm32cubemx/CMakeFiles/STM32_Drivers.dir/__/__/Drivers/STM32G4xx_HAL_Driver/Src/stm32g4xx_hal_pwr_ex.c.obj
                0x080042a0                HAL_PWREx_ControlVoltageScaling
 .text.HAL_PWREx_DisableUCPDDeadBattery
                0x080043e8       0x20 cmake/stm32cubemx/CMakeFiles/STM32_Drivers.dir/__/__/Drivers/STM32G4xx_HAL_Driver/Src/stm32g4xx_hal_pwr_ex.c.obj
                0x080043e8                HAL_PWREx_DisableUCPDDeadBattery
 .text.__NVIC_SetPriorityGrouping
                0x08004408       0x48 cmake/stm32cubemx/CMakeFiles/STM32_Drivers.dir/__/__/Drivers/STM32G4xx_HAL_Driver/Src/stm32g4xx_hal_cortex.c.obj
 .text.__NVIC_GetPriorityGrouping
                0x08004450       0x1c cmake/stm32cubemx/CMakeFiles/STM32_Drivers.dir/__/__/Drivers/STM32G4xx_HAL_Driver/Src/stm32g4xx_hal_cortex.c.obj
 .text.__NVIC_EnableIRQ
                0x0800446c       0x3c cmake/stm32cubemx/CMakeFiles/STM32_Drivers.dir/__/__/Drivers/STM32G4xx_HAL_Driver/Src/stm32g4xx_hal_cortex.c.obj
 .text.__NVIC_SetPriority
                0x080044a8       0x54 cmake/stm32cubemx/CMakeFiles/STM32_Drivers.dir/__/__/Drivers/STM32G4xx_HAL_Driver/Src/stm32g4xx_hal_cortex.c.obj
 .text.NVIC_EncodePriority
                0x080044fc       0x66 cmake/stm32cubemx/CMakeFiles/STM32_Drivers.dir/__/__/Drivers/STM32G4xx_HAL_Driver/Src/stm32g4xx_hal_cortex.c.obj
 *fill*         0x08004562        0x2 
 .text.SysTick_Config
                0x08004564       0x44 cmake/stm32cubemx/CMakeFiles/STM32_Drivers.dir/__/__/Drivers/STM32G4xx_HAL_Driver/Src/stm32g4xx_hal_cortex.c.obj
 .text.HAL_NVIC_SetPriorityGrouping
                0x080045a8       0x16 cmake/stm32cubemx/CMakeFiles/STM32_Drivers.dir/__/__/Drivers/STM32G4xx_HAL_Driver/Src/stm32g4xx_hal_cortex.c.obj
                0x080045a8                HAL_NVIC_SetPriorityGrouping
 .text.HAL_NVIC_SetPriority
                0x080045be       0x34 cmake/stm32cubemx/CMakeFiles/STM32_Drivers.dir/__/__/Drivers/STM32G4xx_HAL_Driver/Src/stm32g4xx_hal_cortex.c.obj
                0x080045be                HAL_NVIC_SetPriority
 .text.HAL_NVIC_EnableIRQ
                0x080045f2       0x1c cmake/stm32cubemx/CMakeFiles/STM32_Drivers.dir/__/__/Drivers/STM32G4xx_HAL_Driver/Src/stm32g4xx_hal_cortex.c.obj
                0x080045f2                HAL_NVIC_EnableIRQ
 .text.HAL_SYSTICK_Config
                0x0800460e       0x18 cmake/stm32cubemx/CMakeFiles/STM32_Drivers.dir/__/__/Drivers/STM32G4xx_HAL_Driver/Src/stm32g4xx_hal_cortex.c.obj
                0x0800460e                HAL_SYSTICK_Config
 *fill*         0x08004626        0x2 
 .text.HAL_HRTIM_Init
                0x08004628      0x1a0 cmake/stm32cubemx/CMakeFiles/STM32_Drivers.dir/__/__/Drivers/STM32G4xx_HAL_Driver/Src/stm32g4xx_hal_hrtim.c.obj
                0x08004628                HAL_HRTIM_Init
 .text.HAL_HRTIM_DLLCalibrationStart
                0x080047c8       0xb0 cmake/stm32cubemx/CMakeFiles/STM32_Drivers.dir/__/__/Drivers/STM32G4xx_HAL_Driver/Src/stm32g4xx_hal_hrtim.c.obj
                0x080047c8                HAL_HRTIM_DLLCalibrationStart
 .text.HAL_HRTIM_PollForDLLCalibration
                0x08004878       0x68 cmake/stm32cubemx/CMakeFiles/STM32_Drivers.dir/__/__/Drivers/STM32G4xx_HAL_Driver/Src/stm32g4xx_hal_hrtim.c.obj
                0x08004878                HAL_HRTIM_PollForDLLCalibration
 .text.HAL_HRTIM_TimeBaseConfig
                0x080048e0       0x50 cmake/stm32cubemx/CMakeFiles/STM32_Drivers.dir/__/__/Drivers/STM32G4xx_HAL_Driver/Src/stm32g4xx_hal_hrtim.c.obj
                0x080048e0                HAL_HRTIM_TimeBaseConfig
 .text.HAL_HRTIM_WaveformTimerConfig
                0x08004930      0x11a cmake/stm32cubemx/CMakeFiles/STM32_Drivers.dir/__/__/Drivers/STM32G4xx_HAL_Driver/Src/stm32g4xx_hal_hrtim.c.obj
                0x08004930                HAL_HRTIM_WaveformTimerConfig
 .text.HAL_HRTIM_WaveformTimerControl
                0x08004a4a       0x5e cmake/stm32cubemx/CMakeFiles/STM32_Drivers.dir/__/__/Drivers/STM32G4xx_HAL_Driver/Src/stm32g4xx_hal_hrtim.c.obj
                0x08004a4a                HAL_HRTIM_WaveformTimerControl
 .text.HAL_HRTIM_DeadTimeConfig
                0x08004aa8      0x100 cmake/stm32cubemx/CMakeFiles/STM32_Drivers.dir/__/__/Drivers/STM32G4xx_HAL_Driver/Src/stm32g4xx_hal_hrtim.c.obj
                0x08004aa8                HAL_HRTIM_DeadTimeConfig
 .text.HAL_HRTIM_WaveformCompareConfig
                0x08004ba8      0x2dc cmake/stm32cubemx/CMakeFiles/STM32_Drivers.dir/__/__/Drivers/STM32G4xx_HAL_Driver/Src/stm32g4xx_hal_hrtim.c.obj
                0x08004ba8                HAL_HRTIM_WaveformCompareConfig
 .text.HAL_HRTIM_WaveformOutputConfig
                0x08004e84       0x62 cmake/stm32cubemx/CMakeFiles/STM32_Drivers.dir/__/__/Drivers/STM32G4xx_HAL_Driver/Src/stm32g4xx_hal_hrtim.c.obj
                0x08004e84                HAL_HRTIM_WaveformOutputConfig
 .text.HAL_HRTIM_WaveformOutputStart
                0x08004ee6       0x5a cmake/stm32cubemx/CMakeFiles/STM32_Drivers.dir/__/__/Drivers/STM32G4xx_HAL_Driver/Src/stm32g4xx_hal_hrtim.c.obj
                0x08004ee6                HAL_HRTIM_WaveformOutputStart
 .text.HAL_HRTIM_WaveformCountStart
                0x08004f40       0x56 cmake/stm32cubemx/CMakeFiles/STM32_Drivers.dir/__/__/Drivers/STM32G4xx_HAL_Driver/Src/stm32g4xx_hal_hrtim.c.obj
                0x08004f40                HAL_HRTIM_WaveformCountStart
 .text.HAL_HRTIM_IRQHandler
                0x08004f96       0x36 cmake/stm32cubemx/CMakeFiles/STM32_Drivers.dir/__/__/Drivers/STM32G4xx_HAL_Driver/Src/stm32g4xx_hal_hrtim.c.obj
                0x08004f96                HAL_HRTIM_IRQHandler
 .text.HAL_HRTIM_Fault1Callback
                0x08004fcc       0x14 cmake/stm32cubemx/CMakeFiles/STM32_Drivers.dir/__/__/Drivers/STM32G4xx_HAL_Driver/Src/stm32g4xx_hal_hrtim.c.obj
                0x08004fcc                HAL_HRTIM_Fault1Callback
 .text.HAL_HRTIM_Fault2Callback
                0x08004fe0       0x14 cmake/stm32cubemx/CMakeFiles/STM32_Drivers.dir/__/__/Drivers/STM32G4xx_HAL_Driver/Src/stm32g4xx_hal_hrtim.c.obj
                0x08004fe0                HAL_HRTIM_Fault2Callback
 .text.HAL_HRTIM_Fault3Callback
                0x08004ff4       0x14 cmake/stm32cubemx/CMakeFiles/STM32_Drivers.dir/__/__/Drivers/STM32G4xx_HAL_Driver/Src/stm32g4xx_hal_hrtim.c.obj
                0x08004ff4                HAL_HRTIM_Fault3Callback
 .text.HAL_HRTIM_Fault4Callback
                0x08005008       0x14 cmake/stm32cubemx/CMakeFiles/STM32_Drivers.dir/__/__/Drivers/STM32G4xx_HAL_Driver/Src/stm32g4xx_hal_hrtim.c.obj
                0x08005008                HAL_HRTIM_Fault4Callback
 .text.HAL_HRTIM_Fault5Callback
                0x0800501c       0x14 cmake/stm32cubemx/CMakeFiles/STM32_Drivers.dir/__/__/Drivers/STM32G4xx_HAL_Driver/Src/stm32g4xx_hal_hrtim.c.obj
                0x0800501c                HAL_HRTIM_Fault5Callback
 .text.HAL_HRTIM_Fault6Callback
                0x08005030       0x14 cmake/stm32cubemx/CMakeFiles/STM32_Drivers.dir/__/__/Drivers/STM32G4xx_HAL_Driver/Src/stm32g4xx_hal_hrtim.c.obj
                0x08005030                HAL_HRTIM_Fault6Callback
 .text.HAL_HRTIM_SystemFaultCallback
                0x08005044       0x14 cmake/stm32cubemx/CMakeFiles/STM32_Drivers.dir/__/__/Drivers/STM32G4xx_HAL_Driver/Src/stm32g4xx_hal_hrtim.c.obj
                0x08005044                HAL_HRTIM_SystemFaultCallback
 .text.HAL_HRTIM_DLLCalibrationReadyCallback
                0x08005058       0x14 cmake/stm32cubemx/CMakeFiles/STM32_Drivers.dir/__/__/Drivers/STM32G4xx_HAL_Driver/Src/stm32g4xx_hal_hrtim.c.obj
                0x08005058                HAL_HRTIM_DLLCalibrationReadyCallback
 .text.HAL_HRTIM_BurstModePeriodCallback
                0x0800506c       0x14 cmake/stm32cubemx/CMakeFiles/STM32_Drivers.dir/__/__/Drivers/STM32G4xx_HAL_Driver/Src/stm32g4xx_hal_hrtim.c.obj
                0x0800506c                HAL_HRTIM_BurstModePeriodCallback
 .text.HAL_HRTIM_SynchronizationEventCallback
                0x08005080       0x14 cmake/stm32cubemx/CMakeFiles/STM32_Drivers.dir/__/__/Drivers/STM32G4xx_HAL_Driver/Src/stm32g4xx_hal_hrtim.c.obj
                0x08005080                HAL_HRTIM_SynchronizationEventCallback
 .text.HAL_HRTIM_RepetitionEventCallback
                0x08005094       0x16 cmake/stm32cubemx/CMakeFiles/STM32_Drivers.dir/__/__/Drivers/STM32G4xx_HAL_Driver/Src/stm32g4xx_hal_hrtim.c.obj
                0x08005094                HAL_HRTIM_RepetitionEventCallback
 .text.HAL_HRTIM_Compare1EventCallback
                0x080050aa       0x16 cmake/stm32cubemx/CMakeFiles/STM32_Drivers.dir/__/__/Drivers/STM32G4xx_HAL_Driver/Src/stm32g4xx_hal_hrtim.c.obj
                0x080050aa                HAL_HRTIM_Compare1EventCallback
 .text.HAL_HRTIM_Compare2EventCallback
                0x080050c0       0x16 cmake/stm32cubemx/CMakeFiles/STM32_Drivers.dir/__/__/Drivers/STM32G4xx_HAL_Driver/Src/stm32g4xx_hal_hrtim.c.obj
                0x080050c0                HAL_HRTIM_Compare2EventCallback
 .text.HAL_HRTIM_Compare3EventCallback
                0x080050d6       0x16 cmake/stm32cubemx/CMakeFiles/STM32_Drivers.dir/__/__/Drivers/STM32G4xx_HAL_Driver/Src/stm32g4xx_hal_hrtim.c.obj
                0x080050d6                HAL_HRTIM_Compare3EventCallback
 .text.HAL_HRTIM_Compare4EventCallback
                0x080050ec       0x16 cmake/stm32cubemx/CMakeFiles/STM32_Drivers.dir/__/__/Drivers/STM32G4xx_HAL_Driver/Src/stm32g4xx_hal_hrtim.c.obj
                0x080050ec                HAL_HRTIM_Compare4EventCallback
 .text.HAL_HRTIM_Capture1EventCallback
                0x08005102       0x16 cmake/stm32cubemx/CMakeFiles/STM32_Drivers.dir/__/__/Drivers/STM32G4xx_HAL_Driver/Src/stm32g4xx_hal_hrtim.c.obj
                0x08005102                HAL_HRTIM_Capture1EventCallback
 .text.HAL_HRTIM_Capture2EventCallback
                0x08005118       0x16 cmake/stm32cubemx/CMakeFiles/STM32_Drivers.dir/__/__/Drivers/STM32G4xx_HAL_Driver/Src/stm32g4xx_hal_hrtim.c.obj
                0x08005118                HAL_HRTIM_Capture2EventCallback
 .text.HAL_HRTIM_DelayedProtectionCallback
                0x0800512e       0x16 cmake/stm32cubemx/CMakeFiles/STM32_Drivers.dir/__/__/Drivers/STM32G4xx_HAL_Driver/Src/stm32g4xx_hal_hrtim.c.obj
                0x0800512e                HAL_HRTIM_DelayedProtectionCallback
 .text.HAL_HRTIM_CounterResetCallback
                0x08005144       0x16 cmake/stm32cubemx/CMakeFiles/STM32_Drivers.dir/__/__/Drivers/STM32G4xx_HAL_Driver/Src/stm32g4xx_hal_hrtim.c.obj
                0x08005144                HAL_HRTIM_CounterResetCallback
 .text.HAL_HRTIM_Output1SetCallback
                0x0800515a       0x16 cmake/stm32cubemx/CMakeFiles/STM32_Drivers.dir/__/__/Drivers/STM32G4xx_HAL_Driver/Src/stm32g4xx_hal_hrtim.c.obj
                0x0800515a                HAL_HRTIM_Output1SetCallback
 .text.HAL_HRTIM_Output1ResetCallback
                0x08005170       0x16 cmake/stm32cubemx/CMakeFiles/STM32_Drivers.dir/__/__/Drivers/STM32G4xx_HAL_Driver/Src/stm32g4xx_hal_hrtim.c.obj
                0x08005170                HAL_HRTIM_Output1ResetCallback
 .text.HAL_HRTIM_Output2SetCallback
                0x08005186       0x16 cmake/stm32cubemx/CMakeFiles/STM32_Drivers.dir/__/__/Drivers/STM32G4xx_HAL_Driver/Src/stm32g4xx_hal_hrtim.c.obj
                0x08005186                HAL_HRTIM_Output2SetCallback
 .text.HAL_HRTIM_Output2ResetCallback
                0x0800519c       0x16 cmake/stm32cubemx/CMakeFiles/STM32_Drivers.dir/__/__/Drivers/STM32G4xx_HAL_Driver/Src/stm32g4xx_hal_hrtim.c.obj
                0x0800519c                HAL_HRTIM_Output2ResetCallback
 .text.HRTIM_MasterBase_Config
                0x080051b2       0x5e cmake/stm32cubemx/CMakeFiles/STM32_Drivers.dir/__/__/Drivers/STM32G4xx_HAL_Driver/Src/stm32g4xx_hal_hrtim.c.obj
 .text.HRTIM_TimingUnitBase_Config
                0x08005210       0x80 cmake/stm32cubemx/CMakeFiles/STM32_Drivers.dir/__/__/Drivers/STM32G4xx_HAL_Driver/Src/stm32g4xx_hal_hrtim.c.obj
 .text.HRTIM_MasterWaveform_Config
                0x08005290      0x13a cmake/stm32cubemx/CMakeFiles/STM32_Drivers.dir/__/__/Drivers/STM32G4xx_HAL_Driver/Src/stm32g4xx_hal_hrtim.c.obj
 *fill*         0x080053ca        0x2 
 .text.HRTIM_TimingUnitWaveform_Config
                0x080053cc      0x314 cmake/stm32cubemx/CMakeFiles/STM32_Drivers.dir/__/__/Drivers/STM32G4xx_HAL_Driver/Src/stm32g4xx_hal_hrtim.c.obj
 .text.HRTIM_TimingUnitWaveform_Control
                0x080056e0       0xc0 cmake/stm32cubemx/CMakeFiles/STM32_Drivers.dir/__/__/Drivers/STM32G4xx_HAL_Driver/Src/stm32g4xx_hal_hrtim.c.obj
 .text.HRTIM_OutputConfig
                0x080057a0      0x1d0 cmake/stm32cubemx/CMakeFiles/STM32_Drivers.dir/__/__/Drivers/STM32G4xx_HAL_Driver/Src/stm32g4xx_hal_hrtim.c.obj
 .text.HRTIM_ForceRegistersUpdate
                0x08005970       0xdc cmake/stm32cubemx/CMakeFiles/STM32_Drivers.dir/__/__/Drivers/STM32G4xx_HAL_Driver/Src/stm32g4xx_hal_hrtim.c.obj
 .text.HRTIM_HRTIM_ISR
                0x08005a4c      0x120 cmake/stm32cubemx/CMakeFiles/STM32_Drivers.dir/__/__/Drivers/STM32G4xx_HAL_Driver/Src/stm32g4xx_hal_hrtim.c.obj
 .text.HRTIM_Master_ISR
                0x08005b6c      0x18a cmake/stm32cubemx/CMakeFiles/STM32_Drivers.dir/__/__/Drivers/STM32G4xx_HAL_Driver/Src/stm32g4xx_hal_hrtim.c.obj
 .text.HRTIM_Timer_ISR
                0x08005cf6      0x2aa cmake/stm32cubemx/CMakeFiles/STM32_Drivers.dir/__/__/Drivers/STM32G4xx_HAL_Driver/Src/stm32g4xx_hal_hrtim.c.obj
 .text.BUCK_CC_interface_head
                0x08005fa0       0x74 CMakeFiles/two_way_communication_DC_DC.dir/Core/Src/MY_OLED.c.obj
                0x08005fa0                BUCK_CC_interface_head
 .text.BUCK_CC_interface_main
                0x08006014       0x54 CMakeFiles/two_way_communication_DC_DC.dir/Core/Src/MY_OLED.c.obj
                0x08006014                BUCK_CC_interface_main
 .text.BUCK_CV_interface_head
                0x08006068       0x74 CMakeFiles/two_way_communication_DC_DC.dir/Core/Src/MY_OLED.c.obj
                0x08006068                BUCK_CV_interface_head
 .text.BUCK_CV_interface_main
                0x080060dc       0x54 CMakeFiles/two_way_communication_DC_DC.dir/Core/Src/MY_OLED.c.obj
                0x080060dc                BUCK_CV_interface_main
 .text.BOOST_CV_interface_head
                0x08006130       0x74 CMakeFiles/two_way_communication_DC_DC.dir/Core/Src/MY_OLED.c.obj
                0x08006130                BOOST_CV_interface_head
 .text.BOOST_CV_interface_main
                0x080061a4       0x54 CMakeFiles/two_way_communication_DC_DC.dir/Core/Src/MY_OLED.c.obj
                0x080061a4                BOOST_CV_interface_main
 .text.DeBug_interface_head
                0x080061f8       0x7c CMakeFiles/two_way_communication_DC_DC.dir/Core/Src/MY_OLED.c.obj
                0x080061f8                DeBug_interface_head
 .text.DeBug_interface_main
                0x08006274      0x17c CMakeFiles/two_way_communication_DC_DC.dir/Core/Src/MY_OLED.c.obj
                0x08006274                DeBug_interface_main
 .text.OLED_W_SCL
                0x080063f0       0x24 CMakeFiles/two_way_communication_DC_DC.dir/Core/Src/OLED.c.obj
                0x080063f0                OLED_W_SCL
 .text.OLED_W_SDA
                0x08006414       0x24 CMakeFiles/two_way_communication_DC_DC.dir/Core/Src/OLED.c.obj
                0x08006414                OLED_W_SDA
 .text.OLED_GPIO_Init
                0x08006438       0x88 CMakeFiles/two_way_communication_DC_DC.dir/Core/Src/OLED.c.obj
                0x08006438                OLED_GPIO_Init
 .text.OLED_I2C_Start
                0x080064c0       0x20 CMakeFiles/two_way_communication_DC_DC.dir/Core/Src/OLED.c.obj
                0x080064c0                OLED_I2C_Start
 .text.OLED_I2C_Stop
                0x080064e0       0x1a CMakeFiles/two_way_communication_DC_DC.dir/Core/Src/OLED.c.obj
                0x080064e0                OLED_I2C_Stop
 .text.OLED_I2C_SendByte
                0x080064fa       0x58 CMakeFiles/two_way_communication_DC_DC.dir/Core/Src/OLED.c.obj
                0x080064fa                OLED_I2C_SendByte
 .text.OLED_WriteCommand
                0x08006552       0x2e CMakeFiles/two_way_communication_DC_DC.dir/Core/Src/OLED.c.obj
                0x08006552                OLED_WriteCommand
 .text.OLED_WriteData
                0x08006580       0x4a CMakeFiles/two_way_communication_DC_DC.dir/Core/Src/OLED.c.obj
                0x08006580                OLED_WriteData
 .text.OLED_Init
                0x080065ca       0x9e CMakeFiles/two_way_communication_DC_DC.dir/Core/Src/OLED.c.obj
                0x080065ca                OLED_Init
 .text.OLED_SetCursor
                0x08006668       0x46 CMakeFiles/two_way_communication_DC_DC.dir/Core/Src/OLED.c.obj
                0x08006668                OLED_SetCursor
 .text.OLED_Pow
                0x080066ae       0x32 CMakeFiles/two_way_communication_DC_DC.dir/Core/Src/OLED.c.obj
                0x080066ae                OLED_Pow
 .text.OLED_Update
                0x080066e0       0x40 CMakeFiles/two_way_communication_DC_DC.dir/Core/Src/OLED.c.obj
                0x080066e0                OLED_Update
 .text.OLED_Clear
                0x08006720       0x50 CMakeFiles/two_way_communication_DC_DC.dir/Core/Src/OLED.c.obj
                0x08006720                OLED_Clear
 .text.OLED_ClearArea
                0x08006770       0xec CMakeFiles/two_way_communication_DC_DC.dir/Core/Src/OLED.c.obj
                0x08006770                OLED_ClearArea
 .text.OLED_ShowChar
                0x0800685c       0x7c CMakeFiles/two_way_communication_DC_DC.dir/Core/Src/OLED.c.obj
                0x0800685c                OLED_ShowChar
 .text.OLED_ShowString
                0x080068d8      0x284 CMakeFiles/two_way_communication_DC_DC.dir/Core/Src/OLED.c.obj
                0x080068d8                OLED_ShowString
 .text.OLED_ShowNum
                0x08006b5c       0x90 CMakeFiles/two_way_communication_DC_DC.dir/Core/Src/OLED.c.obj
                0x08006b5c                OLED_ShowNum
 .text.OLED_ShowFloatNum
                0x08006bec      0x15c CMakeFiles/two_way_communication_DC_DC.dir/Core/Src/OLED.c.obj
                0x08006bec                OLED_ShowFloatNum
 .text.OLED_ShowImage
                0x08006d48      0x1c8 CMakeFiles/two_way_communication_DC_DC.dir/Core/Src/OLED.c.obj
                0x08006d48                OLED_ShowImage
 .text.OLED_Printf
                0x08006f10       0x92 CMakeFiles/two_way_communication_DC_DC.dir/Core/Src/OLED.c.obj
                0x08006f10                OLED_Printf
 *fill*         0x08006fa2        0x2 
 .text.main     0x08006fa4      0x160 CMakeFiles/two_way_communication_DC_DC.dir/Core/Src/main.c.obj
                0x08006fa4                main
 .text.SystemClock_Config
                0x08007104       0x94 CMakeFiles/two_way_communication_DC_DC.dir/Core/Src/main.c.obj
                0x08007104                SystemClock_Config
 .text.BUCK_CC_init
                0x08007198       0xd0 CMakeFiles/two_way_communication_DC_DC.dir/Core/Src/main.c.obj
                0x08007198                BUCK_CC_init
 .text.BUCK_CV_init
                0x08007268       0xd0 CMakeFiles/two_way_communication_DC_DC.dir/Core/Src/main.c.obj
                0x08007268                BUCK_CV_init
 .text.BOOST_CV_init
                0x08007338       0xd0 CMakeFiles/two_way_communication_DC_DC.dir/Core/Src/main.c.obj
                0x08007338                BOOST_CV_init
 .text.software_start
                0x08007408       0x7c CMakeFiles/two_way_communication_DC_DC.dir/Core/Src/main.c.obj
                0x08007408                software_start
 .text.PID_Compute
                0x08007484      0x1f0 CMakeFiles/two_way_communication_DC_DC.dir/Core/Src/main.c.obj
                0x08007484                PID_Compute
 .text.HAL_HRTIM_RegistersUpdateCallback
                0x08007674      0x35c CMakeFiles/two_way_communication_DC_DC.dir/Core/Src/main.c.obj
                0x08007674                HAL_HRTIM_RegistersUpdateCallback
 .text.HAL_GPIO_EXTI_Callback
                0x080079d0      0x5c4 CMakeFiles/two_way_communication_DC_DC.dir/Core/Src/main.c.obj
                0x080079d0                HAL_GPIO_EXTI_Callback
 .text.Error_Handler
                0x08007f94        0xc CMakeFiles/two_way_communication_DC_DC.dir/Core/Src/main.c.obj
                0x08007f94                Error_Handler
 .text.MX_GPIO_Init
                0x08007fa0      0x124 CMakeFiles/two_way_communication_DC_DC.dir/Core/Src/gpio.c.obj
                0x08007fa0                MX_GPIO_Init
 .text.MX_ADC1_Init
                0x080080c4      0x150 CMakeFiles/two_way_communication_DC_DC.dir/Core/Src/adc.c.obj
                0x080080c4                MX_ADC1_Init
 .text.HAL_ADC_MspInit
                0x08008214      0x114 CMakeFiles/two_way_communication_DC_DC.dir/Core/Src/adc.c.obj
                0x08008214                HAL_ADC_MspInit
 .text.MX_DMA_Init
                0x08008328       0x54 CMakeFiles/two_way_communication_DC_DC.dir/Core/Src/dma.c.obj
                0x08008328                MX_DMA_Init
 .text.MX_HRTIM1_Init
                0x0800837c      0x284 CMakeFiles/two_way_communication_DC_DC.dir/Core/Src/hrtim.c.obj
                0x0800837c                MX_HRTIM1_Init
 .text.HAL_HRTIM_MspInit
                0x08008600       0x4c CMakeFiles/two_way_communication_DC_DC.dir/Core/Src/hrtim.c.obj
                0x08008600                HAL_HRTIM_MspInit
 .text.HAL_HRTIM_MspPostInit
                0x0800864c       0x70 CMakeFiles/two_way_communication_DC_DC.dir/Core/Src/hrtim.c.obj
                0x0800864c                HAL_HRTIM_MspPostInit
 .text.NMI_Handler
                0x080086bc        0x8 CMakeFiles/two_way_communication_DC_DC.dir/Core/Src/stm32g4xx_it.c.obj
                0x080086bc                NMI_Handler
 .text.HardFault_Handler
                0x080086c4        0x8 CMakeFiles/two_way_communication_DC_DC.dir/Core/Src/stm32g4xx_it.c.obj
                0x080086c4                HardFault_Handler
 .text.MemManage_Handler
                0x080086cc        0x8 CMakeFiles/two_way_communication_DC_DC.dir/Core/Src/stm32g4xx_it.c.obj
                0x080086cc                MemManage_Handler
 .text.BusFault_Handler
                0x080086d4        0x8 CMakeFiles/two_way_communication_DC_DC.dir/Core/Src/stm32g4xx_it.c.obj
                0x080086d4                BusFault_Handler
 .text.UsageFault_Handler
                0x080086dc        0x8 CMakeFiles/two_way_communication_DC_DC.dir/Core/Src/stm32g4xx_it.c.obj
                0x080086dc                UsageFault_Handler
 .text.SVC_Handler
                0x080086e4        0xe CMakeFiles/two_way_communication_DC_DC.dir/Core/Src/stm32g4xx_it.c.obj
                0x080086e4                SVC_Handler
 .text.DebugMon_Handler
                0x080086f2        0xe CMakeFiles/two_way_communication_DC_DC.dir/Core/Src/stm32g4xx_it.c.obj
                0x080086f2                DebugMon_Handler
 .text.PendSV_Handler
                0x08008700        0xe CMakeFiles/two_way_communication_DC_DC.dir/Core/Src/stm32g4xx_it.c.obj
                0x08008700                PendSV_Handler
 .text.SysTick_Handler
                0x0800870e        0xc CMakeFiles/two_way_communication_DC_DC.dir/Core/Src/stm32g4xx_it.c.obj
                0x0800870e                SysTick_Handler
 *fill*         0x0800871a        0x2 
 .text.DMA1_Channel1_IRQHandler
                0x0800871c       0x14 CMakeFiles/two_way_communication_DC_DC.dir/Core/Src/stm32g4xx_it.c.obj
                0x0800871c                DMA1_Channel1_IRQHandler
 .text.ADC1_2_IRQHandler
                0x08008730       0x14 CMakeFiles/two_way_communication_DC_DC.dir/Core/Src/stm32g4xx_it.c.obj
                0x08008730                ADC1_2_IRQHandler
 .text.EXTI9_5_IRQHandler
                0x08008744       0x16 CMakeFiles/two_way_communication_DC_DC.dir/Core/Src/stm32g4xx_it.c.obj
                0x08008744                EXTI9_5_IRQHandler
 .text.EXTI15_10_IRQHandler
                0x0800875a       0x20 CMakeFiles/two_way_communication_DC_DC.dir/Core/Src/stm32g4xx_it.c.obj
                0x0800875a                EXTI15_10_IRQHandler
 *fill*         0x0800877a        0x2 
 .text.HRTIM1_TIMA_IRQHandler
                0x0800877c       0x14 CMakeFiles/two_way_communication_DC_DC.dir/Core/Src/stm32g4xx_it.c.obj
                0x0800877c                HRTIM1_TIMA_IRQHandler
 .text.HAL_MspInit
                0x08008790       0x48 CMakeFiles/two_way_communication_DC_DC.dir/Core/Src/stm32g4xx_hal_msp.c.obj
                0x08008790                HAL_MspInit
 .text._sbrk    0x080087d8       0x6c CMakeFiles/two_way_communication_DC_DC.dir/Core/Src/sysmem.c.obj
                0x080087d8                _sbrk
 .text.Reset_Handler
                0x08008844       0x50 CMakeFiles/two_way_communication_DC_DC.dir/startup_stm32g474xx.s.obj
                0x08008844                Reset_Handler
 .text.Default_Handler
                0x08008894        0x2 CMakeFiles/two_way_communication_DC_DC.dir/startup_stm32g474xx.s.obj
                0x08008894                RTC_Alarm_IRQHandler
                0x08008894                EXTI2_IRQHandler
                0x08008894                TIM8_TRG_COM_IRQHandler
                0x08008894                TIM8_CC_IRQHandler
                0x08008894                HRTIM1_Master_IRQHandler
                0x08008894                SPI4_IRQHandler
                0x08008894                FDCAN3_IT0_IRQHandler
                0x08008894                TIM1_CC_IRQHandler
                0x08008894                HRTIM1_FLT_IRQHandler
                0x08008894                HRTIM1_TIMF_IRQHandler
                0x08008894                USB_HP_IRQHandler
                0x08008894                CORDIC_IRQHandler
                0x08008894                HRTIM1_TIMD_IRQHandler
                0x08008894                DMA2_Channel8_IRQHandler
                0x08008894                EXTI3_IRQHandler
                0x08008894                I2C3_ER_IRQHandler
                0x08008894                EXTI0_IRQHandler
                0x08008894                I2C2_EV_IRQHandler
                0x08008894                FPU_IRQHandler
                0x08008894                FDCAN1_IT1_IRQHandler
                0x08008894                TIM1_UP_TIM16_IRQHandler
                0x08008894                HRTIM1_TIME_IRQHandler
                0x08008894                SPI1_IRQHandler
                0x08008894                TIM6_DAC_IRQHandler
                0x08008894                HRTIM1_TIMC_IRQHandler
                0x08008894                TIM8_UP_IRQHandler
                0x08008894                DMA2_Channel2_IRQHandler
                0x08008894                DMA1_Channel4_IRQHandler
                0x08008894                TIM20_TRG_COM_IRQHandler
                0x08008894                USART3_IRQHandler
                0x08008894                DMA1_Channel7_IRQHandler
                0x08008894                UART5_IRQHandler
                0x08008894                ADC3_IRQHandler
                0x08008894                TIM4_IRQHandler
                0x08008894                DMA2_Channel1_IRQHandler
                0x08008894                QUADSPI_IRQHandler
                0x08008894                I2C1_EV_IRQHandler
                0x08008894                DMA1_Channel6_IRQHandler
                0x08008894                UART4_IRQHandler
                0x08008894                DMA2_Channel4_IRQHandler
                0x08008894                TIM3_IRQHandler
                0x08008894                RCC_IRQHandler
                0x08008894                TIM20_UP_IRQHandler
                0x08008894                Default_Handler
                0x08008894                DMA2_Channel7_IRQHandler
                0x08008894                RTC_TAMP_LSECSS_IRQHandler
                0x08008894                FMAC_IRQHandler
                0x08008894                DMA1_Channel8_IRQHandler
                0x08008894                TIM7_DAC_IRQHandler
                0x08008894                FDCAN3_IT1_IRQHandler
                0x08008894                TIM5_IRQHandler
                0x08008894                UCPD1_IRQHandler
                0x08008894                I2C3_EV_IRQHandler
                0x08008894                RTC_WKUP_IRQHandler
                0x08008894                PVD_PVM_IRQHandler
                0x08008894                SPI2_IRQHandler
                0x08008894                ADC5_IRQHandler
                0x08008894                DMA2_Channel5_IRQHandler
                0x08008894                CRS_IRQHandler
                0x08008894                DMA1_Channel5_IRQHandler
                0x08008894                USB_LP_IRQHandler
                0x08008894                EXTI4_IRQHandler
                0x08008894                RNG_IRQHandler
                0x08008894                HRTIM1_TIMB_IRQHandler
                0x08008894                TIM1_TRG_COM_TIM17_IRQHandler
                0x08008894                FDCAN2_IT1_IRQHandler
                0x08008894                DMA1_Channel3_IRQHandler
                0x08008894                ADC4_IRQHandler
                0x08008894                WWDG_IRQHandler
                0x08008894                I2C4_EV_IRQHandler
                0x08008894                FDCAN2_IT0_IRQHandler
                0x08008894                LPUART1_IRQHandler
                0x08008894                DMA2_Channel6_IRQHandler
                0x08008894                FDCAN1_IT0_IRQHandler
                0x08008894                TIM2_IRQHandler
                0x08008894                COMP7_IRQHandler
                0x08008894                COMP1_2_3_IRQHandler
                0x08008894                EXTI1_IRQHandler
                0x08008894                USART2_IRQHandler
                0x08008894                COMP4_5_6_IRQHandler
                0x08008894                TIM20_BRK_IRQHandler
                0x08008894                I2C2_ER_IRQHandler
                0x08008894                DMA1_Channel2_IRQHandler
                0x08008894                TIM8_BRK_IRQHandler
                0x08008894                FLASH_IRQHandler
                0x08008894                TIM20_CC_IRQHandler
                0x08008894                USART1_IRQHandler
                0x08008894                SPI3_IRQHandler
                0x08008894                I2C1_ER_IRQHandler
                0x08008894                FMC_IRQHandler
                0x08008894                LPTIM1_IRQHandler
                0x08008894                DMAMUX_OVR_IRQHandler
                0x08008894                I2C4_ER_IRQHandler
                0x08008894                USBWakeUp_IRQHandler
                0x08008894                SAI1_IRQHandler
                0x08008894                DMA2_Channel3_IRQHandler
                0x08008894                TIM1_BRK_TIM15_IRQHandler
 *fill*         0x08008896        0x2 
 .text.arm_copy_f32
                0x08008898       0x60 F:/CLION__Project/two_way_communication_DC_DC/Drivers/CMSIS/DSP/Lib/GCC/libarm_cortexM4lf_math.a(arm_copy_f32.o)
                0x08008898                arm_copy_f32
 .text.arm_pid_init_f32
                0x080088f8       0x3c F:/CLION__Project/two_way_communication_DC_DC/Drivers/CMSIS/DSP/Lib/GCC/libarm_cortexM4lf_math.a(arm_pid_init_f32.o)
                0x080088f8                arm_pid_init_f32
 .text.round    0x08008934       0x8c F:/STM32CubeCLT/STM32CubeCLT_1.18.0/GNU-tools-for-STM32/bin/../lib/gcc/arm-none-eabi/13.3.1/../../../../arm-none-eabi/lib/thumb/v7e-m+fp/hard\libm.a(libm_a-s_round.o)
                0x08008934                round
 .text._vsprintf_r
                0x080089c0       0x2c F:/STM32CubeCLT/STM32CubeCLT_1.18.0/GNU-tools-for-STM32/bin/../lib/gcc/arm-none-eabi/13.3.1/../../../../arm-none-eabi/lib/thumb/v7e-m+fp/hard\libg_nano.a(libc_a-vsprintf.o)
                0x080089c0                _vsprintf_r
                0x080089c0                _vsiprintf_r
 .text.vsprintf
                0x080089ec       0x14 F:/STM32CubeCLT/STM32CubeCLT_1.18.0/GNU-tools-for-STM32/bin/../lib/gcc/arm-none-eabi/13.3.1/../../../../arm-none-eabi/lib/thumb/v7e-m+fp/hard\libg_nano.a(libc_a-vsprintf.o)
                0x080089ec                vsiprintf
                0x080089ec                vsprintf
 .text.memset   0x08008a00       0x10 F:/STM32CubeCLT/STM32CubeCLT_1.18.0/GNU-tools-for-STM32/bin/../lib/gcc/arm-none-eabi/13.3.1/../../../../arm-none-eabi/lib/thumb/v7e-m+fp/hard\libg_nano.a(libc_a-memset.o)
                0x08008a00                memset
 .text.__errno  0x08008a10        0xc F:/STM32CubeCLT/STM32CubeCLT_1.18.0/GNU-tools-for-STM32/bin/../lib/gcc/arm-none-eabi/13.3.1/../../../../arm-none-eabi/lib/thumb/v7e-m+fp/hard\libg_nano.a(libc_a-errno.o)
                0x08008a10                __errno
 .text.__libc_init_array
                0x08008a1c       0x48 F:/STM32CubeCLT/STM32CubeCLT_1.18.0/GNU-tools-for-STM32/bin/../lib/gcc/arm-none-eabi/13.3.1/../../../../arm-none-eabi/lib/thumb/v7e-m+fp/hard\libg_nano.a(libc_a-init.o)
                0x08008a1c                __libc_init_array
 .text.__retarget_lock_acquire_recursive
                0x08008a64        0x2 F:/STM32CubeCLT/STM32CubeCLT_1.18.0/GNU-tools-for-STM32/bin/../lib/gcc/arm-none-eabi/13.3.1/../../../../arm-none-eabi/lib/thumb/v7e-m+fp/hard\libg_nano.a(libc_a-lock.o)
                0x08008a64                __retarget_lock_acquire_recursive
 .text.__retarget_lock_release_recursive
                0x08008a66        0x2 F:/STM32CubeCLT/STM32CubeCLT_1.18.0/GNU-tools-for-STM32/bin/../lib/gcc/arm-none-eabi/13.3.1/../../../../arm-none-eabi/lib/thumb/v7e-m+fp/hard\libg_nano.a(libc_a-lock.o)
                0x08008a66                __retarget_lock_release_recursive
 .text._free_r  0x08008a68       0x94 F:/STM32CubeCLT/STM32CubeCLT_1.18.0/GNU-tools-for-STM32/bin/../lib/gcc/arm-none-eabi/13.3.1/../../../../arm-none-eabi/lib/thumb/v7e-m+fp/hard\libg_nano.a(libc_a-freer.o)
                0x08008a68                _free_r
 .text.sbrk_aligned
                0x08008afc       0x44 F:/STM32CubeCLT/STM32CubeCLT_1.18.0/GNU-tools-for-STM32/bin/../lib/gcc/arm-none-eabi/13.3.1/../../../../arm-none-eabi/lib/thumb/v7e-m+fp/hard\libg_nano.a(libc_a-mallocr.o)
 .text._malloc_r
                0x08008b40      0x100 F:/STM32CubeCLT/STM32CubeCLT_1.18.0/GNU-tools-for-STM32/bin/../lib/gcc/arm-none-eabi/13.3.1/../../../../arm-none-eabi/lib/thumb/v7e-m+fp/hard\libg_nano.a(libc_a-mallocr.o)
                0x08008b40                _malloc_r
 .text.__malloc_lock
                0x08008c40        0xc F:/STM32CubeCLT/STM32CubeCLT_1.18.0/GNU-tools-for-STM32/bin/../lib/gcc/arm-none-eabi/13.3.1/../../../../arm-none-eabi/lib/thumb/v7e-m+fp/hard\libg_nano.a(libc_a-mlock.o)
                0x08008c40                __malloc_lock
 .text.__malloc_unlock
                0x08008c4c        0xc F:/STM32CubeCLT/STM32CubeCLT_1.18.0/GNU-tools-for-STM32/bin/../lib/gcc/arm-none-eabi/13.3.1/../../../../arm-none-eabi/lib/thumb/v7e-m+fp/hard\libg_nano.a(libc_a-mlock.o)
                0x08008c4c                __malloc_unlock
 .text.__ssputs_r
                0x08008c58       0xb6 F:/STM32CubeCLT/STM32CubeCLT_1.18.0/GNU-tools-for-STM32/bin/../lib/gcc/arm-none-eabi/13.3.1/../../../../arm-none-eabi/lib/thumb/v7e-m+fp/hard\libg_nano.a(libc_a-nano-svfprintf.o)
                0x08008c58                __ssputs_r
 *fill*         0x08008d0e        0x2 
 .text._svfprintf_r
                0x08008d10      0x1f8 F:/STM32CubeCLT/STM32CubeCLT_1.18.0/GNU-tools-for-STM32/bin/../lib/gcc/arm-none-eabi/13.3.1/../../../../arm-none-eabi/lib/thumb/v7e-m+fp/hard\libg_nano.a(libc_a-nano-svfprintf.o)
                0x08008d10                _svfiprintf_r
                0x08008d10                _svfprintf_r
 .text._printf_common
                0x08008f08       0xda F:/STM32CubeCLT/STM32CubeCLT_1.18.0/GNU-tools-for-STM32/bin/../lib/gcc/arm-none-eabi/13.3.1/../../../../arm-none-eabi/lib/thumb/v7e-m+fp/hard\libg_nano.a(libc_a-nano-vfprintf_i.o)
                0x08008f08                _printf_common
 *fill*         0x08008fe2        0x2 
 .text._printf_i
                0x08008fe4      0x23c F:/STM32CubeCLT/STM32CubeCLT_1.18.0/GNU-tools-for-STM32/bin/../lib/gcc/arm-none-eabi/13.3.1/../../../../arm-none-eabi/lib/thumb/v7e-m+fp/hard\libg_nano.a(libc_a-nano-vfprintf_i.o)
                0x08008fe4                _printf_i
 .text.memmove  0x08009220       0x34 F:/STM32CubeCLT/STM32CubeCLT_1.18.0/GNU-tools-for-STM32/bin/../lib/gcc/arm-none-eabi/13.3.1/../../../../arm-none-eabi/lib/thumb/v7e-m+fp/hard\libg_nano.a(libc_a-memmove.o)
                0x08009220                memmove
 .text._sbrk_r  0x08009254       0x20 F:/STM32CubeCLT/STM32CubeCLT_1.18.0/GNU-tools-for-STM32/bin/../lib/gcc/arm-none-eabi/13.3.1/../../../../arm-none-eabi/lib/thumb/v7e-m+fp/hard\libg_nano.a(libc_a-sbrkr.o)
                0x08009254                _sbrk_r
 .text.memcpy   0x08009274       0x1c F:/STM32CubeCLT/STM32CubeCLT_1.18.0/GNU-tools-for-STM32/bin/../lib/gcc/arm-none-eabi/13.3.1/../../../../arm-none-eabi/lib/thumb/v7e-m+fp/hard\libg_nano.a(libc_a-memcpy-stub.o)
                0x08009274                memcpy
 .text._realloc_r
                0x08009290       0x5c F:/STM32CubeCLT/STM32CubeCLT_1.18.0/GNU-tools-for-STM32/bin/../lib/gcc/arm-none-eabi/13.3.1/../../../../arm-none-eabi/lib/thumb/v7e-m+fp/hard\libg_nano.a(libc_a-reallocr.o)
                0x08009290                _realloc_r
 .text._malloc_usable_size_r
                0x080092ec       0x10 F:/STM32CubeCLT/STM32CubeCLT_1.18.0/GNU-tools-for-STM32/bin/../lib/gcc/arm-none-eabi/13.3.1/../../../../arm-none-eabi/lib/thumb/v7e-m+fp/hard\libg_nano.a(libc_a-msizer.o)
                0x080092ec                _malloc_usable_size_r
 *(.glue_7)
 .glue_7        0x080092fc        0x0 linker stubs
 *(.glue_7t)
 .glue_7t       0x080092fc        0x0 linker stubs
 *(.eh_frame)
 .eh_frame      0x080092fc        0x0 F:/STM32CubeCLT/STM32CubeCLT_1.18.0/GNU-tools-for-STM32/bin/../lib/gcc/arm-none-eabi/13.3.1/thumb/v7e-m+fp/hard/crtbegin.o
 *(.init)
 .init          0x080092fc        0x4 F:/STM32CubeCLT/STM32CubeCLT_1.18.0/GNU-tools-for-STM32/bin/../lib/gcc/arm-none-eabi/13.3.1/thumb/v7e-m+fp/hard/crti.o
                0x080092fc                _init
 .init          0x08009300        0x8 F:/STM32CubeCLT/STM32CubeCLT_1.18.0/GNU-tools-for-STM32/bin/../lib/gcc/arm-none-eabi/13.3.1/thumb/v7e-m+fp/hard/crtn.o
 *(.fini)
 .fini          0x08009308        0x4 F:/STM32CubeCLT/STM32CubeCLT_1.18.0/GNU-tools-for-STM32/bin/../lib/gcc/arm-none-eabi/13.3.1/thumb/v7e-m+fp/hard/crti.o
                0x08009308                _fini
 .fini          0x0800930c        0x8 F:/STM32CubeCLT/STM32CubeCLT_1.18.0/GNU-tools-for-STM32/bin/../lib/gcc/arm-none-eabi/13.3.1/thumb/v7e-m+fp/hard/crtn.o
                0x08009314                        . = ALIGN (0x4)
                0x08009314                        _etext = .

.vfp11_veneer   0x08009314        0x0
 .vfp11_veneer  0x08009314        0x0 linker stubs

.v4_bx          0x08009314        0x0
 .v4_bx         0x08009314        0x0 linker stubs

.iplt           0x08009314        0x0
 .iplt          0x08009314        0x0 F:/STM32CubeCLT/STM32CubeCLT_1.18.0/GNU-tools-for-STM32/bin/../lib/gcc/arm-none-eabi/13.3.1/thumb/v7e-m+fp/hard/crtbegin.o

.rodata         0x08009314      0xbdc
                0x08009314                        . = ALIGN (0x4)
 *(.rodata)
 .rodata        0x08009314       0xd0 CMakeFiles/two_way_communication_DC_DC.dir/Core/Src/MY_OLED.c.obj
 *(.rodata*)
 .rodata.AHBPrescTable
                0x080093e4       0x10 cmake/stm32cubemx/CMakeFiles/STM32_Drivers.dir/__/__/Core/Src/system_stm32g4xx.c.obj
                0x080093e4                AHBPrescTable
 .rodata.OLED_F8x16
                0x080093f4      0x5f0 CMakeFiles/two_way_communication_DC_DC.dir/Core/Src/OLED_Data.c.obj
                0x080093f4                OLED_F8x16
 .rodata.OLED_F6x8
                0x080099e4      0x23a CMakeFiles/two_way_communication_DC_DC.dir/Core/Src/OLED_Data.c.obj
                0x080099e4                OLED_F6x8
 *fill*         0x08009c1e        0x2 
 .rodata.OLED_CF16x16
                0x08009c20      0x29a CMakeFiles/two_way_communication_DC_DC.dir/Core/Src/OLED_Data.c.obj
                0x08009c20                OLED_CF16x16
 .rodata._svfprintf_r.str1.1
                0x08009eba       0x33 F:/STM32CubeCLT/STM32CubeCLT_1.18.0/GNU-tools-for-STM32/bin/../lib/gcc/arm-none-eabi/13.3.1/../../../../arm-none-eabi/lib/thumb/v7e-m+fp/hard\libg_nano.a(libc_a-nano-svfprintf.o)
                                 0x11 (size before relaxing)
 .rodata._printf_i.str1.1
                0x08009eed       0x22 F:/STM32CubeCLT/STM32CubeCLT_1.18.0/GNU-tools-for-STM32/bin/../lib/gcc/arm-none-eabi/13.3.1/../../../../arm-none-eabi/lib/thumb/v7e-m+fp/hard\libg_nano.a(libc_a-nano-vfprintf_i.o)
                0x08009f10                        . = ALIGN (0x4)
 *fill*         0x08009eed        0x3 

.ARM.extab      0x08009ef0        0x0
                0x08009ef0                        . = ALIGN (0x4)
 *(.ARM.extab* .gnu.linkonce.armextab.*)
                0x08009ef0                        . = ALIGN (0x4)

.ARM            0x08009ef0        0x8
                0x08009ef0                        . = ALIGN (0x4)
                0x08009ef0                        __exidx_start = .
 *(.ARM.exidx*)
 .ARM.exidx     0x08009ef0        0x8 F:/STM32CubeCLT/STM32CubeCLT_1.18.0/GNU-tools-for-STM32/bin/../lib/gcc/arm-none-eabi/13.3.1/../../../../arm-none-eabi/lib/thumb/v7e-m+fp/hard\libg_nano.a(libc_a-strcmp.o)
 .ARM.exidx     0x08009ef8        0x0 F:/STM32CubeCLT/STM32CubeCLT_1.18.0/GNU-tools-for-STM32/bin/../lib/gcc/arm-none-eabi/13.3.1/../../../../arm-none-eabi/lib/thumb/v7e-m+fp/hard\libg_nano.a(libc_a-memchr.o)
                                  0x8 (size before relaxing)
                0x08009ef8                        __exidx_end = .
                0x08009ef8                        . = ALIGN (0x4)

.preinit_array  0x08009ef8        0x0
                0x08009ef8                        . = ALIGN (0x4)
                0x08009ef8                        PROVIDE (__preinit_array_start = .)
 *(.preinit_array*)
                0x08009ef8                        PROVIDE (__preinit_array_end = .)
                0x08009ef8                        . = ALIGN (0x4)

.init_array     0x08009ef8        0x4
                0x08009ef8                        . = ALIGN (0x4)
                0x08009ef8                        PROVIDE (__init_array_start = .)
 *(SORT_BY_NAME(.init_array.*))
 *(.init_array*)
 .init_array    0x08009ef8        0x4 F:/STM32CubeCLT/STM32CubeCLT_1.18.0/GNU-tools-for-STM32/bin/../lib/gcc/arm-none-eabi/13.3.1/thumb/v7e-m+fp/hard/crtbegin.o
                0x08009efc                        PROVIDE (__init_array_end = .)
                0x08009efc                        . = ALIGN (0x4)

.fini_array     0x08009efc        0x4
                0x08009efc                        . = ALIGN (0x4)
                [!provide]                        PROVIDE (__fini_array_start = .)
 *(SORT_BY_NAME(.fini_array.*))
 *(.fini_array*)
 .fini_array    0x08009efc        0x4 F:/STM32CubeCLT/STM32CubeCLT_1.18.0/GNU-tools-for-STM32/bin/../lib/gcc/arm-none-eabi/13.3.1/thumb/v7e-m+fp/hard/crtbegin.o
                [!provide]                        PROVIDE (__fini_array_end = .)
                0x08009f00                        . = ALIGN (0x4)
                0x08009f00                        _sidata = LOADADDR (.data)

.rel.dyn        0x08009f00        0x0
 .rel.iplt      0x08009f00        0x0 F:/STM32CubeCLT/STM32CubeCLT_1.18.0/GNU-tools-for-STM32/bin/../lib/gcc/arm-none-eabi/13.3.1/thumb/v7e-m+fp/hard/crtbegin.o

.data           0x20000000       0x68 load address 0x08009f00
                0x20000000                        . = ALIGN (0x4)
                0x20000000                        _sdata = .
 *(.data)
 *(.data*)
 .data.SystemCoreClock
                0x20000000        0x4 cmake/stm32cubemx/CMakeFiles/STM32_Drivers.dir/__/__/Core/Src/system_stm32g4xx.c.obj
                0x20000000                SystemCoreClock
 .data.uwTickPrio
                0x20000004        0x4 cmake/stm32cubemx/CMakeFiles/STM32_Drivers.dir/__/__/Drivers/STM32G4xx_HAL_Driver/Src/stm32g4xx_hal.c.obj
                0x20000004                uwTickPrio
 .data.uwTickFreq
                0x20000008        0x4 cmake/stm32cubemx/CMakeFiles/STM32_Drivers.dir/__/__/Drivers/STM32G4xx_HAL_Driver/Src/stm32g4xx_hal.c.obj
                0x20000008                uwTickFreq
 .data.control_mode
                0x2000000c        0x1 CMakeFiles/two_way_communication_DC_DC.dir/Core/Src/main.c.obj
                0x2000000c                control_mode
 *fill*         0x2000000d        0x3 
 .data.outer_upper_limit
                0x20000010        0x4 CMakeFiles/two_way_communication_DC_DC.dir/Core/Src/main.c.obj
                0x20000010                outer_upper_limit
 .data.phy_calc_conv
                0x20000014        0x4 CMakeFiles/two_way_communication_DC_DC.dir/Core/Src/main.c.obj
                0x20000014                phy_calc_conv
 .data._impure_ptr
                0x20000018        0x4 F:/STM32CubeCLT/STM32CubeCLT_1.18.0/GNU-tools-for-STM32/bin/../lib/gcc/arm-none-eabi/13.3.1/../../../../arm-none-eabi/lib/thumb/v7e-m+fp/hard\libg_nano.a(libc_a-impure.o)
                0x20000018                _impure_ptr
 .data._impure_data
                0x2000001c       0x4c F:/STM32CubeCLT/STM32CubeCLT_1.18.0/GNU-tools-for-STM32/bin/../lib/gcc/arm-none-eabi/13.3.1/../../../../arm-none-eabi/lib/thumb/v7e-m+fp/hard\libg_nano.a(libc_a-impure.o)
                0x2000001c                _impure_data
 *(.RamFunc)
 *(.RamFunc*)
                0x20000068                        . = ALIGN (0x4)

.igot.plt       0x20000068        0x0 load address 0x08009f68
 .igot.plt      0x20000068        0x0 F:/STM32CubeCLT/STM32CubeCLT_1.18.0/GNU-tools-for-STM32/bin/../lib/gcc/arm-none-eabi/13.3.1/thumb/v7e-m+fp/hard/crtbegin.o

.tdata          0x20000068        0x0 load address 0x08009f68
 *(.tdata .tdata.* .gnu.linkonce.td.*)
                0x20000068                        . = ALIGN (0x4)
                0x20000068                        _edata = .
                [!provide]                        PROVIDE (__data_end = .)
                [!provide]                        PROVIDE (__tdata_end = .)
                [!provide]                        PROVIDE (__tdata_start = ADDR (.tdata))
                [!provide]                        PROVIDE (__tdata_size = (__tdata_end - __tdata_start))
                [!provide]                        PROVIDE (__data_start = ADDR (.data))
                [!provide]                        PROVIDE (__data_size = (__data_end - __data_start))
                [!provide]                        PROVIDE (__tdata_source = LOADADDR (.tdata))
                [!provide]                        PROVIDE (__tdata_source_end = (LOADADDR (.tdata) + SIZEOF (.tdata)))
                [!provide]                        PROVIDE (__tdata_source_size = (__tdata_source_end - __tdata_source))
                [!provide]                        PROVIDE (__data_source = LOADADDR (.data))
                [!provide]                        PROVIDE (__data_source_end = __tdata_source_end)
                [!provide]                        PROVIDE (__data_source_size = (__data_source_end - __data_source))

.tbss           0x20000068        0x0 load address 0x08009f68
                0x20000068                        _sbss = .
                0x20000068                        __bss_start__ = _sbss
 *(.tbss .tbss.*)
                0x20000068                        . = ALIGN (0x4)
                [!provide]                        PROVIDE (__tbss_end = .)
                [!provide]                        PROVIDE (__tbss_start = ADDR (.tbss))
                [!provide]                        PROVIDE (__tbss_size = (__tbss_end - __tbss_start))
                [!provide]                        PROVIDE (__tbss_offset = (ADDR (.tbss) - ADDR (.tdata)))
                [!provide]                        PROVIDE (__tls_base = __tdata_start)
                [!provide]                        PROVIDE (__tls_end = __tbss_end)
                [!provide]                        PROVIDE (__tls_size = (__tls_end - __tls_base))
                [!provide]                        PROVIDE (__tls_align = MAX (ALIGNOF (.tdata), ALIGNOF (.tbss)))
                [!provide]                        PROVIDE (__tls_size_align = (((__tls_size + __tls_align) - 0x1) & ~ ((__tls_align - 0x1))))
                [!provide]                        PROVIDE (__arm32_tls_tcb_offset = MAX (0x8, __tls_align))
                [!provide]                        PROVIDE (__arm64_tls_tcb_offset = MAX (0x10, __tls_align))

.bss            0x20000068      0x854 load address 0x08009f68
 *(.bss)
 .bss           0x20000068       0x1c F:/STM32CubeCLT/STM32CubeCLT_1.18.0/GNU-tools-for-STM32/bin/../lib/gcc/arm-none-eabi/13.3.1/thumb/v7e-m+fp/hard/crtbegin.o
 *(.bss*)
 .bss.uwTick    0x20000084        0x4 cmake/stm32cubemx/CMakeFiles/STM32_Drivers.dir/__/__/Drivers/STM32G4xx_HAL_Driver/Src/stm32g4xx_hal.c.obj
                0x20000084                uwTick
 .bss.OLED_DisplayBuf
                0x20000088      0x400 CMakeFiles/two_way_communication_DC_DC.dir/Core/Src/OLED.c.obj
                0x20000088                OLED_DisplayBuf
 .bss.now_EC_DeBug
                0x20000488        0x1 CMakeFiles/two_way_communication_DC_DC.dir/Core/Src/main.c.obj
                0x20000488                now_EC_DeBug
 *fill*         0x20000489        0x3 
 .bss.phy_setpoint
                0x2000048c        0x4 CMakeFiles/two_way_communication_DC_DC.dir/Core/Src/main.c.obj
                0x2000048c                phy_setpoint
 .bss.calc_setpoint
                0x20000490        0x4 CMakeFiles/two_way_communication_DC_DC.dir/Core/Src/main.c.obj
                0x20000490                calc_setpoint
 .bss.calc_measurement
                0x20000494       0x10 CMakeFiles/two_way_communication_DC_DC.dir/Core/Src/main.c.obj
                0x20000494                calc_measurement
 .bss.phy_V_low
                0x200004a4        0x4 CMakeFiles/two_way_communication_DC_DC.dir/Core/Src/main.c.obj
                0x200004a4                phy_V_low
 .bss.phy_I_low
                0x200004a8        0x4 CMakeFiles/two_way_communication_DC_DC.dir/Core/Src/main.c.obj
                0x200004a8                phy_I_low
 .bss.phy_V_high
                0x200004ac        0x4 CMakeFiles/two_way_communication_DC_DC.dir/Core/Src/main.c.obj
                0x200004ac                phy_V_high
 .bss.phy_I_high
                0x200004b0        0x4 CMakeFiles/two_way_communication_DC_DC.dir/Core/Src/main.c.obj
                0x200004b0                phy_I_high
 .bss.pid_memory
                0x200004b4        0xc CMakeFiles/two_way_communication_DC_DC.dir/Core/Src/main.c.obj
                0x200004b4                pid_memory
 .bss.debug_value
                0x200004c0        0x8 CMakeFiles/two_way_communication_DC_DC.dir/Core/Src/main.c.obj
                0x200004c0                debug_value
 .bss.ACMP1_T   0x200004c8        0xc CMakeFiles/two_way_communication_DC_DC.dir/Core/Src/main.c.obj
                0x200004c8                ACMP1_T
 .bss.ADC_value
                0x200004d4       0x80 CMakeFiles/two_way_communication_DC_DC.dir/Core/Src/main.c.obj
                0x200004d4                ADC_value
 .bss.outer_lower_limit
                0x20000554        0x4 CMakeFiles/two_way_communication_DC_DC.dir/Core/Src/main.c.obj
                0x20000554                outer_lower_limit
 .bss.pid_outer
                0x20000558       0x24 CMakeFiles/two_way_communication_DC_DC.dir/Core/Src/main.c.obj
                0x20000558                pid_outer
 .bss.pid_inner
                0x2000057c       0x24 CMakeFiles/two_way_communication_DC_DC.dir/Core/Src/main.c.obj
                0x2000057c                pid_inner
 .bss.count.1   0x200005a0        0x1 CMakeFiles/two_way_communication_DC_DC.dir/Core/Src/main.c.obj
 *fill*         0x200005a1        0x3 
 .bss.out.0     0x200005a4        0x4 CMakeFiles/two_way_communication_DC_DC.dir/Core/Src/main.c.obj
 .bss.hadc1     0x200005a8       0x6c CMakeFiles/two_way_communication_DC_DC.dir/Core/Src/adc.c.obj
                0x200005a8                hadc1
 .bss.hdma_adc1
                0x20000614       0x60 CMakeFiles/two_way_communication_DC_DC.dir/Core/Src/adc.c.obj
                0x20000614                hdma_adc1
 .bss.hhrtim1   0x20000674       0xfc CMakeFiles/two_way_communication_DC_DC.dir/Core/Src/hrtim.c.obj
                0x20000674                hhrtim1
 .bss.__sbrk_heap_end
                0x20000770        0x4 CMakeFiles/two_way_communication_DC_DC.dir/Core/Src/sysmem.c.obj
 .bss.__sf      0x20000774      0x138 F:/STM32CubeCLT/STM32CubeCLT_1.18.0/GNU-tools-for-STM32/bin/../lib/gcc/arm-none-eabi/13.3.1/../../../../arm-none-eabi/lib/thumb/v7e-m+fp/hard\libg_nano.a(libc_a-findfp.o)
                0x20000774                __sf
 .bss.errno     0x200008ac        0x4 F:/STM32CubeCLT/STM32CubeCLT_1.18.0/GNU-tools-for-STM32/bin/../lib/gcc/arm-none-eabi/13.3.1/../../../../arm-none-eabi/lib/thumb/v7e-m+fp/hard\libg_nano.a(libc_a-reent.o)
                0x200008ac                errno
 .bss.__lock___malloc_recursive_mutex
                0x200008b0        0x1 F:/STM32CubeCLT/STM32CubeCLT_1.18.0/GNU-tools-for-STM32/bin/../lib/gcc/arm-none-eabi/13.3.1/../../../../arm-none-eabi/lib/thumb/v7e-m+fp/hard\libg_nano.a(libc_a-lock.o)
                0x200008b0                __lock___malloc_recursive_mutex
 *fill*         0x200008b1        0x3 
 .bss.__malloc_sbrk_start
                0x200008b4        0x4 F:/STM32CubeCLT/STM32CubeCLT_1.18.0/GNU-tools-for-STM32/bin/../lib/gcc/arm-none-eabi/13.3.1/../../../../arm-none-eabi/lib/thumb/v7e-m+fp/hard\libg_nano.a(libc_a-mallocr.o)
                0x200008b4                __malloc_sbrk_start
 .bss.__malloc_free_list
                0x200008b8        0x4 F:/STM32CubeCLT/STM32CubeCLT_1.18.0/GNU-tools-for-STM32/bin/../lib/gcc/arm-none-eabi/13.3.1/../../../../arm-none-eabi/lib/thumb/v7e-m+fp/hard\libg_nano.a(libc_a-mallocr.o)
                0x200008b8                __malloc_free_list
 *(COMMON)
                0x200008bc                        . = ALIGN (0x4)
                0x200008bc                        _ebss = .
                0x200008bc                        __bss_end__ = _ebss
                [!provide]                        PROVIDE (__bss_end = .)
                [!provide]                        PROVIDE (__non_tls_bss_start = ADDR (.bss))
                [!provide]                        PROVIDE (__bss_start = __tbss_start)
                [!provide]                        PROVIDE (__bss_size = (__bss_end - __bss_start))

._user_heap_stack
                0x200008bc      0x604 load address 0x08009f68
                0x200008c0                        . = ALIGN (0x8)
 *fill*         0x200008bc        0x4 
                [!provide]                        PROVIDE (end = .)
                0x200008c0                        PROVIDE (_end = .)
                0x20000ac0                        . = (. + _Min_Heap_Size)
 *fill*         0x200008c0      0x200 
                0x20000ec0                        . = (. + _Min_Stack_Size)
 *fill*         0x20000ac0      0x400 
                0x20000ec0                        . = ALIGN (0x8)

/DISCARD/
 libc.a:*(*)
 libm.a:*(*)
 libgcc.a:*(*)
OUTPUT(two_way_communication_DC_DC.elf elf32-littlearm)
LOAD linker stubs

.ARM.attributes
                0x00000000       0x30
 .ARM.attributes
                0x00000000       0x22 F:/STM32CubeCLT/STM32CubeCLT_1.18.0/GNU-tools-for-STM32/bin/../lib/gcc/arm-none-eabi/13.3.1/thumb/v7e-m+fp/hard/crti.o
 .ARM.attributes
                0x00000022       0x34 F:/STM32CubeCLT/STM32CubeCLT_1.18.0/GNU-tools-for-STM32/bin/../lib/gcc/arm-none-eabi/13.3.1/thumb/v7e-m+fp/hard/crtbegin.o
 .ARM.attributes
                0x00000056       0x34 cmake/stm32cubemx/CMakeFiles/STM32_Drivers.dir/__/__/Core/Src/system_stm32g4xx.c.obj
 .ARM.attributes
                0x0000008a       0x34 cmake/stm32cubemx/CMakeFiles/STM32_Drivers.dir/__/__/Drivers/STM32G4xx_HAL_Driver/Src/stm32g4xx_hal_adc.c.obj
 .ARM.attributes
                0x000000be       0x34 cmake/stm32cubemx/CMakeFiles/STM32_Drivers.dir/__/__/Drivers/STM32G4xx_HAL_Driver/Src/stm32g4xx_hal_adc_ex.c.obj
 .ARM.attributes
                0x000000f2       0x34 cmake/stm32cubemx/CMakeFiles/STM32_Drivers.dir/__/__/Drivers/STM32G4xx_HAL_Driver/Src/stm32g4xx_hal.c.obj
 .ARM.attributes
                0x00000126       0x34 cmake/stm32cubemx/CMakeFiles/STM32_Drivers.dir/__/__/Drivers/STM32G4xx_HAL_Driver/Src/stm32g4xx_hal_rcc.c.obj
 .ARM.attributes
                0x0000015a       0x34 cmake/stm32cubemx/CMakeFiles/STM32_Drivers.dir/__/__/Drivers/STM32G4xx_HAL_Driver/Src/stm32g4xx_hal_rcc_ex.c.obj
 .ARM.attributes
                0x0000018e       0x34 cmake/stm32cubemx/CMakeFiles/STM32_Drivers.dir/__/__/Drivers/STM32G4xx_HAL_Driver/Src/stm32g4xx_hal_gpio.c.obj
 .ARM.attributes
                0x000001c2       0x34 cmake/stm32cubemx/CMakeFiles/STM32_Drivers.dir/__/__/Drivers/STM32G4xx_HAL_Driver/Src/stm32g4xx_hal_dma.c.obj
 .ARM.attributes
                0x000001f6       0x34 cmake/stm32cubemx/CMakeFiles/STM32_Drivers.dir/__/__/Drivers/STM32G4xx_HAL_Driver/Src/stm32g4xx_hal_pwr_ex.c.obj
 .ARM.attributes
                0x0000022a       0x34 cmake/stm32cubemx/CMakeFiles/STM32_Drivers.dir/__/__/Drivers/STM32G4xx_HAL_Driver/Src/stm32g4xx_hal_cortex.c.obj
 .ARM.attributes
                0x0000025e       0x34 cmake/stm32cubemx/CMakeFiles/STM32_Drivers.dir/__/__/Drivers/STM32G4xx_HAL_Driver/Src/stm32g4xx_hal_hrtim.c.obj
 .ARM.attributes
                0x00000292       0x34 CMakeFiles/two_way_communication_DC_DC.dir/Core/Src/MY_OLED.c.obj
 .ARM.attributes
                0x000002c6       0x34 CMakeFiles/two_way_communication_DC_DC.dir/Core/Src/OLED.c.obj
 .ARM.attributes
                0x000002fa       0x34 CMakeFiles/two_way_communication_DC_DC.dir/Core/Src/OLED_Data.c.obj
 .ARM.attributes
                0x0000032e       0x34 CMakeFiles/two_way_communication_DC_DC.dir/Core/Src/main.c.obj
 .ARM.attributes
                0x00000362       0x34 CMakeFiles/two_way_communication_DC_DC.dir/Core/Src/gpio.c.obj
 .ARM.attributes
                0x00000396       0x34 CMakeFiles/two_way_communication_DC_DC.dir/Core/Src/adc.c.obj
 .ARM.attributes
                0x000003ca       0x34 CMakeFiles/two_way_communication_DC_DC.dir/Core/Src/dma.c.obj
 .ARM.attributes
                0x000003fe       0x34 CMakeFiles/two_way_communication_DC_DC.dir/Core/Src/hrtim.c.obj
 .ARM.attributes
                0x00000432       0x34 CMakeFiles/two_way_communication_DC_DC.dir/Core/Src/stm32g4xx_it.c.obj
 .ARM.attributes
                0x00000466       0x34 CMakeFiles/two_way_communication_DC_DC.dir/Core/Src/stm32g4xx_hal_msp.c.obj
 .ARM.attributes
                0x0000049a       0x34 CMakeFiles/two_way_communication_DC_DC.dir/Core/Src/sysmem.c.obj
 .ARM.attributes
                0x000004ce       0x21 CMakeFiles/two_way_communication_DC_DC.dir/startup_stm32g474xx.s.obj
 .ARM.attributes
                0x000004ef       0x34 F:/CLION__Project/two_way_communication_DC_DC/Drivers/CMSIS/DSP/Lib/GCC/libarm_cortexM4lf_math.a(arm_copy_f32.o)
 .ARM.attributes
                0x00000523       0x34 F:/CLION__Project/two_way_communication_DC_DC/Drivers/CMSIS/DSP/Lib/GCC/libarm_cortexM4lf_math.a(arm_pid_init_f32.o)
 .ARM.attributes
                0x00000557       0x34 F:/STM32CubeCLT/STM32CubeCLT_1.18.0/GNU-tools-for-STM32/bin/../lib/gcc/arm-none-eabi/13.3.1/../../../../arm-none-eabi/lib/thumb/v7e-m+fp/hard\libm.a(libm_a-s_round.o)
 .ARM.attributes
                0x0000058b       0x22 F:/STM32CubeCLT/STM32CubeCLT_1.18.0/GNU-tools-for-STM32/bin/../lib/gcc/arm-none-eabi/13.3.1/thumb/v7e-m+fp/hard\libgcc.a(_arm_addsubdf3.o)
 .ARM.attributes
                0x000005ad       0x22 F:/STM32CubeCLT/STM32CubeCLT_1.18.0/GNU-tools-for-STM32/bin/../lib/gcc/arm-none-eabi/13.3.1/thumb/v7e-m+fp/hard\libgcc.a(_arm_muldivdf3.o)
 .ARM.attributes
                0x000005cf       0x22 F:/STM32CubeCLT/STM32CubeCLT_1.18.0/GNU-tools-for-STM32/bin/../lib/gcc/arm-none-eabi/13.3.1/thumb/v7e-m+fp/hard\libgcc.a(_arm_cmpdf2.o)
 .ARM.attributes
                0x000005f1       0x22 F:/STM32CubeCLT/STM32CubeCLT_1.18.0/GNU-tools-for-STM32/bin/../lib/gcc/arm-none-eabi/13.3.1/thumb/v7e-m+fp/hard\libgcc.a(_arm_fixunsdfsi.o)
 .ARM.attributes
                0x00000613       0x34 F:/STM32CubeCLT/STM32CubeCLT_1.18.0/GNU-tools-for-STM32/bin/../lib/gcc/arm-none-eabi/13.3.1/../../../../arm-none-eabi/lib/thumb/v7e-m+fp/hard\libg_nano.a(libc_a-findfp.o)
 .ARM.attributes
                0x00000647       0x34 F:/STM32CubeCLT/STM32CubeCLT_1.18.0/GNU-tools-for-STM32/bin/../lib/gcc/arm-none-eabi/13.3.1/../../../../arm-none-eabi/lib/thumb/v7e-m+fp/hard\libg_nano.a(libc_a-vsprintf.o)
 .ARM.attributes
                0x0000067b       0x34 F:/STM32CubeCLT/STM32CubeCLT_1.18.0/GNU-tools-for-STM32/bin/../lib/gcc/arm-none-eabi/13.3.1/../../../../arm-none-eabi/lib/thumb/v7e-m+fp/hard\libg_nano.a(libc_a-memset.o)
 .ARM.attributes
                0x000006af       0x34 F:/STM32CubeCLT/STM32CubeCLT_1.18.0/GNU-tools-for-STM32/bin/../lib/gcc/arm-none-eabi/13.3.1/../../../../arm-none-eabi/lib/thumb/v7e-m+fp/hard\libg_nano.a(libc_a-reent.o)
 .ARM.attributes
                0x000006e3       0x34 F:/STM32CubeCLT/STM32CubeCLT_1.18.0/GNU-tools-for-STM32/bin/../lib/gcc/arm-none-eabi/13.3.1/../../../../arm-none-eabi/lib/thumb/v7e-m+fp/hard\libg_nano.a(libc_a-impure.o)
 .ARM.attributes
                0x00000717       0x34 F:/STM32CubeCLT/STM32CubeCLT_1.18.0/GNU-tools-for-STM32/bin/../lib/gcc/arm-none-eabi/13.3.1/../../../../arm-none-eabi/lib/thumb/v7e-m+fp/hard\libg_nano.a(libc_a-errno.o)
 .ARM.attributes
                0x0000074b       0x34 F:/STM32CubeCLT/STM32CubeCLT_1.18.0/GNU-tools-for-STM32/bin/../lib/gcc/arm-none-eabi/13.3.1/../../../../arm-none-eabi/lib/thumb/v7e-m+fp/hard\libg_nano.a(libc_a-init.o)
 .ARM.attributes
                0x0000077f       0x34 F:/STM32CubeCLT/STM32CubeCLT_1.18.0/GNU-tools-for-STM32/bin/../lib/gcc/arm-none-eabi/13.3.1/../../../../arm-none-eabi/lib/thumb/v7e-m+fp/hard\libg_nano.a(libc_a-lock.o)
 .ARM.attributes
                0x000007b3       0x20 F:/STM32CubeCLT/STM32CubeCLT_1.18.0/GNU-tools-for-STM32/bin/../lib/gcc/arm-none-eabi/13.3.1/../../../../arm-none-eabi/lib/thumb/v7e-m+fp/hard\libg_nano.a(libc_a-strcmp.o)
 .ARM.attributes
                0x000007d3       0x34 F:/STM32CubeCLT/STM32CubeCLT_1.18.0/GNU-tools-for-STM32/bin/../lib/gcc/arm-none-eabi/13.3.1/../../../../arm-none-eabi/lib/thumb/v7e-m+fp/hard\libg_nano.a(libc_a-freer.o)
 .ARM.attributes
                0x00000807       0x34 F:/STM32CubeCLT/STM32CubeCLT_1.18.0/GNU-tools-for-STM32/bin/../lib/gcc/arm-none-eabi/13.3.1/../../../../arm-none-eabi/lib/thumb/v7e-m+fp/hard\libg_nano.a(libc_a-mallocr.o)
 .ARM.attributes
                0x0000083b       0x34 F:/STM32CubeCLT/STM32CubeCLT_1.18.0/GNU-tools-for-STM32/bin/../lib/gcc/arm-none-eabi/13.3.1/../../../../arm-none-eabi/lib/thumb/v7e-m+fp/hard\libg_nano.a(libc_a-mlock.o)
 .ARM.attributes
                0x0000086f       0x34 F:/STM32CubeCLT/STM32CubeCLT_1.18.0/GNU-tools-for-STM32/bin/../lib/gcc/arm-none-eabi/13.3.1/../../../../arm-none-eabi/lib/thumb/v7e-m+fp/hard\libg_nano.a(libc_a-nano-svfprintf.o)
 .ARM.attributes
                0x000008a3       0x34 F:/STM32CubeCLT/STM32CubeCLT_1.18.0/GNU-tools-for-STM32/bin/../lib/gcc/arm-none-eabi/13.3.1/../../../../arm-none-eabi/lib/thumb/v7e-m+fp/hard\libg_nano.a(libc_a-nano-vfprintf_i.o)
 .ARM.attributes
                0x000008d7       0x34 F:/STM32CubeCLT/STM32CubeCLT_1.18.0/GNU-tools-for-STM32/bin/../lib/gcc/arm-none-eabi/13.3.1/../../../../arm-none-eabi/lib/thumb/v7e-m+fp/hard\libg_nano.a(libc_a-memmove.o)
 .ARM.attributes
                0x0000090b       0x34 F:/STM32CubeCLT/STM32CubeCLT_1.18.0/GNU-tools-for-STM32/bin/../lib/gcc/arm-none-eabi/13.3.1/../../../../arm-none-eabi/lib/thumb/v7e-m+fp/hard\libg_nano.a(libc_a-sbrkr.o)
 .ARM.attributes
                0x0000093f       0x1c F:/STM32CubeCLT/STM32CubeCLT_1.18.0/GNU-tools-for-STM32/bin/../lib/gcc/arm-none-eabi/13.3.1/../../../../arm-none-eabi/lib/thumb/v7e-m+fp/hard\libg_nano.a(libc_a-memchr.o)
 .ARM.attributes
                0x0000095b       0x34 F:/STM32CubeCLT/STM32CubeCLT_1.18.0/GNU-tools-for-STM32/bin/../lib/gcc/arm-none-eabi/13.3.1/../../../../arm-none-eabi/lib/thumb/v7e-m+fp/hard\libg_nano.a(libc_a-memcpy-stub.o)
 .ARM.attributes
                0x0000098f       0x34 F:/STM32CubeCLT/STM32CubeCLT_1.18.0/GNU-tools-for-STM32/bin/../lib/gcc/arm-none-eabi/13.3.1/../../../../arm-none-eabi/lib/thumb/v7e-m+fp/hard\libg_nano.a(libc_a-reallocr.o)
 .ARM.attributes
                0x000009c3       0x34 F:/STM32CubeCLT/STM32CubeCLT_1.18.0/GNU-tools-for-STM32/bin/../lib/gcc/arm-none-eabi/13.3.1/../../../../arm-none-eabi/lib/thumb/v7e-m+fp/hard\libg_nano.a(libc_a-msizer.o)
 .ARM.attributes
                0x000009f7       0x22 F:/STM32CubeCLT/STM32CubeCLT_1.18.0/GNU-tools-for-STM32/bin/../lib/gcc/arm-none-eabi/13.3.1/thumb/v7e-m+fp/hard/crtn.o

.comment        0x00000000       0xb8
 .comment       0x00000000       0xb8 cmake/stm32cubemx/CMakeFiles/STM32_Drivers.dir/__/__/Core/Src/system_stm32g4xx.c.obj
                                 0x44 (size before relaxing)
 .comment       0x000000b8       0x44 cmake/stm32cubemx/CMakeFiles/STM32_Drivers.dir/__/__/Drivers/STM32G4xx_HAL_Driver/Src/stm32g4xx_hal_adc.c.obj
 .comment       0x000000b8       0x44 cmake/stm32cubemx/CMakeFiles/STM32_Drivers.dir/__/__/Drivers/STM32G4xx_HAL_Driver/Src/stm32g4xx_hal_adc_ex.c.obj
 .comment       0x000000b8       0x44 cmake/stm32cubemx/CMakeFiles/STM32_Drivers.dir/__/__/Drivers/STM32G4xx_HAL_Driver/Src/stm32g4xx_hal.c.obj
 .comment       0x000000b8       0x44 cmake/stm32cubemx/CMakeFiles/STM32_Drivers.dir/__/__/Drivers/STM32G4xx_HAL_Driver/Src/stm32g4xx_hal_rcc.c.obj
 .comment       0x000000b8       0x44 cmake/stm32cubemx/CMakeFiles/STM32_Drivers.dir/__/__/Drivers/STM32G4xx_HAL_Driver/Src/stm32g4xx_hal_rcc_ex.c.obj
 .comment       0x000000b8       0x44 cmake/stm32cubemx/CMakeFiles/STM32_Drivers.dir/__/__/Drivers/STM32G4xx_HAL_Driver/Src/stm32g4xx_hal_gpio.c.obj
 .comment       0x000000b8       0x44 cmake/stm32cubemx/CMakeFiles/STM32_Drivers.dir/__/__/Drivers/STM32G4xx_HAL_Driver/Src/stm32g4xx_hal_dma.c.obj
 .comment       0x000000b8       0x44 cmake/stm32cubemx/CMakeFiles/STM32_Drivers.dir/__/__/Drivers/STM32G4xx_HAL_Driver/Src/stm32g4xx_hal_pwr_ex.c.obj
 .comment       0x000000b8       0x44 cmake/stm32cubemx/CMakeFiles/STM32_Drivers.dir/__/__/Drivers/STM32G4xx_HAL_Driver/Src/stm32g4xx_hal_cortex.c.obj
 .comment       0x000000b8       0x44 cmake/stm32cubemx/CMakeFiles/STM32_Drivers.dir/__/__/Drivers/STM32G4xx_HAL_Driver/Src/stm32g4xx_hal_hrtim.c.obj
 .comment       0x000000b8       0x44 CMakeFiles/two_way_communication_DC_DC.dir/Core/Src/MY_OLED.c.obj
 .comment       0x000000b8       0x44 CMakeFiles/two_way_communication_DC_DC.dir/Core/Src/OLED.c.obj
 .comment       0x000000b8       0x44 CMakeFiles/two_way_communication_DC_DC.dir/Core/Src/OLED_Data.c.obj
 .comment       0x000000b8       0x44 CMakeFiles/two_way_communication_DC_DC.dir/Core/Src/main.c.obj
 .comment       0x000000b8       0x44 CMakeFiles/two_way_communication_DC_DC.dir/Core/Src/gpio.c.obj
 .comment       0x000000b8       0x44 CMakeFiles/two_way_communication_DC_DC.dir/Core/Src/adc.c.obj
 .comment       0x000000b8       0x44 CMakeFiles/two_way_communication_DC_DC.dir/Core/Src/dma.c.obj
 .comment       0x000000b8       0x44 CMakeFiles/two_way_communication_DC_DC.dir/Core/Src/hrtim.c.obj
 .comment       0x000000b8       0x44 CMakeFiles/two_way_communication_DC_DC.dir/Core/Src/stm32g4xx_it.c.obj
 .comment       0x000000b8       0x44 CMakeFiles/two_way_communication_DC_DC.dir/Core/Src/stm32g4xx_hal_msp.c.obj
 .comment       0x000000b8       0x44 CMakeFiles/two_way_communication_DC_DC.dir/Core/Src/sysmem.c.obj
 .comment       0x000000b8       0x76 F:/CLION__Project/two_way_communication_DC_DC/Drivers/CMSIS/DSP/Lib/GCC/libarm_cortexM4lf_math.a(arm_copy_f32.o)
 .comment       0x000000b8       0x76 F:/CLION__Project/two_way_communication_DC_DC/Drivers/CMSIS/DSP/Lib/GCC/libarm_cortexM4lf_math.a(arm_pid_init_f32.o)
 .comment       0x000000b8       0x44 F:/STM32CubeCLT/STM32CubeCLT_1.18.0/GNU-tools-for-STM32/bin/../lib/gcc/arm-none-eabi/13.3.1/../../../../arm-none-eabi/lib/thumb/v7e-m+fp/hard\libg_nano.a(libc_a-findfp.o)
 .comment       0x000000b8       0x44 F:/STM32CubeCLT/STM32CubeCLT_1.18.0/GNU-tools-for-STM32/bin/../lib/gcc/arm-none-eabi/13.3.1/../../../../arm-none-eabi/lib/thumb/v7e-m+fp/hard\libg_nano.a(libc_a-vsprintf.o)
 .comment       0x000000b8       0x44 F:/STM32CubeCLT/STM32CubeCLT_1.18.0/GNU-tools-for-STM32/bin/../lib/gcc/arm-none-eabi/13.3.1/../../../../arm-none-eabi/lib/thumb/v7e-m+fp/hard\libg_nano.a(libc_a-memset.o)
 .comment       0x000000b8       0x44 F:/STM32CubeCLT/STM32CubeCLT_1.18.0/GNU-tools-for-STM32/bin/../lib/gcc/arm-none-eabi/13.3.1/../../../../arm-none-eabi/lib/thumb/v7e-m+fp/hard\libg_nano.a(libc_a-reent.o)
 .comment       0x000000b8       0x44 F:/STM32CubeCLT/STM32CubeCLT_1.18.0/GNU-tools-for-STM32/bin/../lib/gcc/arm-none-eabi/13.3.1/../../../../arm-none-eabi/lib/thumb/v7e-m+fp/hard\libg_nano.a(libc_a-impure.o)
 .comment       0x000000b8       0x44 F:/STM32CubeCLT/STM32CubeCLT_1.18.0/GNU-tools-for-STM32/bin/../lib/gcc/arm-none-eabi/13.3.1/../../../../arm-none-eabi/lib/thumb/v7e-m+fp/hard\libg_nano.a(libc_a-errno.o)
 .comment       0x000000b8       0x44 F:/STM32CubeCLT/STM32CubeCLT_1.18.0/GNU-tools-for-STM32/bin/../lib/gcc/arm-none-eabi/13.3.1/../../../../arm-none-eabi/lib/thumb/v7e-m+fp/hard\libg_nano.a(libc_a-init.o)
 .comment       0x000000b8       0x44 F:/STM32CubeCLT/STM32CubeCLT_1.18.0/GNU-tools-for-STM32/bin/../lib/gcc/arm-none-eabi/13.3.1/../../../../arm-none-eabi/lib/thumb/v7e-m+fp/hard\libg_nano.a(libc_a-lock.o)