Archive member included to satisfy reference by file (symbol)

F:/CLION__Project/two_way_communication_DC_DC/Drivers/CMSIS/DSP/Lib/GCC/libarm_cortexM4lf_math.a(arm_copy_f32.o)
                              CMakeFiles/two_way_communication_DC_DC.dir/Core/Src/main.c.obj (arm_copy_f32)
F:/CLION__Project/two_way_communication_DC_DC/Drivers/CMSIS/DSP/Lib/GCC/libarm_cortexM4lf_math.a(arm_pid_init_f32.o)
                              CMakeFiles/two_way_communication_DC_DC.dir/Core/Src/main.c.obj (arm_pid_init_f32)
F:/STM32CubeCLT/STM32CubeCLT_1.18.0/GNU-tools-for-STM32/bin/../lib/gcc/arm-none-eabi/13.3.1/../../../../arm-none-eabi/lib/thumb/v7e-m+fp/hard\libm.a(libm_a-w_atan2.o)
                              CMakeFiles/two_way_communication_DC_DC.dir/Core/Src/OLED.c.obj (atan2)
F:/STM32CubeCLT/STM32CubeCLT_1.18.0/GNU-tools-for-STM32/bin/../lib/gcc/arm-none-eabi/13.3.1/../../../../arm-none-eabi/lib/thumb/v7e-m+fp/hard\libm.a(libm_a-s_round.o)
                              CMakeFiles/two_way_communication_DC_DC.dir/Core/Src/OLED.c.obj (round)
F:/STM32CubeCLT/STM32CubeCLT_1.18.0/GNU-tools-for-STM32/bin/../lib/gcc/arm-none-eabi/13.3.1/../../../../arm-none-eabi/lib/thumb/v7e-m+fp/hard\libm.a(libm_a-e_atan2.o)
                              F:/STM32CubeCLT/STM32CubeCLT_1.18.0/GNU-tools-for-STM32/bin/../lib/gcc/arm-none-eabi/13.3.1/../../../../arm-none-eabi/lib/thumb/v7e-m+fp/hard\libm.a(libm_a-w_atan2.o) (__ieee754_atan2)
F:/STM32CubeCLT/STM32CubeCLT_1.18.0/GNU-tools-for-STM32/bin/../lib/gcc/arm-none-eabi/13.3.1/../../../../arm-none-eabi/lib/thumb/v7e-m+fp/hard\libm.a(libm_a-s_atan.o)
                              F:/STM32CubeCLT/STM32CubeCLT_1.18.0/GNU-tools-for-STM32/bin/../lib/gcc/arm-none-eabi/13.3.1/../../../../arm-none-eabi/lib/thumb/v7e-m+fp/hard\libm.a(libm_a-e_atan2.o) (atan)
F:/STM32CubeCLT/STM32CubeCLT_1.18.0/GNU-tools-for-STM32/bin/../lib/gcc/arm-none-eabi/13.3.1/../../../../arm-none-eabi/lib/thumb/v7e-m+fp/hard\libm.a(libm_a-s_fabs.o)
                              F:/STM32CubeCLT/STM32CubeCLT_1.18.0/GNU-tools-for-STM32/bin/../lib/gcc/arm-none-eabi/13.3.1/../../../../arm-none-eabi/lib/thumb/v7e-m+fp/hard\libm.a(libm_a-e_atan2.o) (fabs)
F:/STM32CubeCLT/STM32CubeCLT_1.18.0/GNU-tools-for-STM32/bin/../lib/gcc/arm-none-eabi/13.3.1/thumb/v7e-m+fp/hard\libgcc.a(_arm_muldf3.o)
                              CMakeFiles/two_way_communication_DC_DC.dir/Core/Src/OLED.c.obj (__aeabi_dmul)
F:/STM32CubeCLT/STM32CubeCLT_1.18.0/GNU-tools-for-STM32/bin/../lib/gcc/arm-none-eabi/13.3.1/thumb/v7e-m+fp/hard\libgcc.a(_arm_addsubdf3.o)
                              CMakeFiles/two_way_communication_DC_DC.dir/Core/Src/OLED.c.obj (__aeabi_dsub)
F:/STM32CubeCLT/STM32CubeCLT_1.18.0/GNU-tools-for-STM32/bin/../lib/gcc/arm-none-eabi/13.3.1/thumb/v7e-m+fp/hard\libgcc.a(_arm_muldivdf3.o)
                              CMakeFiles/two_way_communication_DC_DC.dir/Core/Src/OLED.c.obj (__aeabi_ddiv)
F:/STM32CubeCLT/STM32CubeCLT_1.18.0/GNU-tools-for-STM32/bin/../lib/gcc/arm-none-eabi/13.3.1/thumb/v7e-m+fp/hard\libgcc.a(_arm_cmpdf2.o)
                              CMakeFiles/two_way_communication_DC_DC.dir/Core/Src/OLED.c.obj (__aeabi_dcmplt)
F:/STM32CubeCLT/STM32CubeCLT_1.18.0/GNU-tools-for-STM32/bin/../lib/gcc/arm-none-eabi/13.3.1/thumb/v7e-m+fp/hard\libgcc.a(_arm_fixdfsi.o)
                              CMakeFiles/two_way_communication_DC_DC.dir/Core/Src/OLED.c.obj (__aeabi_d2iz)
F:/STM32CubeCLT/STM32CubeCLT_1.18.0/GNU-tools-for-STM32/bin/../lib/gcc/arm-none-eabi/13.3.1/thumb/v7e-m+fp/hard\libgcc.a(_arm_fixunsdfsi.o)
                              CMakeFiles/two_way_communication_DC_DC.dir/Core/Src/OLED.c.obj (__aeabi_d2uiz)
F:/STM32CubeCLT/STM32CubeCLT_1.18.0/GNU-tools-for-STM32/bin/../lib/gcc/arm-none-eabi/13.3.1/thumb/v7e-m+fp/hard\libgcc.a(_arm_truncdfsf2.o)
                              CMakeFiles/two_way_communication_DC_DC.dir/Core/Src/OLED.c.obj (__aeabi_d2f)
F:/STM32CubeCLT/STM32CubeCLT_1.18.0/GNU-tools-for-STM32/bin/../lib/gcc/arm-none-eabi/13.3.1/../../../../arm-none-eabi/lib/thumb/v7e-m+fp/hard\libg_nano.a(libc_a-exit.o)
                              F:/STM32CubeCLT/STM32CubeCLT_1.18.0/GNU-tools-for-STM32/bin/../lib/gcc/arm-none-eabi/13.3.1/../../../../arm-none-eabi/lib/thumb/v7e-m+fp/hard/crt0.o (exit)
F:/STM32CubeCLT/STM32CubeCLT_1.18.0/GNU-tools-for-STM32/bin/../lib/gcc/arm-none-eabi/13.3.1/../../../../arm-none-eabi/lib/thumb/v7e-m+fp/hard\libg_nano.a(libc_a-findfp.o)
                              F:/STM32CubeCLT/STM32CubeCLT_1.18.0/GNU-tools-for-STM32/bin/../lib/gcc/arm-none-eabi/13.3.1/../../../../arm-none-eabi/lib/thumb/v7e-m+fp/hard\libg_nano.a(libc_a-exit.o) (__stdio_exit_handler)
F:/STM32CubeCLT/STM32CubeCLT_1.18.0/GNU-tools-for-STM32/bin/../lib/gcc/arm-none-eabi/13.3.1/../../../../arm-none-eabi/lib/thumb/v7e-m+fp/hard\libg_nano.a(libc_a-fwalk.o)
[...]
Memory Configuration

Name             Origin             Length             Attributes
RAM              0x20000000         0x00020000         xrw
FLASH            0x08000000         0x00080000         xr
*default*        0x00000000         0xffffffff

Linker script and memory map

LOAD F:/STM32CubeCLT/STM32CubeCLT_1.18.0/GNU-tools-for-STM32/bin/../lib/gcc/arm-none-eabi/13.3.1/thumb/v7e-m+fp/hard/crti.o
LOAD F:/STM32CubeCLT/STM32CubeCLT_1.18.0/GNU-tools-for-STM32/bin/../lib/gcc/arm-none-eabi/13.3.1/thumb/v7e-m+fp/hard/crtbegin.o
LOAD F:/STM32CubeCLT/STM32CubeCLT_1.18.0/GNU-tools-for-STM32/bin/../lib/gcc/arm-none-eabi/13.3.1/../../../../arm-none-eabi/lib/thumb/v7e-m+fp/hard/crt0.o
LOAD cmake/stm32cubemx/CMakeFiles/STM32_Drivers.dir/__/__/Core/Src/system_stm32g4xx.c.obj
LOAD cmake/stm32cubemx/CMakeFiles/STM32_Drivers.dir/__/__/Drivers/STM32G4xx_HAL_Driver/Src/stm32g4xx_hal_adc.c.obj
LOAD cmake/stm32cubemx/CMakeFiles/STM32_Drivers.dir/__/__/Drivers/STM32G4xx_HAL_Driver/Src/stm32g4xx_hal_adc_ex.c.obj
LOAD cmake/stm32cubemx/CMakeFiles/STM32_Drivers.dir/__/__/Drivers/STM32G4xx_HAL_Driver/Src/stm32g4xx_ll_adc.c.obj
LOAD cmake/stm32cubemx/CMakeFiles/STM32_Drivers.dir/__/__/Drivers/STM32G4xx_HAL_Driver/Src/stm32g4xx_hal.c.obj
LOAD cmake/stm32cubemx/CMakeFiles/STM32_Drivers.dir/__/__/Drivers/STM32G4xx_HAL_Driver/Src/stm32g4xx_hal_rcc.c.obj
LOAD cmake/stm32cubemx/CMakeFiles/STM32_Drivers.dir/__/__/Drivers/STM32G4xx_HAL_Driver/Src/stm32g4xx_hal_rcc_ex.c.obj
LOAD cmake/stm32cubemx/CMakeFiles/STM32_Drivers.dir/__/__/Drivers/STM32G4xx_HAL_Driver/Src/stm32g4xx_hal_flash.c.obj
LOAD cmake/stm32cubemx/CMakeFiles/STM32_Drivers.dir/__/__/Drivers/STM32G4xx_HAL_Driver/Src/stm32g4xx_hal_flash_ex.c.obj
LOAD cmake/stm32cubemx/CMakeFiles/STM32_Drivers.dir/__/__/Drivers/STM32G4xx_HAL_Driver/Src/stm32g4xx_hal_flash_ramfunc.c.obj
LOAD cmake/stm32cubemx/CMakeFiles/STM32_Drivers.dir/__/__/Drivers/STM32G4xx_HAL_Driver/Src/stm32g4xx_hal_gpio.c.obj
LOAD cmake/stm32cubemx/CMakeFiles/STM32_Drivers.dir/__/__/Drivers/STM32G4xx_HAL_Driver/Src/stm32g4xx_hal_exti.c.obj
LOAD cmake/stm32cubemx/CMakeFiles/STM32_Drivers.dir/__/__/Drivers/STM32G4xx_HAL_Driver/Src/stm32g4xx_hal_dma.c.obj
LOAD cmake/stm32cubemx/CMakeFiles/STM32_Drivers.dir/__/__/Drivers/STM32G4xx_HAL_Driver/Src/stm32g4xx_hal_dma_ex.c.obj
LOAD cmake/stm32cubemx/CMakeFiles/STM32_Drivers.dir/__/__/Drivers/STM32G4xx_HAL_Driver/Src/stm32g4xx_hal_pwr.c.obj
LOAD cmake/stm32cubemx/CMakeFiles/STM32_Drivers.dir/__/__/Drivers/STM32G4xx_HAL_Driver/Src/stm32g4xx_hal_pwr_ex.c.obj
LOAD cmake/stm32cubemx/CMakeFiles/STM32_Drivers.dir/__/__/Drivers/STM32G4xx_HAL_Driver/Src/stm32g4xx_hal_cortex.c.obj
LOAD cmake/stm32cubemx/CMakeFiles/STM32_Drivers.dir/__/__/Drivers/STM32G4xx_HAL_Driver/Src/stm32g4xx_hal_hrtim.c.obj
LOAD CMakeFiles/two_way_communication_DC_DC.dir/Core/Src/MY_OLED.c.obj
LOAD CMakeFiles/two_way_communication_DC_DC.dir/Core/Src/OLED.c.obj
LOAD CMakeFiles/two_way_communication_DC_DC.dir/Core/Src/OLED_Data.c.obj
LOAD CMakeFiles/two_way_communication_DC_DC.dir/Core/Src/main.c.obj
LOAD CMakeFiles/two_way_communication_DC_DC.dir/Core/Src/gpio.c.obj
LOAD CMakeFiles/two_way_communication_DC_DC.dir/Core/Src/adc.c.obj
LOAD CMakeFiles/two_way_communication_DC_DC.dir/Core/Src/dma.c.obj
LOAD CMakeFiles/two_way_communication_DC_DC.dir/Core/Src/hrtim.c.obj
LOAD CMakeFiles/two_way_communication_DC_DC.dir/Core/Src/stm32g4xx_it.c.obj
LOAD CMakeFiles/two_way_communication_DC_DC.dir/Core/Src/stm32g4xx_hal_msp.c.obj
LOAD CMakeFiles/two_way_communication_DC_DC.dir/Core/Src/sysmem.c.obj
LOAD CMakeFiles/two_way_communication_DC_DC.dir/Core/Src/syscalls.c.obj
LOAD CMakeFiles/two_way_communication_DC_DC.dir/startup_stm32g474xx.s.obj
LOAD F:/CLION__Project/two_way_communication_DC_DC/Drivers/CMSIS/DSP/Lib/GCC/libarm_cortexM4lf_math.a
LOAD F:/STM32CubeCLT/STM32CubeCLT_1.18.0/GNU-tools-for-STM32/bin/../lib/gcc/arm-none-eabi/13.3.1/../../../../arm-none-eabi/lib/thumb/v7e-m+fp/hard\libm.a
START GROUP
LOAD F:/STM32CubeCLT/STM32CubeCLT_1.18.0/GNU-tools-for-STM32/bin/../lib/gcc/arm-none-eabi/13.3.1/thumb/v7e-m+fp/hard\libgcc.a
LOAD F:/STM32CubeCLT/STM32CubeCLT_1.18.0/GNU-tools-for-STM32/bin/../lib/gcc/arm-none-eabi/13.3.1/../../../../arm-none-eabi/lib/thumb/v7e-m+fp/hard\libg_nano.a
LOAD F:/STM32CubeCLT/STM32CubeCLT_1.18.0/GNU-tools-for-STM32/bin/../lib/gcc/arm-none-eabi/13.3.1/../../../../arm-none-eabi/lib/thumb/v7e-m+fp/hard\libc_nano.a
END GROUP
START GROUP
LOAD F:/STM32CubeCLT/STM32CubeCLT_1.18.0/GNU-tools-for-STM32/bin/../lib/gcc/arm-none-eabi/13.3.1/thumb/v7e-m+fp/hard\libgcc.a
LOAD F:/STM32CubeCLT/STM32CubeCLT_1.18.0/GNU-tools-for-STM32/bin/../lib/gcc/arm-none-eabi/13.3.1/../../../../arm-none-eabi/lib/thumb/v7e-m+fp/hard\libc_nano.a
END GROUP
LOAD F:/STM32CubeCLT/STM32CubeCLT_1.18.0/GNU-tools-for-STM32/bin/../lib/gcc/arm-none-eabi/13.3.1/thumb/v7e-m+fp/hard/crtend.o
LOAD F:/STM32CubeCLT/STM32CubeCLT_1.18.0/GNU-tools-for-STM32/bin/../lib/gcc/arm-none-eabi/13.3.1/thumb/v7e-m+fp/hard/crtn.o
                0x20020000                        _estack = (ORIGIN (RAM) + LENGTH (RAM))
                0x00000200                        _Min_Heap_Size = 0x200
                0x00000400                        _Min_Stack_Size = 0x400

.isr_vector     0x08000000      0x1d8
                0x08000000                        . = ALIGN (0x4)
 *(.isr_vector)
 .isr_vector    0x08000000      0x1d8 CMakeFiles/two_way_communication_DC_DC.dir/startup_stm32g474xx.s.obj
                0x08000000                g_pfnVectors
                0x080001d8                        . = ALIGN (0x4)

.text           0x080001d8     0x6854
                0x080001d8                        . = ALIGN (0x4)
 *(.text)
 .text          0x080001d8       0x40 F:/STM32CubeCLT/STM32CubeCLT_1.18.0/GNU-tools-for-STM32/bin/../lib/gcc/arm-none-eabi/13.3.1/thumb/v7e-m+fp/hard/crtbegin.o
 *(.text*)
 .text.SystemInit
                0x08000218       0x24 cmake/stm32cubemx/CMakeFiles/STM32_Drivers.dir/__/__/Core/Src/system_stm32g4xx.c.obj
                0x08000218                SystemInit
 .text.LL_ADC_SetCommonClock
                0x0800023c       0x26 cmake/stm32cubemx/CMakeFiles/STM32_Drivers.dir/__/__/Drivers/STM32G4xx_HAL_Driver/Src/stm32g4xx_hal_adc.c.obj
 .text.LL_ADC_SetCommonPathInternalCh
                0x08000262       0x26 cmake/stm32cubemx/CMakeFiles/STM32_Drivers.dir/__/__/Drivers/STM32G4xx_HAL_Driver/Src/stm32g4xx_hal_adc.c.obj
 .text.LL_ADC_GetCommonPathInternalCh
                0x08000288       0x1c cmake/stm32cubemx/CMakeFiles/STM32_Drivers.dir/__/__/Drivers/STM32G4xx_HAL_Driver/Src/stm32g4xx_hal_adc.c.obj
 .text.LL_ADC_SetOffset
                0x080002a4       0x48 cmake/stm32cubemx/CMakeFiles/STM32_Drivers.dir/__/__/Drivers/STM32G4xx_HAL_Driver/Src/stm32g4xx_hal_adc.c.obj
 .text.LL_ADC_GetOffsetChannel
                0x080002ec       0x2c cmake/stm32cubemx/CMakeFiles/STM32_Drivers.dir/__/__/Drivers/STM32G4xx_HAL_Driver/Src/stm32g4xx_hal_adc.c.obj
 .text.LL_ADC_SetOffsetState
                0x08000318       0x36 cmake/stm32cubemx/CMakeFiles/STM32_Drivers.dir/__/__/Drivers/STM32G4xx_HAL_Driver/Src/stm32g4xx_hal_adc.c.obj
 .text.LL_ADC_SetOffsetSign
                0x0800034e       0x36 cmake/stm32cubemx/CMakeFiles/STM32_Drivers.dir/__/__/Drivers/STM32G4xx_HAL_Driver/Src/stm32g4xx_hal_adc.c.obj
 .text.LL_ADC_SetOffsetSaturation
                0x08000384       0x36 cmake/stm32cubemx/CMakeFiles/STM32_Drivers.dir/__/__/Drivers/STM32G4xx_HAL_Driver/Src/stm32g4xx_hal_adc.c.obj
 .text.LL_ADC_SetSamplingTimeCommonConfig
                0x080003ba       0x26 cmake/stm32cubemx/CMakeFiles/STM32_Drivers.dir/__/__/Drivers/STM32G4xx_HAL_Driver/Src/stm32g4xx_hal_adc.c.obj
 .text.LL_ADC_REG_IsTriggerSourceSWStart
                0x080003e0       0x26 cmake/stm32cubemx/CMakeFiles/STM32_Drivers.dir/__/__/Drivers/STM32G4xx_HAL_Driver/Src/stm32g4xx_hal_adc.c.obj
 .text.LL_ADC_REG_SetSequencerRanks
                0x08000406       0x58 cmake/stm32cubemx/CMakeFiles/STM32_Drivers.dir/__/__/Drivers/STM32G4xx_HAL_Driver/Src/stm32g4xx_hal_adc.c.obj
 .text.LL_ADC_INJ_IsTriggerSourceSWStart
                0x0800045e       0x26 cmake/stm32cubemx/CMakeFiles/STM32_Drivers.dir/__/__/Drivers/STM32G4xx_HAL_Driver/Src/stm32g4xx_hal_adc.c.obj
 .text.LL_ADC_SetChannelSamplingTime
                0x08000484       0x56 cmake/stm32cubemx/CMakeFiles/STM32_Drivers.dir/__/__/Drivers/STM32G4xx_HAL_Driver/Src/stm32g4xx_hal_adc.c.obj
 *fill*         0x080004da        0x2 
 .text.LL_ADC_SetChannelSingleDiff
                0x080004dc       0x48 cmake/stm32cubemx/CMakeFiles/STM32_Drivers.dir/__/__/Drivers/STM32G4xx_HAL_Driver/Src/stm32g4xx_hal_adc.c.obj
 .text.LL_ADC_GetMultimode
                0x08000524       0x1c cmake/stm32cubemx/CMakeFiles/STM32_Drivers.dir/__/__/Drivers/STM32G4xx_HAL_Driver/Src/stm32g4xx_hal_adc.c.obj
 .text.LL_ADC_GetMultiDMATransfer
                0x08000540       0x1c cmake/stm32cubemx/CMakeFiles/STM32_Drivers.dir/__/__/Drivers/STM32G4xx_HAL_Driver/Src/stm32g4xx_hal_adc.c.obj
 .text.LL_ADC_DisableDeepPowerDown
                0x0800055c       0x24 cmake/stm32cubemx/CMakeFiles/STM32_Drivers.dir/__/__/Drivers/STM32G4xx_HAL_Driver/Src/stm32g4xx_hal_adc.c.obj
 .text.LL_ADC_IsDeepPowerDownEnabled
                0x08000580       0x28 cmake/stm32cubemx/CMakeFiles/STM32_Drivers.dir/__/__/Drivers/STM32G4xx_HAL_Driver/Src/stm32g4xx_hal_adc.c.obj
 .text.LL_ADC_EnableInternalRegulator
                0x080005a8       0x28 cmake/stm32cubemx/CMakeFiles/STM32_Drivers.dir/__/__/Drivers/STM32G4xx_HAL_Driver/Src/stm32g4xx_hal_adc.c.obj
 .text.LL_ADC_IsInternalRegulatorEnabled
                0x080005d0       0x28 cmake/stm32cubemx/CMakeFiles/STM32_Drivers.dir/__/__/Drivers/STM32G4xx_HAL_Driver/Src/stm32g4xx_hal_adc.c.obj
 .text.LL_ADC_Enable
                0x080005f8       0x28 cmake/stm32cubemx/CMakeFiles/STM32_Drivers.dir/__/__/Drivers/STM32G4xx_HAL_Driver/Src/stm32g4xx_hal_adc.c.obj
 .text.LL_ADC_Disable
                0x08000620       0x28 cmake/stm32cubemx/CMakeFiles/STM32_Drivers.dir/__/__/Drivers/STM32G4xx_HAL_Driver/Src/stm32g4xx_hal_adc.c.obj
 .text.LL_ADC_IsEnabled
                0x08000648       0x26 cmake/stm32cubemx/CMakeFiles/STM32_Drivers.dir/__/__/Drivers/STM32G4xx_HAL_Driver/Src/stm32g4xx_hal_adc.c.obj
 .text.LL_ADC_IsDisableOngoing
                0x0800066e       0x26 cmake/stm32cubemx/CMakeFiles/STM32_Drivers.dir/__/__/Drivers/STM32G4xx_HAL_Driver/Src/stm32g4xx_hal_adc.c.obj
 .text.LL_ADC_REG_StartConversion
                0x08000694       0x28 cmake/stm32cubemx/CMakeFiles/STM32_Drivers.dir/__/__/Drivers/STM32G4xx_HAL_Driver/Src/stm32g4xx_hal_adc.c.obj
 .text.LL_ADC_REG_IsConversionOngoing
                0x080006bc       0x26 cmake/stm32cubemx/CMakeFiles/STM32_Drivers.dir/__/__/Drivers/STM32G4xx_HAL_Driver/Src/stm32g4xx_hal_adc.c.obj
 .text.LL_ADC_INJ_IsConversionOngoing
                0x080006e2       0x26 cmake/stm32cubemx/CMakeFiles/STM32_Drivers.dir/__/__/Drivers/STM32G4xx_HAL_Driver/Src/stm32g4xx_hal_adc.c.obj
 .text.HAL_ADC_Init
                0x08000708      0x378 cmake/stm32cubemx/CMakeFiles/STM32_Drivers.dir/__/__/Drivers/STM32G4xx_HAL_Driver/Src/stm32g4xx_hal_adc.c.obj
                0x08000708                HAL_ADC_Init
 .text.HAL_ADC_Start_DMA
                0x08000a80      0x1a8 cmake/stm32cubemx/CMakeFiles/STM32_Drivers.dir/__/__/Drivers/STM32G4xx_HAL_Driver/Src/stm32g4xx_hal_adc.c.obj
                0x08000a80                HAL_ADC_Start_DMA
 .text.HAL_ADC_IRQHandler
                0x08000c28      0x4c0 cmake/stm32cubemx/CMakeFiles/STM32_Drivers.dir/__/__/Drivers/STM32G4xx_HAL_Driver/Src/stm32g4xx_hal_adc.c.obj
                0x08000c28                HAL_ADC_IRQHandler
 .text.HAL_ADC_ConvCpltCallback
                0x080010e8       0x14 cmake/stm32cubemx/CMakeFiles/STM32_Drivers.dir/__/__/Drivers/STM32G4xx_HAL_Driver/Src/stm32g4xx_hal_adc.c.obj
                0x080010e8                HAL_ADC_ConvCpltCallback
 .text.HAL_ADC_ConvHalfCpltCallback
                0x080010fc       0x14 cmake/stm32cubemx/CMakeFiles/STM32_Drivers.dir/__/__/Drivers/STM32G4xx_HAL_Driver/Src/stm32g4xx_hal_adc.c.obj
                0x080010fc                HAL_ADC_ConvHalfCpltCallback
 .text.HAL_ADC_LevelOutOfWindowCallback
                0x08001110       0x14 cmake/stm32cubemx/CMakeFiles/STM32_Drivers.dir/__/__/Drivers/STM32G4xx_HAL_Driver/Src/stm32g4xx_hal_adc.c.obj
                0x08001110                HAL_ADC_LevelOutOfWindowCallback
 .text.HAL_ADC_ErrorCallback
                0x08001124       0x14 cmake/stm32cubemx/CMakeFiles/STM32_Drivers.dir/__/__/Drivers/STM32G4xx_HAL_Driver/Src/stm32g4xx_hal_adc.c.obj
                0x08001124                HAL_ADC_ErrorCallback
 .text.HAL_ADC_ConfigChannel
                0x08001138      0x880 cmake/stm32cubemx/CMakeFiles/STM32_Drivers.dir/__/__/Drivers/STM32G4xx_HAL_Driver/Src/stm32g4xx_hal_adc.c.obj
                0x08001138                HAL_ADC_ConfigChannel
 .text.ADC_Enable
                0x080019b8      0x12c cmake/stm32cubemx/CMakeFiles/STM32_Drivers.dir/__/__/Drivers/STM32G4xx_HAL_Driver/Src/stm32g4xx_hal_adc.c.obj
                0x080019b8                ADC_Enable
 .text.ADC_Disable
                0x08001ae4       0xbe cmake/stm32cubemx/CMakeFiles/STM32_Drivers.dir/__/__/Drivers/STM32G4xx_HAL_Driver/Src/stm32g4xx_hal_adc.c.obj
                0x08001ae4                ADC_Disable
 .text.ADC_DMAConvCplt
                0x08001ba2       0xd8 cmake/stm32cubemx/CMakeFiles/STM32_Drivers.dir/__/__/Drivers/STM32G4xx_HAL_Driver/Src/stm32g4xx_hal_adc.c.obj
                0x08001ba2                ADC_DMAConvCplt
 .text.ADC_DMAHalfConvCplt
                0x08001c7a       0x1c cmake/stm32cubemx/CMakeFiles/STM32_Drivers.dir/__/__/Drivers/STM32G4xx_HAL_Driver/Src/stm32g4xx_hal_adc.c.obj
                0x08001c7a                ADC_DMAHalfConvCplt
 .text.ADC_DMAError
                0x08001c96       0x34 cmake/stm32cubemx/CMakeFiles/STM32_Drivers.dir/__/__/Drivers/STM32G4xx_HAL_Driver/Src/stm32g4xx_hal_adc.c.obj
                0x08001c96                ADC_DMAError
 .text.LL_ADC_IsEnabled
                0x08001cca       0x26 cmake/stm32cubemx/CMakeFiles/STM32_Drivers.dir/__/__/Drivers/STM32G4xx_HAL_Driver/Src/stm32g4xx_hal_adc_ex.c.obj
 .text.LL_ADC_StartCalibration
                0x08001cf0       0x32 cmake/stm32cubemx/CMakeFiles/STM32_Drivers.dir/__/__/Drivers/STM32G4xx_HAL_Driver/Src/stm32g4xx_hal_adc_ex.c.obj
 .text.LL_ADC_IsCalibrationOnGoing
                0x08001d22       0x28 cmake/stm32cubemx/CMakeFiles/STM32_Drivers.dir/__/__/Drivers/STM32G4xx_HAL_Driver/Src/stm32g4xx_hal_adc_ex.c.obj
 .text.LL_ADC_REG_IsConversionOngoing
                0x08001d4a       0x26 cmake/stm32cubemx/CMakeFiles/STM32_Drivers.dir/__/__/Drivers/STM32G4xx_HAL_Driver/Src/stm32g4xx_hal_adc_ex.c.obj
 .text.HAL_ADCEx_Calibration_Start
                0x08001d70       0xc4 cmake/stm32cubemx/CMakeFiles/STM32_Drivers.dir/__/__/Drivers/STM32G4xx_HAL_Driver/Src/stm32g4xx_hal_adc_ex.c.obj
                0x08001d70                HAL_ADCEx_Calibration_Start
 .text.HAL_ADCEx_InjectedConvCpltCallback
                0x08001e34       0x14 cmake/stm32cubemx/CMakeFiles/STM32_Drivers.dir/__/__/Drivers/STM32G4xx_HAL_Driver/Src/stm32g4xx_hal_adc_ex.c.obj
                0x08001e34                HAL_ADCEx_InjectedConvCpltCallback
 .text.HAL_ADCEx_InjectedQueueOverflowCallback
                0x08001e48       0x14 cmake/stm32cubemx/CMakeFiles/STM32_Drivers.dir/__/__/Drivers/STM32G4xx_HAL_Driver/Src/stm32g4xx_hal_adc_ex.c.obj
                0x08001e48                HAL_ADCEx_InjectedQueueOverflowCallback
 .text.HAL_ADCEx_LevelOutOfWindow2Callback
                0x08001e5c       0x14 cmake/stm32cubemx/CMakeFiles/STM32_Drivers.dir/__/__/Drivers/STM32G4xx_HAL_Driver/Src/stm32g4xx_hal_adc_ex.c.obj
                0x08001e5c                HAL_ADCEx_LevelOutOfWindow2Callback
 .text.HAL_ADCEx_LevelOutOfWindow3Callback
                0x08001e70       0x14 cmake/stm32cubemx/CMakeFiles/STM32_Drivers.dir/__/__/Drivers/STM32G4xx_HAL_Driver/Src/stm32g4xx_hal_adc_ex.c.obj
                0x08001e70                HAL_ADCEx_LevelOutOfWindow3Callback
 .text.HAL_ADCEx_EndOfSamplingCallback
                0x08001e84       0x14 cmake/stm32cubemx/CMakeFiles/STM32_Drivers.dir/__/__/Drivers/STM32G4xx_HAL_Driver/Src/stm32g4xx_hal_adc_ex.c.obj
                0x08001e84                HAL_ADCEx_EndOfSamplingCallback
 .text.HAL_ADCEx_MultiModeConfigChannel
                0x08001e98      0x210 cmake/stm32cubemx/CMakeFiles/STM32_Drivers.dir/__/__/Drivers/STM32G4xx_HAL_Driver/Src/stm32g4xx_hal_adc_ex.c.obj
                0x08001e98                HAL_ADCEx_MultiModeConfigChannel
 .text.HAL_Init
                0x080020a8       0x30 cmake/stm32cubemx/CMakeFiles/STM32_Drivers.dir/__/__/Drivers/STM32G4xx_HAL_Driver/Src/stm32g4xx_hal.c.obj
                0x080020a8                HAL_Init
 .text.HAL_InitTick
                0x080020d8       0x74 cmake/stm32cubemx/CMakeFiles/STM32_Drivers.dir/__/__/Drivers/STM32G4xx_HAL_Driver/Src/stm32g4xx_hal.c.obj
                0x080020d8                HAL_InitTick
 .text.HAL_IncTick
                0x0800214c       0x24 cmake/stm32cubemx/CMakeFiles/STM32_Drivers.dir/__/__/Drivers/STM32G4xx_HAL_Driver/Src/stm32g4xx_hal.c.obj
                0x0800214c                HAL_IncTick
 .text.HAL_GetTick
                0x08002170       0x18 cmake/stm32cubemx/CMakeFiles/STM32_Drivers.dir/__/__/Drivers/STM32G4xx_HAL_Driver/Src/stm32g4xx_hal.c.obj
                0x08002170                HAL_GetTick
 .text.HAL_Delay
                0x08002188       0x44 cmake/stm32cubemx/CMakeFiles/STM32_Drivers.dir/__/__/Drivers/STM32G4xx_HAL_Driver/Src/stm32g4xx_hal.c.obj
                0x08002188                HAL_Delay
 .text.HAL_RCC_OscConfig
                0x080021cc      0x624 cmake/stm32cubemx/CMakeFiles/STM32_Drivers.dir/__/__/Drivers/STM32G4xx_HAL_Driver/Src/stm32g4xx_hal_rcc.c.obj
                0x080021cc                HAL_RCC_OscConfig
 .text.HAL_RCC_ClockConfig
                0x080027f0      0x278 cmake/stm32cubemx/CMakeFiles/STM32_Drivers.dir/__/__/Drivers/STM32G4xx_HAL_Driver/Src/stm32g4xx_hal_rcc.c.obj
                0x080027f0                HAL_RCC_ClockConfig
 .text.HAL_RCC_GetSysClockFreq
                0x08002a68       0xc4 cmake/stm32cubemx/CMakeFiles/STM32_Drivers.dir/__/__/Drivers/STM32G4xx_HAL_Driver/Src/stm32g4xx_hal_rcc.c.obj
                0x08002a68                HAL_RCC_GetSysClockFreq
 .text.RCC_GetSysClockFreqFromPLLSource
                0x08002b2c       0x8c cmake/stm32cubemx/CMakeFiles/STM32_Drivers.dir/__/__/Drivers/STM32G4xx_HAL_Driver/Src/stm32g4xx_hal_rcc.c.obj
 .text.HAL_RCCEx_PeriphCLKConfig
                0x08002bb8      0x49c cmake/stm32cubemx/CMakeFiles/STM32_Drivers.dir/__/__/Drivers/STM32G4xx_HAL_Driver/Src/stm32g4xx_hal_rcc_ex.c.obj
                0x08002bb8                HAL_RCCEx_PeriphCLKConfig
 .text.HAL_GPIO_Init
                0x08003054      0x318 cmake/stm32cubemx/CMakeFiles/STM32_Drivers.dir/__/__/Drivers/STM32G4xx_HAL_Driver/Src/stm32g4xx_hal_gpio.c.obj
                0x08003054                HAL_GPIO_Init
 .text.HAL_GPIO_WritePin
                0x0800336c       0x30 cmake/stm32cubemx/CMakeFiles/STM32_Drivers.dir/__/__/Drivers/STM32G4xx_HAL_Driver/Src/stm32g4xx_hal_gpio.c.obj
                0x0800336c                HAL_GPIO_WritePin
 .text.HAL_DMA_Init
                0x0800339c      0x150 cmake/stm32cubemx/CMakeFiles/STM32_Drivers.dir/__/__/Drivers/STM32G4xx_HAL_Driver/Src/stm32g4xx_hal_dma.c.obj
                0x0800339c                HAL_DMA_Init
 .text.HAL_DMA_Start_IT
                0x080034ec       0xf6 cmake/stm32cubemx/CMakeFiles/STM32_Drivers.dir/__/__/Drivers/STM32G4xx_HAL_Driver/Src/stm32g4xx_hal_dma.c.obj
                0x080034ec                HAL_DMA_Start_IT
 .text.HAL_DMA_IRQHandler
                0x080035e2      0x15e cmake/stm32cubemx/CMakeFiles/STM32_Drivers.dir/__/__/Drivers/STM32G4xx_HAL_Driver/Src/stm32g4xx_hal_dma.c.obj
                0x080035e2                HAL_DMA_IRQHandler
 .text.DMA_SetConfig
                0x08003740       0x7c cmake/stm32cubemx/CMakeFiles/STM32_Drivers.dir/__/__/Drivers/STM32G4xx_HAL_Driver/Src/stm32g4xx_hal_dma.c.obj
 .text.DMA_CalcDMAMUXChannelBaseAndMask
                0x080037bc       0x90 cmake/stm32cubemx/CMakeFiles/STM32_Drivers.dir/__/__/Drivers/STM32G4xx_HAL_Driver/Src/stm32g4xx_hal_dma.c.obj
 .text.DMA_CalcDMAMUXRequestGenBaseAndMask
                0x0800384c       0x4c cmake/stm32cubemx/CMakeFiles/STM32_Drivers.dir/__/__/Drivers/STM32G4xx_HAL_Driver/Src/stm32g4xx_hal_dma.c.obj
 .text.HAL_PWREx_ControlVoltageScaling
                0x08003898      0x148 cmake/stm32cubemx/CMakeFiles/STM32_Drivers.dir/__/__/Drivers/STM32G4xx_HAL_Driver/Src/stm32g4xx_hal_pwr_ex.c.obj
                0x08003898                HAL_PWREx_ControlVoltageScaling
 .text.HAL_PWREx_DisableUCPDDeadBattery
                0x080039e0       0x20 cmake/stm32cubemx/CMakeFiles/STM32_Drivers.dir/__/__/Drivers/STM32G4xx_HAL_Driver/Src/stm32g4xx_hal_pwr_ex.c.obj
                0x080039e0                HAL_PWREx_DisableUCPDDeadBattery
 .text.__NVIC_SetPriorityGrouping
                0x08003a00       0x48 cmake/stm32cubemx/CMakeFiles/STM32_Drivers.dir/__/__/Drivers/STM32G4xx_HAL_Driver/Src/stm32g4xx_hal_cortex.c.obj
 .text.__NVIC_GetPriorityGrouping
                0x08003a48       0x1c cmake/stm32cubemx/CMakeFiles/STM32_Drivers.dir/__/__/Drivers/STM32G4xx_HAL_Driver/Src/stm32g4xx_hal_cortex.c.obj
 .text.__NVIC_EnableIRQ
                0x08003a64       0x3c cmake/stm32cubemx/CMakeFiles/STM32_Drivers.dir/__/__/Drivers/STM32G4xx_HAL_Driver/Src/stm32g4xx_hal_cortex.c.obj
 .text.__NVIC_SetPriority
                0x08003aa0       0x54 cmake/stm32cubemx/CMakeFiles/STM32_Drivers.dir/__/__/Drivers/STM32G4xx_HAL_Driver/Src/stm32g4xx_hal_cortex.c.obj
 .text.NVIC_EncodePriority
                0x08003af4       0x66 cmake/stm32cubemx/CMakeFiles/STM32_Drivers.dir/__/__/Drivers/STM32G4xx_HAL_Driver/Src/stm32g4xx_hal_cortex.c.obj
 *fill*         0x08003b5a        0x2 
 .text.SysTick_Config
                0x08003b5c       0x44 cmake/stm32cubemx/CMakeFiles/STM32_Drivers.dir/__/__/Drivers/STM32G4xx_HAL_Driver/Src/stm32g4xx_hal_cortex.c.obj
 .text.HAL_NVIC_SetPriorityGrouping
                0x08003ba0       0x16 cmake/stm32cubemx/CMakeFiles/STM32_Drivers.dir/__/__/Drivers/STM32G4xx_HAL_Driver/Src/stm32g4xx_hal_cortex.c.obj
                0x08003ba0                HAL_NVIC_SetPriorityGrouping
 .text.HAL_NVIC_SetPriority
                0x08003bb6       0x34 cmake/stm32cubemx/CMakeFiles/STM32_Drivers.dir/__/__/Drivers/STM32G4xx_HAL_Driver/Src/stm32g4xx_hal_cortex.c.obj
                0x08003bb6                HAL_NVIC_SetPriority
 .text.HAL_NVIC_EnableIRQ
                0x08003bea       0x1c cmake/stm32cubemx/CMakeFiles/STM32_Drivers.dir/__/__/Drivers/STM32G4xx_HAL_Driver/Src/stm32g4xx_hal_cortex.c.obj
                0x08003bea                HAL_NVIC_EnableIRQ
 .text.HAL_SYSTICK_Config
                0x08003c06       0x18 cmake/stm32cubemx/CMakeFiles/STM32_Drivers.dir/__/__/Drivers/STM32G4xx_HAL_Driver/Src/stm32g4xx_hal_cortex.c.obj
                0x08003c06                HAL_SYSTICK_Config
 *fill*         0x08003c1e        0x2 
 .text.HAL_HRTIM_Init
                0x08003c20      0x1a0 cmake/stm32cubemx/CMakeFiles/STM32_Drivers.dir/__/__/Drivers/STM32G4xx_HAL_Driver/Src/stm32g4xx_hal_hrtim.c.obj
                0x08003c20                HAL_HRTIM_Init
 .text.HAL_HRTIM_DLLCalibrationStart
                0x08003dc0       0xb0 cmake/stm32cubemx/CMakeFiles/STM32_Drivers.dir/__/__/Drivers/STM32G4xx_HAL_Driver/Src/stm32g4xx_hal_hrtim.c.obj
                0x08003dc0                HAL_HRTIM_DLLCalibrationStart
 .text.HAL_HRTIM_PollForDLLCalibration
                0x08003e70       0x68 cmake/stm32cubemx/CMakeFiles/STM32_Drivers.dir/__/__/Drivers/STM32G4xx_HAL_Driver/Src/stm32g4xx_hal_hrtim.c.obj
                0x08003e70                HAL_HRTIM_PollForDLLCalibration
 .text.HAL_HRTIM_TimeBaseConfig
                0x08003ed8       0x50 cmake/stm32cubemx/CMakeFiles/STM32_Drivers.dir/__/__/Drivers/STM32G4xx_HAL_Driver/Src/stm32g4xx_hal_hrtim.c.obj
                0x08003ed8                HAL_HRTIM_TimeBaseConfig
 .text.HAL_HRTIM_WaveformTimerConfig
                0x08003f28      0x11a cmake/stm32cubemx/CMakeFiles/STM32_Drivers.dir/__/__/Drivers/STM32G4xx_HAL_Driver/Src/stm32g4xx_hal_hrtim.c.obj
                0x08003f28                HAL_HRTIM_WaveformTimerConfig
 .text.HAL_HRTIM_WaveformTimerControl
                0x08004042       0x5e cmake/stm32cubemx/CMakeFiles/STM32_Drivers.dir/__/__/Drivers/STM32G4xx_HAL_Driver/Src/stm32g4xx_hal_hrtim.c.obj
                0x08004042                HAL_HRTIM_WaveformTimerControl
 .text.HAL_HRTIM_DeadTimeConfig
                0x080040a0      0x100 cmake/stm32cubemx/CMakeFiles/STM32_Drivers.dir/__/__/Drivers/STM32G4xx_HAL_Driver/Src/stm32g4xx_hal_hrtim.c.obj
                0x080040a0                HAL_HRTIM_DeadTimeConfig
 .text.HAL_HRTIM_WaveformCompareConfig
                0x080041a0      0x2dc cmake/stm32cubemx/CMakeFiles/STM32_Drivers.dir/__/__/Drivers/STM32G4xx_HAL_Driver/Src/stm32g4xx_hal_hrtim.c.obj
                0x080041a0                HAL_HRTIM_WaveformCompareConfig
 .text.HAL_HRTIM_WaveformOutputConfig
                0x0800447c       0x62 cmake/stm32cubemx/CMakeFiles/STM32_Drivers.dir/__/__/Drivers/STM32G4xx_HAL_Driver/Src/stm32g4xx_hal_hrtim.c.obj
                0x0800447c                HAL_HRTIM_WaveformOutputConfig
 .text.HAL_HRTIM_WaveformOutputStart
                0x080044de       0x5a cmake/stm32cubemx/CMakeFiles/STM32_Drivers.dir/__/__/Drivers/STM32G4xx_HAL_Driver/Src/stm32g4xx_hal_hrtim.c.obj
                0x080044de                HAL_HRTIM_WaveformOutputStart
 .text.HAL_HRTIM_WaveformCountStart
                0x08004538       0x56 cmake/stm32cubemx/CMakeFiles/STM32_Drivers.dir/__/__/Drivers/STM32G4xx_HAL_Driver/Src/stm32g4xx_hal_hrtim.c.obj
                0x08004538                HAL_HRTIM_WaveformCountStart
 .text.HAL_HRTIM_IRQHandler
                0x0800458e       0x36 cmake/stm32cubemx/CMakeFiles/STM32_Drivers.dir/__/__/Drivers/STM32G4xx_HAL_Driver/Src/stm32g4xx_hal_hrtim.c.obj
                0x0800458e                HAL_HRTIM_IRQHandler
 .text.HAL_HRTIM_Fault1Callback
                0x080045c4       0x14 cmake/stm32cubemx/CMakeFiles/STM32_Drivers.dir/__/__/Drivers/STM32G4xx_HAL_Driver/Src/stm32g4xx_hal_hrtim.c.obj
                0x080045c4                HAL_HRTIM_Fault1Callback
 .text.HAL_HRTIM_Fault2Callback
                0x080045d8       0x14 cmake/stm32cubemx/CMakeFiles/STM32_Drivers.dir/__/__/Drivers/STM32G4xx_HAL_Driver/Src/stm32g4xx_hal_hrtim.c.obj
                0x080045d8                HAL_HRTIM_Fault2Callback
 .text.HAL_HRTIM_Fault3Callback
                0x080045ec       0x14 cmake/stm32cubemx/CMakeFiles/STM32_Drivers.dir/__/__/Drivers/STM32G4xx_HAL_Driver/Src/stm32g4xx_hal_hrtim.c.obj
                0x080045ec                HAL_HRTIM_Fault3Callback
 .text.HAL_HRTIM_Fault4Callback
                0x08004600       0x14 cmake/stm32cubemx/CMakeFiles/STM32_Drivers.dir/__/__/Drivers/STM32G4xx_HAL_Driver/Src/stm32g4xx_hal_hrtim.c.obj
                0x08004600                HAL_HRTIM_Fault4Callback
 .text.HAL_HRTIM_Fault5Callback
                0x08004614       0x14 cmake/stm32cubemx/CMakeFiles/STM32_Drivers.dir/__/__/Drivers/STM32G4xx_HAL_Driver/Src/stm32g4xx_hal_hrtim.c.obj
                0x08004614                HAL_HRTIM_Fault5Callback
 .text.HAL_HRTIM_Fault6Callback
                0x08004628       0x14 cmake/stm32cubemx/CMakeFiles/STM32_Drivers.dir/__/__/Drivers/STM32G4xx_HAL_Driver/Src/stm32g4xx_hal_hrtim.c.obj
                0x08004628                HAL_HRTIM_Fault6Callback
 .text.HAL_HRTIM_SystemFaultCallback
                0x0800463c       0x14 cmake/stm32cubemx/CMakeFiles/STM32_Drivers.dir/__/__/Drivers/STM32G4xx_HAL_Driver/Src/stm32g4xx_hal_hrtim.c.obj
                0x0800463c                HAL_HRTIM_SystemFaultCallback
 .text.HAL_HRTIM_DLLCalibrationReadyCallback
                0x08004650       0x14 cmake/stm32cubemx/CMakeFiles/STM32_Drivers.dir/__/__/Drivers/STM32G4xx_HAL_Driver/Src/stm32g4xx_hal_hrtim.c.obj
                0x08004650                HAL_HRTIM_DLLCalibrationReadyCallback
 .text.HAL_HRTIM_BurstModePeriodCallback
                0x08004664       0x14 cmake/stm32cubemx/CMakeFiles/STM32_Drivers.dir/__/__/Drivers/STM32G4xx_HAL_Driver/Src/stm32g4xx_hal_hrtim.c.obj
                0x08004664                HAL_HRTIM_BurstModePeriodCallback
 .text.HAL_HRTIM_SynchronizationEventCallback
                0x08004678       0x14 cmake/stm32cubemx/CMakeFiles/STM32_Drivers.dir/__/__/Drivers/STM32G4xx_HAL_Driver/Src/stm32g4xx_hal_hrtim.c.obj
                0x08004678                HAL_HRTIM_SynchronizationEventCallback
 .text.HAL_HRTIM_RepetitionEventCallback
                0x0800468c       0x16 cmake/stm32cubemx/CMakeFiles/STM32_Drivers.dir/__/__/Drivers/STM32G4xx_HAL_Driver/Src/stm32g4xx_hal_hrtim.c.obj
                0x0800468c                HAL_HRTIM_RepetitionEventCallback
 .text.HAL_HRTIM_Compare1EventCallback
                0x080046a2       0x16 cmake/stm32cubemx/CMakeFiles/STM32_Drivers.dir/__/__/Drivers/STM32G4xx_HAL_Driver/Src/stm32g4xx_hal_hrtim.c.obj
                0x080046a2                HAL_HRTIM_Compare1EventCallback
 .text.HAL_HRTIM_Compare2EventCallback
                0x080046b8       0x16 cmake/stm32cubemx/CMakeFiles/STM32_Drivers.dir/__/__/Drivers/STM32G4xx_HAL_Driver/Src/stm32g4xx_hal_hrtim.c.obj
                0x080046b8                HAL_HRTIM_Compare2EventCallback
 .text.HAL_HRTIM_Compare3EventCallback
                0x080046ce       0x16 cmake/stm32cubemx/CMakeFiles/STM32_Drivers.dir/__/__/Drivers/STM32G4xx_HAL_Driver/Src/stm32g4xx_hal_hrtim.c.obj
                0x080046ce                HAL_HRTIM_Compare3EventCallback
 .text.HAL_HRTIM_Compare4EventCallback
                0x080046e4       0x16 cmake/stm32cubemx/CMakeFiles/STM32_Drivers.dir/__/__/Drivers/STM32G4xx_HAL_Driver/Src/stm32g4xx_hal_hrtim.c.obj
                0x080046e4                HAL_HRTIM_Compare4EventCallback
 .text.HAL_HRTIM_Capture1EventCallback
                0x080046fa       0x16 cmake/stm32cubemx/CMakeFiles/STM32_Drivers.dir/__/__/Drivers/STM32G4xx_HAL_Driver/Src/stm32g4xx_hal_hrtim.c.obj
                0x080046fa                HAL_HRTIM_Capture1EventCallback
 .text.HAL_HRTIM_Capture2EventCallback
                0x08004710       0x16 cmake/stm32cubemx/CMakeFiles/STM32_Drivers.dir/__/__/Drivers/STM32G4xx_HAL_Driver/Src/stm32g4xx_hal_hrtim.c.obj
                0x08004710                HAL_HRTIM_Capture2EventCallback
 .text.HAL_HRTIM_DelayedProtectionCallback
                0x08004726       0x16 cmake/stm32cubemx/CMakeFiles/STM32_Drivers.dir/__/__/Drivers/STM32G4xx_HAL_Driver/Src/stm32g4xx_hal_hrtim.c.obj
                0x08004726                HAL_HRTIM_DelayedProtectionCallback
 .text.HAL_HRTIM_CounterResetCallback
                0x0800473c       0x16 cmake/stm32cubemx/CMakeFiles/STM32_Drivers.dir/__/__/Drivers/STM32G4xx_HAL_Driver/Src/stm32g4xx_hal_hrtim.c.obj
                0x0800473c                HAL_HRTIM_CounterResetCallback
 .text.HAL_HRTIM_Output1SetCallback
                0x08004752       0x16 cmake/stm32cubemx/CMakeFiles/STM32_Drivers.dir/__/__/Drivers/STM32G4xx_HAL_Driver/Src/stm32g4xx_hal_hrtim.c.obj
                0x08004752                HAL_HRTIM_Output1SetCallback
 .text.HAL_HRTIM_Output1ResetCallback
                0x08004768       0x16 cmake/stm32cubemx/CMakeFiles/STM32_Drivers.dir/__/__/Drivers/STM32G4xx_HAL_Driver/Src/stm32g4xx_hal_hrtim.c.obj
                0x08004768                HAL_HRTIM_Output1ResetCallback
 .text.HAL_HRTIM_Output2SetCallback
                0x0800477e       0x16 cmake/stm32cubemx/CMakeFiles/STM32_Drivers.dir/__/__/Drivers/STM32G4xx_HAL_Driver/Src/stm32g4xx_hal_hrtim.c.obj
                0x0800477e                HAL_HRTIM_Output2SetCallback
 .text.HAL_HRTIM_Output2ResetCallback
                0x08004794       0x16 cmake/stm32cubemx/CMakeFiles/STM32_Drivers.dir/__/__/Drivers/STM32G4xx_HAL_Driver/Src/stm32g4xx_hal_hrtim.c.obj
                0x08004794                HAL_HRTIM_Output2ResetCallback
 .text.HRTIM_MasterBase_Config
                0x080047aa       0x5e cmake/stm32cubemx/CMakeFiles/STM32_Drivers.dir/__/__/Drivers/STM32G4xx_HAL_Driver/Src/stm32g4xx_hal_hrtim.c.obj
 .text.HRTIM_TimingUnitBase_Config
                0x08004808       0x80 cmake/stm32cubemx/CMakeFiles/STM32_Drivers.dir/__/__/Drivers/STM32G4xx_HAL_Driver/Src/stm32g4xx_hal_hrtim.c.obj
 .text.HRTIM_MasterWaveform_Config
                0x08004888      0x13a cmake/stm32cubemx/CMakeFiles/STM32_Drivers.dir/__/__/Drivers/STM32G4xx_HAL_Driver/Src/stm32g4xx_hal_hrtim.c.obj
 *fill*         0x080049c2        0x2 
 .text.HRTIM_TimingUnitWaveform_Config
                0x080049c4      0x314 cmake/stm32cubemx/CMakeFiles/STM32_Drivers.dir/__/__/Drivers/STM32G4xx_HAL_Driver/Src/stm32g4xx_hal_hrtim.c.obj
 .text.HRTIM_TimingUnitWaveform_Control
                0x08004cd8       0xc0 cmake/stm32cubemx/CMakeFiles/STM32_Drivers.dir/__/__/Drivers/STM32G4xx_HAL_Driver/Src/stm32g4xx_hal_hrtim.c.obj
 .text.HRTIM_OutputConfig
                0x08004d98      0x1d0 cmake/stm32cubemx/CMakeFiles/STM32_Drivers.dir/__/__/Drivers/STM32G4xx_HAL_Driver/Src/stm32g4xx_hal_hrtim.c.obj
 .text.HRTIM_ForceRegistersUpdate
                0x08004f68       0xdc cmake/stm32cubemx/CMakeFiles/STM32_Drivers.dir/__/__/Drivers/STM32G4xx_HAL_Driver/Src/stm32g4xx_hal_hrtim.c.obj
 .text.HRTIM_HRTIM_ISR
                0x08005044      0x120 cmake/stm32cubemx/CMakeFiles/STM32_Drivers.dir/__/__/Drivers/STM32G4xx_HAL_Driver/Src/stm32g4xx_hal_hrtim.c.obj
 .text.HRTIM_Master_ISR
                0x08005164      0x18a cmake/stm32cubemx/CMakeFiles/STM32_Drivers.dir/__/__/Drivers/STM32G4xx_HAL_Driver/Src/stm32g4xx_hal_hrtim.c.obj
 .text.HRTIM_Timer_ISR
                0x080052ee      0x2aa cmake/stm32cubemx/CMakeFiles/STM32_Drivers.dir/__/__/Drivers/STM32G4xx_HAL_Driver/Src/stm32g4xx_hal_hrtim.c.obj
 .text.OLED_W_SCL
                0x08005598       0x24 CMakeFiles/two_way_communication_DC_DC.dir/Core/Src/OLED.c.obj
                0x08005598                OLED_W_SCL
 .text.OLED_W_SDA
                0x080055bc       0x24 CMakeFiles/two_way_communication_DC_DC.dir/Core/Src/OLED.c.obj
                0x080055bc                OLED_W_SDA
 .text.OLED_GPIO_Init
                0x080055e0       0x88 CMakeFiles/two_way_communication_DC_DC.dir/Core/Src/OLED.c.obj
                0x080055e0                OLED_GPIO_Init
 .text.OLED_I2C_Start
                0x08005668       0x20 CMakeFiles/two_way_communication_DC_DC.dir/Core/Src/OLED.c.obj
                0x08005668                OLED_I2C_Start
 .text.OLED_I2C_Stop
                0x08005688       0x1a CMakeFiles/two_way_communication_DC_DC.dir/Core/Src/OLED.c.obj
                0x08005688                OLED_I2C_Stop
 .text.OLED_I2C_SendByte
                0x080056a2       0x58 CMakeFiles/two_way_communication_DC_DC.dir/Core/Src/OLED.c.obj
                0x080056a2                OLED_I2C_SendByte
 .text.OLED_WriteCommand
                0x080056fa       0x2e CMakeFiles/two_way_communication_DC_DC.dir/Core/Src/OLED.c.obj
                0x080056fa                OLED_WriteCommand
 .text.OLED_WriteData
                0x08005728       0x4a CMakeFiles/two_way_communication_DC_DC.dir/Core/Src/OLED.c.obj
                0x08005728                OLED_WriteData
 .text.OLED_Init
                0x08005772       0x9e CMakeFiles/two_way_communication_DC_DC.dir/Core/Src/OLED.c.obj
                0x08005772                OLED_Init
 .text.OLED_SetCursor
                0x08005810       0x46 CMakeFiles/two_way_communication_DC_DC.dir/Core/Src/OLED.c.obj
                0x08005810                OLED_SetCursor
 *fill*         0x08005856        0x2 
 .text.OLED_Update
                0x08005858       0x40 CMakeFiles/two_way_communication_DC_DC.dir/Core/Src/OLED.c.obj
                0x08005858                OLED_Update
 .text.OLED_Clear
                0x08005898       0x50 CMakeFiles/two_way_communication_DC_DC.dir/Core/Src/OLED.c.obj
                0x08005898                OLED_Clear
 .text.main     0x080058e8       0x74 CMakeFiles/two_way_communication_DC_DC.dir/Core/Src/main.c.obj
                0x080058e8                main
 .text.SystemClock_Config
                0x0800595c       0x94 CMakeFiles/two_way_communication_DC_DC.dir/Core/Src/main.c.obj
                0x0800595c                SystemClock_Config
 .text.BUCK_CV_init
                0x080059f0      0x198 CMakeFiles/two_way_communication_DC_DC.dir/Core/Src/main.c.obj
                0x080059f0                BUCK_CV_init
 .text.software_start
                0x08005b88       0x7c CMakeFiles/two_way_communication_DC_DC.dir/Core/Src/main.c.obj
                0x08005b88                software_start
 .text.PID_Compute
                0x08005c04      0x1f0 CMakeFiles/two_way_communication_DC_DC.dir/Core/Src/main.c.obj
                0x08005c04                PID_Compute
 .text.HAL_HRTIM_RegistersUpdateCallback
                0x08005df4      0x35c CMakeFiles/two_way_communication_DC_DC.dir/Core/Src/main.c.obj
                0x08005df4                HAL_HRTIM_RegistersUpdateCallback
 .text.Error_Handler
                0x08006150        0xc CMakeFiles/two_way_communication_DC_DC.dir/Core/Src/main.c.obj
                0x08006150                Error_Handler
 .text.MX_GPIO_Init
                0x0800615c       0x94 CMakeFiles/two_way_communication_DC_DC.dir/Core/Src/gpio.c.obj
                0x0800615c                MX_GPIO_Init
 .text.MX_ADC1_Init
                0x080061f0      0x150 CMakeFiles/two_way_communication_DC_DC.dir/Core/Src/adc.c.obj
                0x080061f0                MX_ADC1_Init
 .text.HAL_ADC_MspInit
                0x08006340      0x114 CMakeFiles/two_way_communication_DC_DC.dir/Core/Src/adc.c.obj
                0x08006340                HAL_ADC_MspInit
 .text.MX_DMA_Init
                0x08006454       0x54 CMakeFiles/two_way_communication_DC_DC.dir/Core/Src/dma.c.obj
                0x08006454                MX_DMA_Init
 .text.MX_HRTIM1_Init
                0x080064a8      0x284 CMakeFiles/two_way_communication_DC_DC.dir/Core/Src/hrtim.c.obj
                0x080064a8                MX_HRTIM1_Init
 .text.HAL_HRTIM_MspInit
                0x0800672c       0x4c CMakeFiles/two_way_communication_DC_DC.dir/Core/Src/hrtim.c.obj
                0x0800672c                HAL_HRTIM_MspInit
 .text.HAL_HRTIM_MspPostInit
                0x08006778       0x70 CMakeFiles/two_way_communication_DC_DC.dir/Core/Src/hrtim.c.obj
                0x08006778                HAL_HRTIM_MspPostInit
 .text.NMI_Handler
                0x080067e8        0x8 CMakeFiles/two_way_communication_DC_DC.dir/Core/Src/stm32g4xx_it.c.obj
                0x080067e8                NMI_Handler
 .text.HardFault_Handler
                0x080067f0        0x8 CMakeFiles/two_way_communication_DC_DC.dir/Core/Src/stm32g4xx_it.c.obj
                0x080067f0                HardFault_Handler
 .text.MemManage_Handler
                0x080067f8        0x8 CMakeFiles/two_way_communication_DC_DC.dir/Core/Src/stm32g4xx_it.c.obj
                0x080067f8                MemManage_Handler
 .text.BusFault_Handler
                0x08006800        0x8 CMakeFiles/two_way_communication_DC_DC.dir/Core/Src/stm32g4xx_it.c.obj
                0x08006800                BusFault_Handler
 .text.UsageFault_Handler
                0x08006808        0x8 CMakeFiles/two_way_communication_DC_DC.dir/Core/Src/stm32g4xx_it.c.obj
                0x08006808                UsageFault_Handler
 .text.SVC_Handler
                0x08006810        0xe CMakeFiles/two_way_communication_DC_DC.dir/Core/Src/stm32g4xx_it.c.obj
                0x08006810                SVC_Handler
 .text.DebugMon_Handler
                0x0800681e        0xe CMakeFiles/two_way_communication_DC_DC.dir/Core/Src/stm32g4xx_it.c.obj
                0x0800681e                DebugMon_Handler
 .text.PendSV_Handler
                0x0800682c        0xe CMakeFiles/two_way_communication_DC_DC.dir/Core/Src/stm32g4xx_it.c.obj
                0x0800682c                PendSV_Handler
 .text.SysTick_Handler
                0x0800683a        0xc CMakeFiles/two_way_communication_DC_DC.dir/Core/Src/stm32g4xx_it.c.obj
                0x0800683a                SysTick_Handler
 *fill*         0x08006846        0x2 
 .text.DMA1_Channel1_IRQHandler
                0x08006848       0x14 CMakeFiles/two_way_communication_DC_DC.dir/Core/Src/stm32g4xx_it.c.obj
                0x08006848                DMA1_Channel1_IRQHandler
 .text.ADC1_2_IRQHandler
                0x0800685c       0x14 CMakeFiles/two_way_communication_DC_DC.dir/Core/Src/stm32g4xx_it.c.obj
                0x0800685c                ADC1_2_IRQHandler
 .text.HRTIM1_TIMA_IRQHandler
                0x08006870       0x14 CMakeFiles/two_way_communication_DC_DC.dir/Core/Src/stm32g4xx_it.c.obj
                0x08006870                HRTIM1_TIMA_IRQHandler
 .text.HAL_MspInit
                0x08006884       0x48 CMakeFiles/two_way_communication_DC_DC.dir/Core/Src/stm32g4xx_hal_msp.c.obj
                0x08006884                HAL_MspInit
 .text.Reset_Handler
                0x080068cc       0x50 CMakeFiles/two_way_communication_DC_DC.dir/startup_stm32g474xx.s.obj
                0x080068cc                Reset_Handler
 .text.Default_Handler
                0x0800691c        0x2 CMakeFiles/two_way_communication_DC_DC.dir/startup_stm32g474xx.s.obj
                0x0800691c                RTC_Alarm_IRQHandler
                0x0800691c                EXTI2_IRQHandler
                0x0800691c                TIM8_TRG_COM_IRQHandler
                0x0800691c                TIM8_CC_IRQHandler
                0x0800691c                HRTIM1_Master_IRQHandler
                0x0800691c                SPI4_IRQHandler
                0x0800691c                FDCAN3_IT0_IRQHandler
                0x0800691c                TIM1_CC_IRQHandler
                0x0800691c                HRTIM1_FLT_IRQHandler
                0x0800691c                HRTIM1_TIMF_IRQHandler
                0x0800691c                USB_HP_IRQHandler
                0x0800691c                CORDIC_IRQHandler
                0x0800691c                HRTIM1_TIMD_IRQHandler
                0x0800691c                DMA2_Channel8_IRQHandler
                0x0800691c                EXTI3_IRQHandler
                0x0800691c                I2C3_ER_IRQHandler
                0x0800691c                EXTI0_IRQHandler
                0x0800691c                I2C2_EV_IRQHandler
                0x0800691c                FPU_IRQHandler
                0x0800691c                FDCAN1_IT1_IRQHandler
                0x0800691c                TIM1_UP_TIM16_IRQHandler
                0x0800691c                HRTIM1_TIME_IRQHandler
                0x0800691c                SPI1_IRQHandler
                0x0800691c                TIM6_DAC_IRQHandler
                0x0800691c                HRTIM1_TIMC_IRQHandler
                0x0800691c                TIM8_UP_IRQHandler
                0x0800691c                DMA2_Channel2_IRQHandler
                0x0800691c                DMA1_Channel4_IRQHandler
                0x0800691c                TIM20_TRG_COM_IRQHandler
                0x0800691c                USART3_IRQHandler
                0x0800691c                DMA1_Channel7_IRQHandler
                0x0800691c                UART5_IRQHandler
                0x0800691c                ADC3_IRQHandler
                0x0800691c                TIM4_IRQHandler
                0x0800691c                DMA2_Channel1_IRQHandler
                0x0800691c                QUADSPI_IRQHandler
                0x0800691c                I2C1_EV_IRQHandler
                0x0800691c                DMA1_Channel6_IRQHandler
                0x0800691c                UART4_IRQHandler
                0x0800691c                DMA2_Channel4_IRQHandler
                0x0800691c                TIM3_IRQHandler
                0x0800691c                RCC_IRQHandler
                0x0800691c                TIM20_UP_IRQHandler
                0x0800691c                Default_Handler
                0x0800691c                DMA2_Channel7_IRQHandler
                0x0800691c                RTC_TAMP_LSECSS_IRQHandler
                0x0800691c                FMAC_IRQHandler
                0x0800691c                EXTI15_10_IRQHandler
                0x0800691c                DMA1_Channel8_IRQHandler
                0x0800691c                TIM7_DAC_IRQHandler
                0x0800691c                FDCAN3_IT1_IRQHandler
                0x0800691c                TIM5_IRQHandler
                0x0800691c                UCPD1_IRQHandler
                0x0800691c                I2C3_EV_IRQHandler
                0x0800691c                EXTI9_5_IRQHandler
                0x0800691c                RTC_WKUP_IRQHandler
                0x0800691c                PVD_PVM_IRQHandler
                0x0800691c                SPI2_IRQHandler
                0x0800691c                ADC5_IRQHandler
                0x0800691c                DMA2_Channel5_IRQHandler
                0x0800691c                CRS_IRQHandler
                0x0800691c                DMA1_Channel5_IRQHandler
                0x0800691c                USB_LP_IRQHandler
                0x0800691c                EXTI4_IRQHandler
                0x0800691c                RNG_IRQHandler
                0x0800691c                HRTIM1_TIMB_IRQHandler
                0x0800691c                TIM1_TRG_COM_TIM17_IRQHandler
                0x0800691c                FDCAN2_IT1_IRQHandler
                0x0800691c                DMA1_Channel3_IRQHandler
                0x0800691c                ADC4_IRQHandler
                0x0800691c                WWDG_IRQHandler
                0x0800691c                I2C4_EV_IRQHandler
                0x0800691c                FDCAN2_IT0_IRQHandler
                0x0800691c                LPUART1_IRQHandler
                0x0800691c                DMA2_Channel6_IRQHandler
                0x0800691c                FDCAN1_IT0_IRQHandler
                0x0800691c                TIM2_IRQHandler
                0x0800691c                COMP7_IRQHandler
                0x0800691c                COMP1_2_3_IRQHandler
                0x0800691c                EXTI1_IRQHandler
                0x0800691c                USART2_IRQHandler
                0x0800691c                COMP4_5_6_IRQHandler
                0x0800691c                TIM20_BRK_IRQHandler
                0x0800691c                I2C2_ER_IRQHandler
                0x0800691c                DMA1_Channel2_IRQHandler
                0x0800691c                TIM8_BRK_IRQHandler
                0x0800691c                FLASH_IRQHandler
                0x0800691c                TIM20_CC_IRQHandler
                0x0800691c                USART1_IRQHandler
                0x0800691c                SPI3_IRQHandler
                0x0800691c                I2C1_ER_IRQHandler
                0x0800691c                FMC_IRQHandler
                0x0800691c                LPTIM1_IRQHandler
                0x0800691c                DMAMUX_OVR_IRQHandler
                0x0800691c                I2C4_ER_IRQHandler
                0x0800691c                USBWakeUp_IRQHandler
                0x0800691c                SAI1_IRQHandler
                0x0800691c                DMA2_Channel3_IRQHandler
                0x0800691c                TIM1_BRK_TIM15_IRQHandler
 *fill*         0x0800691e        0x2 
 .text.arm_copy_f32
                0x08006920       0x60 F:/CLION__Project/two_way_communication_DC_DC/Drivers/CMSIS/DSP/Lib/GCC/libarm_cortexM4lf_math.a(arm_copy_f32.o)
                0x08006920                arm_copy_f32
 .text.arm_pid_init_f32
                0x08006980       0x3c F:/CLION__Project/two_way_communication_DC_DC/Drivers/CMSIS/DSP/Lib/GCC/libarm_cortexM4lf_math.a(arm_pid_init_f32.o)
                0x08006980                arm_pid_init_f32
 .text.memset   0x080069bc       0x10 F:/STM32CubeCLT/STM32CubeCLT_1.18.0/GNU-tools-for-STM32/bin/../lib/gcc/arm-none-eabi/13.3.1/../../../../arm-none-eabi/lib/thumb/v7e-m+fp/hard\libg_nano.a(libc_a-memset.o)
                0x080069bc                memset
 .text.__libc_init_array
                0x080069cc       0x48 F:/STM32CubeCLT/STM32CubeCLT_1.18.0/GNU-tools-for-STM32/bin/../lib/gcc/arm-none-eabi/13.3.1/../../../../arm-none-eabi/lib/thumb/v7e-m+fp/hard\libg_nano.a(libc_a-init.o)
                0x080069cc                __libc_init_array
 *(.glue_7)
 .glue_7        0x08006a14        0x0 linker stubs
 *(.glue_7t)
 .glue_7t       0x08006a14        0x0 linker stubs
 *(.eh_frame)
 .eh_frame      0x08006a14        0x0 F:/STM32CubeCLT/STM32CubeCLT_1.18.0/GNU-tools-for-STM32/bin/../lib/gcc/arm-none-eabi/13.3.1/thumb/v7e-m+fp/hard/crtbegin.o
 *(.init)
 .init          0x08006a14        0x4 F:/STM32CubeCLT/STM32CubeCLT_1.18.0/GNU-tools-for-STM32/bin/../lib/gcc/arm-none-eabi/13.3.1/thumb/v7e-m+fp/hard/crti.o
                0x08006a14                _init
 .init          0x08006a18        0x8 F:/STM32CubeCLT/STM32CubeCLT_1.18.0/GNU-tools-for-STM32/bin/../lib/gcc/arm-none-eabi/13.3.1/thumb/v7e-m+fp/hard/crtn.o
 *(.fini)
 .fini          0x08006a20        0x4 F:/STM32CubeCLT/STM32CubeCLT_1.18.0/GNU-tools-for-STM32/bin/../lib/gcc/arm-none-eabi/13.3.1/thumb/v7e-m+fp/hard/crti.o
                0x08006a20                _fini
 .fini          0x08006a24        0x8 F:/STM32CubeCLT/STM32CubeCLT_1.18.0/GNU-tools-for-STM32/bin/../lib/gcc/arm-none-eabi/13.3.1/thumb/v7e-m+fp/hard/crtn.o
                0x08006a2c                        . = ALIGN (0x4)
                0x08006a2c                        _etext = .

.vfp11_veneer   0x08006a2c        0x0
 .vfp11_veneer  0x08006a2c        0x0 linker stubs

.v4_bx          0x08006a2c        0x0
 .v4_bx         0x08006a2c        0x0 linker stubs

.iplt           0x08006a2c        0x0
 .iplt          0x08006a2c        0x0 F:/STM32CubeCLT/STM32CubeCLT_1.18.0/GNU-tools-for-STM32/bin/../lib/gcc/arm-none-eabi/13.3.1/thumb/v7e-m+fp/hard/crtbegin.o

.rodata         0x08006a2c       0x10
                0x08006a2c                        . = ALIGN (0x4)
 *(.rodata)
 *(.rodata*)
 .rodata.AHBPrescTable
                0x08006a2c       0x10 cmake/stm32cubemx/CMakeFiles/STM32_Drivers.dir/__/__/Core/Src/system_stm32g4xx.c.obj
                0x08006a2c                AHBPrescTable
                0x08006a3c                        . = ALIGN (0x4)

.ARM.extab      0x08006a3c        0x0
                0x08006a3c                        . = ALIGN (0x4)
 *(.ARM.extab* .gnu.linkonce.armextab.*)
                0x08006a3c                        . = ALIGN (0x4)

.ARM            0x08006a3c        0x0
                0x08006a3c                        . = ALIGN (0x4)
                0x08006a3c                        __exidx_start = .
 *(.ARM.exidx*)
                0x08006a3c                        __exidx_end = .
                0x08006a3c                        . = ALIGN (0x4)

.preinit_array  0x08006a3c        0x0
                0x08006a3c                        . = ALIGN (0x4)
                0x08006a3c                        PROVIDE (__preinit_array_start = .)
 *(.preinit_array*)
                0x08006a3c                        PROVIDE (__preinit_array_end = .)
                0x08006a3c                        . = ALIGN (0x4)

.init_array     0x08006a3c        0x4
                0x08006a3c                        . = ALIGN (0x4)
                0x08006a3c                        PROVIDE (__init_array_start = .)
 *(SORT_BY_NAME(.init_array.*))
 *(.init_array*)
 .init_array    0x08006a3c        0x4 F:/STM32CubeCLT/STM32CubeCLT_1.18.0/GNU-tools-for-STM32/bin/../lib/gcc/arm-none-eabi/13.3.1/thumb/v7e-m+fp/hard/crtbegin.o
                0x08006a40                        PROVIDE (__init_array_end = .)
                0x08006a40                        . = ALIGN (0x4)

.fini_array     0x08006a40        0x4
                0x08006a40                        . = ALIGN (0x4)
                [!provide]                        PROVIDE (__fini_array_start = .)
 *(SORT_BY_NAME(.fini_array.*))
 *(.fini_array*)
 .fini_array    0x08006a40        0x4 F:/STM32CubeCLT/STM32CubeCLT_1.18.0/GNU-tools-for-STM32/bin/../lib/gcc/arm-none-eabi/13.3.1/thumb/v7e-m+fp/hard/crtbegin.o
                [!provide]                        PROVIDE (__fini_array_end = .)
                0x08006a44                        . = ALIGN (0x4)
                0x08006a44                        _sidata = LOADADDR (.data)

.rel.dyn        0x08006a44        0x0
 .rel.iplt      0x08006a44        0x0 F:/STM32CubeCLT/STM32CubeCLT_1.18.0/GNU-tools-for-STM32/bin/../lib/gcc/arm-none-eabi/13.3.1/thumb/v7e-m+fp/hard/crtbegin.o

.data           0x20000000       0x14 load address 0x08006a44
                0x20000000                        . = ALIGN (0x4)
                0x20000000                        _sdata = .
 *(.data)
 *(.data*)
 .data.SystemCoreClock
                0x20000000        0x4 cmake/stm32cubemx/CMakeFiles/STM32_Drivers.dir/__/__/Core/Src/system_stm32g4xx.c.obj
                0x20000000                SystemCoreClock
 .data.uwTickPrio
                0x20000004        0x4 cmake/stm32cubemx/CMakeFiles/STM32_Drivers.dir/__/__/Drivers/STM32G4xx_HAL_Driver/Src/stm32g4xx_hal.c.obj
                0x20000004                uwTickPrio
 .data.uwTickFreq
                0x20000008        0x4 cmake/stm32cubemx/CMakeFiles/STM32_Drivers.dir/__/__/Drivers/STM32G4xx_HAL_Driver/Src/stm32g4xx_hal.c.obj
                0x20000008                uwTickFreq
 .data.control_mode
                0x2000000c        0x1 CMakeFiles/two_way_communication_DC_DC.dir/Core/Src/main.c.obj
                0x2000000c                control_mode
 *fill*         0x2000000d        0x3 
 .data.outer_upper_limit
                0x20000010        0x4 CMakeFiles/two_way_communication_DC_DC.dir/Core/Src/main.c.obj
                0x20000010                outer_upper_limit
 *(.RamFunc)
 *(.RamFunc*)
                0x20000014                        . = ALIGN (0x4)

.igot.plt       0x20000014        0x0 load address 0x08006a58
 .igot.plt      0x20000014        0x0 F:/STM32CubeCLT/STM32CubeCLT_1.18.0/GNU-tools-for-STM32/bin/../lib/gcc/arm-none-eabi/13.3.1/thumb/v7e-m+fp/hard/crtbegin.o

.tdata          0x20000014        0x0 load address 0x08006a58
 *(.tdata .tdata.* .gnu.linkonce.td.*)
                0x20000014                        . = ALIGN (0x4)
                0x20000014                        _edata = .
                [!provide]                        PROVIDE (__data_end = .)
                [!provide]                        PROVIDE (__tdata_end = .)
                [!provide]                        PROVIDE (__tdata_start = ADDR (.tdata))
                [!provide]                        PROVIDE (__tdata_size = (__tdata_end - __tdata_start))
                [!provide]                        PROVIDE (__data_start = ADDR (.data))
                [!provide]                        PROVIDE (__data_size = (__data_end - __data_start))
                [!provide]                        PROVIDE (__tdata_source = LOADADDR (.tdata))
                [!provide]                        PROVIDE (__tdata_source_end = (LOADADDR (.tdata) + SIZEOF (.tdata)))
                [!provide]                        PROVIDE (__tdata_source_size = (__tdata_source_end - __tdata_source))
                [!provide]                        PROVIDE (__data_source = LOADADDR (.data))
                [!provide]                        PROVIDE (__data_source_end = __tdata_source_end)
                [!provide]                        PROVIDE (__data_source_size = (__data_source_end - __data_source))

.tbss           0x20000014        0x0 load address 0x08006a58
                0x20000014                        _sbss = .
                0x20000014                        __bss_start__ = _sbss
 *(.tbss .tbss.*)
                0x20000014                        . = ALIGN (0x4)
                [!provide]                        PROVIDE (__tbss_end = .)
                [!provide]                        PROVIDE (__tbss_start = ADDR (.tbss))
                [!provide]                        PROVIDE (__tbss_size = (__tbss_end - __tbss_start))
                [!provide]                        PROVIDE (__tbss_offset = (ADDR (.tbss) - ADDR (.tdata)))
                [!provide]                        PROVIDE (__tls_base = __tdata_start)
                [!provide]                        PROVIDE (__tls_end = __tbss_end)
                [!provide]                        PROVIDE (__tls_size = (__tls_end - __tls_base))
                [!provide]                        PROVIDE (__tls_align = MAX (ALIGNOF (.tdata), ALIGNOF (.tbss)))
                [!provide]                        PROVIDE (__tls_size_align = (((__tls_size + __tls_align) - 0x1) & ~ ((__tls_align - 0x1))))
                [!provide]                        PROVIDE (__arm32_tls_tcb_offset = MAX (0x8, __tls_align))
                [!provide]                        PROVIDE (__arm64_tls_tcb_offset = MAX (0x10, __tls_align))

.bss            0x20000014      0x6f4 load address 0x08006a58
 *(.bss)
 .bss           0x20000014       0x1c F:/STM32CubeCLT/STM32CubeCLT_1.18.0/GNU-tools-for-STM32/bin/../lib/gcc/arm-none-eabi/13.3.1/thumb/v7e-m+fp/hard/crtbegin.o
 *(.bss*)
 .bss.uwTick    0x20000030        0x4 cmake/stm32cubemx/CMakeFiles/STM32_Drivers.dir/__/__/Drivers/STM32G4xx_HAL_Driver/Src/stm32g4xx_hal.c.obj
                0x20000030                uwTick
 .bss.OLED_DisplayBuf
                0x20000034      0x400 CMakeFiles/two_way_communication_DC_DC.dir/Core/Src/OLED.c.obj
                0x20000034                OLED_DisplayBuf
 .bss.phy_setpoint
                0x20000434        0x4 CMakeFiles/two_way_communication_DC_DC.dir/Core/Src/main.c.obj
                0x20000434                phy_setpoint
 .bss.calc_setpoint
                0x20000438        0x4 CMakeFiles/two_way_communication_DC_DC.dir/Core/Src/main.c.obj
                0x20000438                calc_setpoint
 .bss.calc_measurement
                0x2000043c       0x10 CMakeFiles/two_way_communication_DC_DC.dir/Core/Src/main.c.obj
                0x2000043c                calc_measurement
 .bss.pid_memory
                0x2000044c        0xc CMakeFiles/two_way_communication_DC_DC.dir/Core/Src/main.c.obj
                0x2000044c                pid_memory
 .bss.debug_value
                0x20000458        0x8 CMakeFiles/two_way_communication_DC_DC.dir/Core/Src/main.c.obj
                0x20000458                debug_value
 .bss.ACMP1_T   0x20000460        0xc CMakeFiles/two_way_communication_DC_DC.dir/Core/Src/main.c.obj
                0x20000460                ACMP1_T
 .bss.ADC_value
                0x2000046c       0x80 CMakeFiles/two_way_communication_DC_DC.dir/Core/Src/main.c.obj
                0x2000046c                ADC_value
 .bss.outer_lower_limit
                0x200004ec        0x4 CMakeFiles/two_way_communication_DC_DC.dir/Core/Src/main.c.obj
                0x200004ec                outer_lower_limit
 .bss.pid_outer
                0x200004f0       0x24 CMakeFiles/two_way_communication_DC_DC.dir/Core/Src/main.c.obj
                0x200004f0                pid_outer
 .bss.pid_inner
                0x20000514       0x24 CMakeFiles/two_way_communication_DC_DC.dir/Core/Src/main.c.obj
                0x20000514                pid_inner
 .bss.count.1   0x20000538        0x1 CMakeFiles/two_way_communication_DC_DC.dir/Core/Src/main.c.obj
 *fill*         0x20000539        0x3 
 .bss.out.0     0x2000053c        0x4 CMakeFiles/two_way_communication_DC_DC.dir/Core/Src/main.c.obj
 .bss.hadc1     0x20000540       0x6c CMakeFiles/two_way_communication_DC_DC.dir/Core/Src/adc.c.obj
                0x20000540                hadc1
 .bss.hdma_adc1
                0x200005ac       0x60 CMakeFiles/two_way_communication_DC_DC.dir/Core/Src/adc.c.obj
                0x200005ac                hdma_adc1
 .bss.hhrtim1   0x2000060c       0xfc CMakeFiles/two_way_communication_DC_DC.dir/Core/Src/hrtim.c.obj
                0x2000060c                hhrtim1
 *(COMMON)
                0x20000708                        . = ALIGN (0x4)
                0x20000708                        _ebss = .
                0x20000708                        __bss_end__ = _ebss
                [!provide]                        PROVIDE (__bss_end = .)
                [!provide]                        PROVIDE (__non_tls_bss_start = ADDR (.bss))
                [!provide]                        PROVIDE (__bss_start = __tbss_start)
                [!provide]                        PROVIDE (__bss_size = (__bss_end - __bss_start))

._user_heap_stack
                0x20000708      0x600 load address 0x08006a58
                0x20000708                        . = ALIGN (0x8)
                [!provide]                        PROVIDE (end = .)
                0x20000708                        PROVIDE (_end = .)
                0x20000908                        . = (. + _Min_Heap_Size)
 *fill*         0x20000708      0x200 
                0x20000d08                        . = (. + _Min_Stack_Size)
 *fill*         0x20000908      0x400 
                0x20000d08                        . = ALIGN (0x8)

/DISCARD/
 libc.a:*(*)
 libm.a:*(*)
 libgcc.a:*(*)
OUTPUT(two_way_communication_DC_DC.elf elf32-littlearm)
LOAD linker stubs

.ARM.attributes
                0x00000000       0x30
 .ARM.attributes
                0x00000000       0x22 F:/STM32CubeCLT/STM32CubeCLT_1.18.0/GNU-tools-for-STM32/bin/../lib/gcc/arm-none-eabi/13.3.1/thumb/v7e-m+fp/hard/crti.o
 .ARM.attributes
                0x00000022       0x34 F:/STM32CubeCLT/STM32CubeCLT_1.18.0/GNU-tools-for-STM32/bin/../lib/gcc/arm-none-eabi/13.3.1/thumb/v7e-m+fp/hard/crtbegin.o
 .ARM.attributes
                0x00000056       0x34 cmake/stm32cubemx/CMakeFiles/STM32_Drivers.dir/__/__/Core/Src/system_stm32g4xx.c.obj
 .ARM.attributes
                0x0000008a       0x34 cmake/stm32cubemx/CMakeFiles/STM32_Drivers.dir/__/__/Drivers/STM32G4xx_HAL_Driver/Src/stm32g4xx_hal_adc.c.obj
 .ARM.attributes
                0x000000be       0x34 cmake/stm32cubemx/CMakeFiles/STM32_Drivers.dir/__/__/Drivers/STM32G4xx_HAL_Driver/Src/stm32g4xx_hal_adc_ex.c.obj
 .ARM.attributes
                0x000000f2       0x34 cmake/stm32cubemx/CMakeFiles/STM32_Drivers.dir/__/__/Drivers/STM32G4xx_HAL_Driver/Src/stm32g4xx_hal.c.obj
 .ARM.attributes
                0x00000126       0x34 cmake/stm32cubemx/CMakeFiles/STM32_Drivers.dir/__/__/Drivers/STM32G4xx_HAL_Driver/Src/stm32g4xx_hal_rcc.c.obj
 .ARM.attributes
                0x0000015a       0x34 cmake/stm32cubemx/CMakeFiles/STM32_Drivers.dir/__/__/Drivers/STM32G4xx_HAL_Driver/Src/stm32g4xx_hal_rcc_ex.c.obj
 .ARM.attributes
                0x0000018e       0x34 cmake/stm32cubemx/CMakeFiles/STM32_Drivers.dir/__/__/Drivers/STM32G4xx_HAL_Driver/Src/stm32g4xx_hal_gpio.c.obj
 .ARM.attributes
                0x000001c2       0x34 cmake/stm32cubemx/CMakeFiles/STM32_Drivers.dir/__/__/Drivers/STM32G4xx_HAL_Driver/Src/stm32g4xx_hal_dma.c.obj
 .ARM.attributes
                0x000001f6       0x34 cmake/stm32cubemx/CMakeFiles/STM32_Drivers.dir/__/__/Drivers/STM32G4xx_HAL_Driver/Src/stm32g4xx_hal_pwr_ex.c.obj
 .ARM.attributes
                0x0000022a       0x34 cmake/stm32cubemx/CMakeFiles/STM32_Drivers.dir/__/__/Drivers/STM32G4xx_HAL_Driver/Src/stm32g4xx_hal_cortex.c.obj
 .ARM.attributes
                0x0000025e       0x34 cmake/stm32cubemx/CMakeFiles/STM32_Drivers.dir/__/__/Drivers/STM32G4xx_HAL_Driver/Src/stm32g4xx_hal_hrtim.c.obj
 .ARM.attributes
                0x00000292       0x34 CMakeFiles/two_way_communication_DC_DC.dir/Core/Src/OLED.c.obj
 .ARM.attributes
                0x000002c6       0x34 CMakeFiles/two_way_communication_DC_DC.dir/Core/Src/main.c.obj
 .ARM.attributes
                0x000002fa       0x34 CMakeFiles/two_way_communication_DC_DC.dir/Core/Src/gpio.c.obj
 .ARM.attributes
                0x0000032e       0x34 CMakeFiles/two_way_communication_DC_DC.dir/Core/Src/adc.c.obj
 .ARM.attributes
                0x00000362       0x34 CMakeFiles/two_way_communication_DC_DC.dir/Core/Src/dma.c.obj
 .ARM.attributes
                0x00000396       0x34 CMakeFiles/two_way_communication_DC_DC.dir/Core/Src/hrtim.c.obj
 .ARM.attributes
                0x000003ca       0x34 CMakeFiles/two_way_communication_DC_DC.dir/Core/Src/stm32g4xx_it.c.obj
 .ARM.attributes
                0x000003fe       0x34 CMakeFiles/two_way_communication_DC_DC.dir/Core/Src/stm32g4xx_hal_msp.c.obj
 .ARM.attributes
                0x00000432       0x21 CMakeFiles/two_way_communication_DC_DC.dir/startup_stm32g474xx.s.obj
 .ARM.attributes
                0x00000453       0x34 F:/CLION__Project/two_way_communication_DC_DC/Drivers/CMSIS/DSP/Lib/GCC/libarm_cortexM4lf_math.a(arm_copy_f32.o)
 .ARM.attributes
                0x00000487       0x34 F:/CLION__Project/two_way_communication_DC_DC/Drivers/CMSIS/DSP/Lib/GCC/libarm_cortexM4lf_math.a(arm_pid_init_f32.o)
 .ARM.attributes
                0x000004bb       0x34 F:/STM32CubeCLT/STM32CubeCLT_1.18.0/GNU-tools-for-STM32/bin/../lib/gcc/arm-none-eabi/13.3.1/../../../../arm-none-eabi/lib/thumb/v7e-m+fp/hard\libg_nano.a(libc_a-memset.o)
 .ARM.attributes
                0x000004ef       0x34 F:/STM32CubeCLT/STM32CubeCLT_1.18.0/GNU-tools-for-STM32/bin/../lib/gcc/arm-none-eabi/13.3.1/../../../../arm-none-eabi/lib/thumb/v7e-m+fp/hard\libg_nano.a(libc_a-init.o)
 .ARM.attributes
                0x00000523       0x22 F:/STM32CubeCLT/STM32CubeCLT_1.18.0/GNU-tools-for-STM32/bin/../lib/gcc/arm-none-eabi/13.3.1/thumb/v7e-m+fp/hard/crtn.o

.comment        0x00000000       0xb8
 .comment       0x00000000       0xb8 cmake/stm32cubemx/CMakeFiles/STM32_Drivers.dir/__/__/Core/Src/system_stm32g4xx.c.obj
                                 0x44 (size before relaxing)
 .comment       0x000000b8       0x44 cmake/stm32cubemx/CMakeFiles/STM32_Drivers.dir/__/__/Drivers/STM32G4xx_HAL_Driver/Src/stm32g4xx_hal_adc.c.obj
 .comment       0x000000b8       0x44 cmake/stm32cubemx/CMakeFiles/STM32_Drivers.dir/__/__/Drivers/STM32G4xx_HAL_Driver/Src/stm32g4xx_hal_adc_ex.c.obj
 .comment       0x000000b8       0x44 cmake/stm32cubemx/CMakeFiles/STM32_Drivers.dir/__/__/Drivers/STM32G4xx_HAL_Driver/Src/stm32g4xx_hal.c.obj
 .comment       0x000000b8       0x44 cmake/stm32cubemx/CMakeFiles/STM32_Drivers.dir/__/__/Drivers/STM32G4xx_HAL_Driver/Src/stm32g4xx_hal_rcc.c.obj
 .comment       0x000000b8       0x44 cmake/stm32cubemx/CMakeFiles/STM32_Drivers.dir/__/__/Drivers/STM32G4xx_HAL_Driver/Src/stm32g4xx_hal_rcc_ex.c.obj
 .comment       0x000000b8       0x44 cmake/stm32cubemx/CMakeFiles/STM32_Drivers.dir/__/__/Drivers/STM32G4xx_HAL_Driver/Src/stm32g4xx_hal_gpio.c.obj
 .comment       0x000000b8       0x44 cmake/stm32cubemx/CMakeFiles/STM32_Drivers.dir/__/__/Drivers/STM32G4xx_HAL_Driver/Src/stm32g4xx_hal_dma.c.obj
 .comment       0x000000b8       0x44 cmake/stm32cubemx/CMakeFiles/STM32_Drivers.dir/__/__/Drivers/STM32G4xx_HAL_Driver/Src/stm32g4xx_hal_pwr_ex.c.obj
 .comment       0x000000b8       0x44 cmake/stm32cubemx/CMakeFiles/STM32_Drivers.dir/__/__/Drivers/STM32G4xx_HAL_Driver/Src/stm32g4xx_hal_cortex.c.obj
 .comment       0x000000b8       0x44 cmake/stm32cubemx/CMakeFiles/STM32_Drivers.dir/__/__/Drivers/STM32G4xx_HAL_Driver/Src/stm32g4xx_hal_hrtim.c.obj
 .comment       0x000000b8       0x44 CMakeFiles/two_way_communication_DC_DC.dir/Core/Src/OLED.c.obj
 .comment       0x000000b8       0x44 CMakeFiles/two_way_communication_DC_DC.dir/Core/Src/main.c.obj
 .comment       0x000000b8       0x44 CMakeFiles/two_way_communication_DC_DC.dir/Core/Src/gpio.c.obj
 .comment       0x000000b8       0x44 CMakeFiles/two_way_communication_DC_DC.dir/Core/Src/adc.c.obj
 .comment       0x000000b8       0x44 CMakeFiles/two_way_communication_DC_DC.dir/Core/Src/dma.c.obj
 .comment       0x000000b8       0x44 CMakeFiles/two_way_communication_DC_DC.dir/Core/Src/hrtim.c.obj
 .comment       0x000000b8       0x44 CMakeFiles/two_way_communication_DC_DC.dir/Core/Src/stm32g4xx_it.c.obj
 .comment       0x000000b8       0x44 CMakeFiles/two_way_communication_DC_DC.dir/Core/Src/stm32g4xx_hal_msp.c.obj
 .comment       0x000000b8       0x76 F:/CLION__Project/two_way_communication_DC_DC/Drivers/CMSIS/DSP/Lib/GCC/libarm_cortexM4lf_math.a(arm_copy_f32.o)
 .comment       0x000000b8       0x76 F:/CLION__Project/two_way_communication_DC_DC/Drivers/CMSIS/DSP/Lib/GCC/libarm_cortexM4lf_math.a(arm_pid_init_f32.o)
 .comment       0x000000b8       0x44 F:/STM32CubeCLT/STM32CubeCLT_1.18.0/GNU-tools-for-STM32/bin/../lib/gcc/arm-none-eabi/13.3.1/../../../../arm-none-eabi/lib/thumb/v7e-m+fp/hard\libg_nano.a(libc_a-memset.o)
 .comment       0x000000b8       0x44 F:/STM32CubeCLT/STM32CubeCLT_1.18.0/GNU-tools-for-STM32/bin/../lib/gcc/arm-none-eabi/13.3.1/../../../../arm-none-eabi/lib/thumb/v7e-m+fp/hard\libg_nano.a(libc_a-init.o)

.debug_info     0x00000000    0x1582f
 .debug_info    0x00000000      0x58e cmake/stm32cubemx/CMakeFiles/STM32_Drivers.dir/__/__/Core/Src/system_stm32g4xx.c.obj
 .debug_info    0x0000058e     0x2063 cmake/stm32cubemx/CMakeFiles/STM32_Drivers.dir/__/__/Drivers/STM32G4xx_HAL_Driver/Src/stm32g4xx_hal_adc.c.obj
 .debug_info    0x000025f1     0x1d80 cmake/stm32cubemx/CMakeFiles/STM32_Drivers.dir/__/__/Drivers/STM32G4xx_HAL_Driver/Src/stm32g4xx_hal_adc_ex.c.obj
 .debug_info    0x00004371      0xb95 cmake/stm32cubemx/CMakeFiles/STM32_Drivers.dir/__/__/Drivers/STM32G4xx_HAL_Driver/Src/stm32g4xx_hal.c.obj
 .debug_info    0x00004f06      0xbf9 cmake/stm32cubemx/CMakeFiles/STM32_Drivers.dir/__/__/Drivers/STM32G4xx_HAL_Driver/Src/stm32g4xx_hal_rcc.c.obj
 .debug_info    0x00005aff      0xc5d cmake/stm32cubemx/CMakeFiles/STM32_Drivers.dir/__/__/Drivers/STM32G4xx_HAL_Driver/Src/stm32g4xx_hal_rcc_ex.c.obj
 .debug_info    0x0000675c      0x772 cmake/stm32cubemx/CMakeFiles/STM32_Drivers.dir/__/__/Drivers/STM32G4xx_HAL_Driver/Src/stm32g4xx_hal_gpio.c.obj
 .debug_info    0x00006ece      0x85f cmake/stm32cubemx/CMakeFiles/STM32_Drivers.dir/__/__/Drivers/STM32G4xx_HAL_Driver/Src/stm32g4xx_hal_dma.c.obj
 .debug_info    0x0000772d      0x944 cmake/stm32cubemx/CMakeFiles/STM32_Drivers.dir/__/__/Drivers/STM32G4xx_HAL_Driver/Src/stm32g4xx_hal_pwr_ex.c.obj
 .debug_info    0x00008071      0xdf9 cmake/stm32cubemx/CMakeFiles/STM32_Drivers.dir/__/__/Drivers/STM32G4xx_HAL_Driver/Src/stm32g4xx_hal_cortex.c.obj
 .debug_info    0x00008e6a     0x3f23 cmake/stm32cubemx/CMakeFiles/STM32_Drivers.dir/__/__/Drivers/STM32G4xx_HAL_Driver/Src/stm32g4xx_hal_hrtim.c.obj
 .debug_info    0x0000cd8d     0x139e CMakeFiles/two_way_communication_DC_DC.dir/Core/Src/OLED.c.obj
 .debug_info    0x0000e12b     0x1759 CMakeFiles/two_way_communication_DC_DC.dir/Core/Src/main.c.obj
 .debug_info    0x0000f884      0x47d CMakeFiles/two_way_communication_DC_DC.dir/Core/Src/gpio.c.obj
 .debug_info    0x0000fd01     0x12a1 CMakeFiles/two_way_communication_DC_DC.dir/Core/Src/adc.c.obj
 .debug_info    0x00010fa2      0x5c1 CMakeFiles/two_way_communication_DC_DC.dir/Core/Src/dma.c.obj
 .debug_info    0x00011563     0x1788 CMakeFiles/two_way_communication_DC_DC.dir/Core/Src/hrtim.c.obj
 .debug_info    0x00012ceb     0x1026 CMakeFiles/two_way_communication_DC_DC.dir/Core/Src/stm32g4xx_it.c.obj
 .debug_info    0x00013d11      0x2ef CMakeFiles/two_way_communication_DC_DC.dir/Core/Src/stm32g4xx_hal_msp.c.obj
 .debug_info    0x00014000       0x30 CMakeFiles/two_way_communication_DC_DC.dir/startup_stm32g474xx.s.obj
 .debug_info    0x00014030      0xae0 F:/CLION__Project/two_way_communication_DC_DC/Drivers/CMSIS/DSP/Lib/GCC/libarm_cortexM4lf_math.a(arm_copy_f32.o)
 .debug_info    0x00014b10      0xb34 F:/CLION__Project/two_way_communication_DC_DC/Drivers/CMSIS/DSP/Lib/GCC/libarm_cortexM4lf_math.a(arm_pid_init_f32.o)
 .debug_info    0x00015644       0xe0 F:/STM32CubeCLT/STM32CubeCLT_1.18.0/GNU-tools-for-STM32/bin/../lib/gcc/arm-none-eabi/13.3.1/../../../../arm-none-eabi/lib/thumb/v7e-m+fp/hard\libg_nano.a(libc_a-memset.o)
 .debug_info    0x00015724      0x10b F:/STM32CubeCLT/STM32CubeCLT_1.18.0/GNU-tools-for-STM32/bin/../lib/gcc/arm-none-eabi/13.3.1/../../../../arm-none-eabi/lib/thumb/v7e-m+fp/hard\libg_nano.a(libc_a-init.o)

.debug_abbrev   0x00000000     0x2eb0
 .debug_abbrev  0x00000000      0x11a cmake/stm32cubemx/CMakeFiles/STM32_Drivers.dir/__/__/Core/Src/system_stm32g4xx.c.obj
 .debug_abbrev  0x0000011a      0x2d3 cmake/stm32cubemx/CMakeFiles/STM32_Drivers.dir/__/__/Drivers/STM32G4xx_HAL_Driver/Src/stm32g4xx_hal_adc.c.obj
 .debug_abbrev  0x000003ed      0x2ee cmake/stm32cubemx/CMakeFiles/STM32_Drivers.dir/__/__/Drivers/STM32G4xx_HAL_Driver/Src/stm32g4xx_hal_adc_ex.c.obj
 .debug_abbrev  0x000006db      0x271 cmake/stm32cubemx/CMakeFiles/STM32_Drivers.dir/__/__/Drivers/STM32G4xx_HAL_Driver/Src/stm32g4xx_hal.c.obj
 .debug_abbrev  0x0000094c      0x2c9 cmake/stm32cubemx/CMakeFiles/STM32_Drivers.dir/__/__/Drivers/STM32G4xx_HAL_Driver/Src/stm32g4xx_hal_rcc.c.obj
 .debug_abbrev  0x00000c15      0x261 cmake/stm32cubemx/CMakeFiles/STM32_Drivers.dir/__/__/Drivers/STM32G4xx_HAL_Driver/Src/stm32g4xx_hal_rcc_ex.c.obj
 .debug_abbrev  0x00000e76      0x1d2 cmake/stm32cubemx/CMakeFiles/STM32_Drivers.dir/__/__/Drivers/STM32G4xx_HAL_Driver/Src/stm32g4xx_hal_gpio.c.obj
 .debug_abbrev  0x00001048      0x1e2 cmake/stm32cubemx/CMakeFiles/STM32_Drivers.dir/__/__/Drivers/STM32G4xx_HAL_Driver/Src/stm32g4xx_hal_dma.c.obj
 .debug_abbrev  0x0000122a      0x22c cmake/stm32cubemx/CMakeFiles/STM32_Drivers.dir/__/__/Drivers/STM32G4xx_HAL_Driver/Src/stm32g4xx_hal_pwr_ex.c.obj
 .debug_abbrev  0x00001456      0x31c cmake/stm32cubemx/CMakeFiles/STM32_Drivers.dir/__/__/Drivers/STM32G4xx_HAL_Driver/Src/stm32g4xx_hal_cortex.c.obj
 .debug_abbrev  0x00001772      0x285 cmake/stm32cubemx/CMakeFiles/STM32_Drivers.dir/__/__/Drivers/STM32G4xx_HAL_Driver/Src/stm32g4xx_hal_hrtim.c.obj
 .debug_abbrev  0x000019f7      0x301 CMakeFiles/two_way_communication_DC_DC.dir/Core/Src/OLED.c.obj
 .debug_abbrev  0x00001cf8      0x34a CMakeFiles/two_way_communication_DC_DC.dir/Core/Src/main.c.obj
 .debug_abbrev  0x00002042      0x159 CMakeFiles/two_way_communication_DC_DC.dir/Core/Src/gpio.c.obj
 .debug_abbrev  0x0000219b      0x20a CMakeFiles/two_way_communication_DC_DC.dir/Core/Src/adc.c.obj
 .debug_abbrev  0x000023a5      0x109 CMakeFiles/two_way_communication_DC_DC.dir/Core/Src/dma.c.obj
 .debug_abbrev  0x000024ae      0x20e CMakeFiles/two_way_communication_DC_DC.dir/Core/Src/hrtim.c.obj
 .debug_abbrev  0x000026bc      0x1ad CMakeFiles/two_way_communication_DC_DC.dir/Core/Src/stm32g4xx_it.c.obj
 .debug_abbrev  0x00002869       0xd9 CMakeFiles/two_way_communication_DC_DC.dir/Core/Src/stm32g4xx_hal_msp.c.obj
 .debug_abbrev  0x00002942       0x24 CMakeFiles/two_way_communication_DC_DC.dir/startup_stm32g474xx.s.obj
 .debug_abbrev  0x00002966      0x1eb F:/CLION__Project/two_way_communication_DC_DC/Drivers/CMSIS/DSP/Lib/GCC/libarm_cortexM4lf_math.a(arm_copy_f32.o)
 .debug_abbrev  0x00002b51      0x1f8 F:/CLION__Project/two_way_communication_DC_DC/Drivers/CMSIS/DSP/Lib/GCC/libarm_cortexM4lf_math.a(arm_pid_init_f32.o)
 .debug_abbrev  0x00002d49       0x9e F:/STM32CubeCLT/STM32CubeCLT_1.18.0/GNU-tools-for-STM32/bin/../lib/gcc/arm-none-eabi/13.3.1/../../../../arm-none-eabi/lib/thumb/v7e-m+fp/hard\libg_nano.a(libc_a-memset.o)
 .debug_abbrev  0x00002de7       0xc9 F:/STM32CubeCLT/STM32CubeCLT_1.18.0/GNU-tools-for-STM32/bin/../lib/gcc/arm-none-eabi/13.3.1/../../../../arm-none-eabi/lib/thumb/v7e-m+fp/hard\libg_nano.a(libc_a-init.o)

.debug_aranges  0x00000000     0x1230
 .debug_aranges
                0x00000000       0x28 cmake/stm32cubemx/CMakeFiles/STM32_Drivers.dir/__/__/Core/Src/system_stm32g4xx.c.obj
 .debug_aranges
                0x00000028      0x248 cmake/stm32cubemx/CMakeFiles/STM32_Drivers.dir/__/__/Drivers/STM32G4xx_HAL_Driver/Src/stm32g4xx_hal_adc.c.obj
 .debug_aranges
                0x00000270      0x1c0 cmake/stm32cubemx/CMakeFiles/STM32_Drivers.dir/__/__/Drivers/STM32G4xx_HAL_Driver/Src/stm32g4xx_hal_adc_ex.c.obj
 .debug_aranges
                0x00000430      0x148 cmake/stm32cubemx/CMakeFiles/STM32_Drivers.dir/__/__/Drivers/STM32G4xx_HAL_Driver/Src/stm32g4xx_hal.c.obj
 .debug_aranges
                0x00000578       0x98 cmake/stm32cubemx/CMakeFiles/STM32_Drivers.dir/__/__/Drivers/STM32G4xx_HAL_Driver/Src/stm32g4xx_hal_rcc.c.obj
 .debug_aranges
                0x00000610       0xb0 cmake/stm32cubemx/CMakeFiles/STM32_Drivers.dir/__/__/Drivers/STM32G4xx_HAL_Driver/Src/stm32g4xx_hal_rcc_ex.c.obj
 .debug_aranges
                0x000006c0       0x58 cmake/stm32cubemx/CMakeFiles/STM32_Drivers.dir/__/__/Drivers/STM32G4xx_HAL_Driver/Src/stm32g4xx_hal_gpio.c.obj
 .debug_aranges
                0x00000718       0x90 cmake/stm32cubemx/CMakeFiles/STM32_Drivers.dir/__/__/Drivers/STM32G4xx_HAL_Driver/Src/stm32g4xx_hal_dma.c.obj
 .debug_aranges
                0x000007a8      0x140 cmake/stm32cubemx/CMakeFiles/STM32_Drivers.dir/__/__/Drivers/STM32G4xx_HAL_Driver/Src/stm32g4xx_hal_pwr_ex.c.obj
 .debug_aranges
                0x000008e8      0x128 cmake/stm32cubemx/CMakeFiles/STM32_Drivers.dir/__/__/Drivers/STM32G4xx_HAL_Driver/Src/stm32g4xx_hal_cortex.c.obj
 .debug_aranges
                0x00000a10      0x4a0 cmake/stm32cubemx/CMakeFiles/STM32_Drivers.dir/__/__/Drivers/STM32G4xx_HAL_Driver/Src/stm32g4xx_hal_hrtim.c.obj
 .debug_aranges
                0x00000eb0      0x138 CMakeFiles/two_way_communication_DC_DC.dir/Core/Src/OLED.c.obj
 .debug_aranges
                0x00000fe8       0x60 CMakeFiles/two_way_communication_DC_DC.dir/Core/Src/main.c.obj
 .debug_aranges
                0x00001048       0x20 CMakeFiles/two_way_communication_DC_DC.dir/Core/Src/gpio.c.obj
 .debug_aranges
                0x00001068       0x30 CMakeFiles/two_way_communication_DC_DC.dir/Core/Src/adc.c.obj
 .debug_aranges
                0x00001098       0x20 CMakeFiles/two_way_communication_DC_DC.dir/Core/Src/dma.c.obj
 .debug_aranges
                0x000010b8       0x38 CMakeFiles/two_way_communication_DC_DC.dir/Core/Src/hrtim.c.obj
 .debug_aranges
                0x000010f0       0x78 CMakeFiles/two_way_communication_DC_DC.dir/Core/Src/stm32g4xx_it.c.obj
 .debug_aranges
                0x00001168       0x20 CMakeFiles/two_way_communication_DC_DC.dir/Core/Src/stm32g4xx_hal_msp.c.obj
 .debug_aranges
                0x00001188       0x28 CMakeFiles/two_way_communication_DC_DC.dir/startup_stm32g474xx.s.obj
 .debug_aranges
                0x000011b0       0x20 F:/CLION__Project/two_way_communication_DC_DC/Drivers/CMSIS/DSP/Lib/GCC/libarm_cortexM4lf_math.a(arm_copy_f32.o)
 .debug_aranges
                0x000011d0       0x20 F:/CLION__Project/two_way_communication_DC_DC/Drivers/CMSIS/DSP/Lib/GCC/libarm_cortexM4lf_math.a(arm_pid_init_f32.o)
 .debug_aranges
                0x000011f0       0x20 F:/STM32CubeCLT/STM32CubeCLT_1.18.0/GNU-tools-for-STM32/bin/../lib/gcc/arm-none-eabi/13.3.1/../../../../arm-none-eabi/lib/thumb/v7e-m+fp/hard\libg_nano.a(libc_a-memset.o)
 .debug_aranges
                0x00001210       0x20 F:/STM32CubeCLT/STM32CubeCLT_1.18.0/GNU-tools-for-STM32/bin/../lib/gcc/arm-none-eabi/13.3.1/../../../../arm-none-eabi/lib/thumb/v7e-m+fp/hard\libg_nano.a(libc_a-init.o)

.debug_rnglists
                0x00000000      0xdb8
 .debug_rnglists
                0x00000000       0x1a cmake/stm32cubemx/CMakeFiles/STM32_Drivers.dir/__/__/Core/Src/system_stm32g4xx.c.obj
 .debug_rnglists
                0x0000001a      0x1c0 cmake/stm32cubemx/CMakeFiles/STM32_Drivers.dir/__/__/Drivers/STM32G4xx_HAL_Driver/Src/stm32g4xx_hal_adc.c.obj
 .debug_rnglists
                0x000001da      0x15a cmake/stm32cubemx/CMakeFiles/STM32_Drivers.dir/__/__/Drivers/STM32G4xx_HAL_Driver/Src/stm32g4xx_hal_adc_ex.c.obj
 .debug_rnglists
                0x00000334       0xf1 cmake/stm32cubemx/CMakeFiles/STM32_Drivers.dir/__/__/Drivers/STM32G4xx_HAL_Driver/Src/stm32g4xx_hal.c.obj
 .debug_rnglists
                0x00000425       0x74 cmake/stm32cubemx/CMakeFiles/STM32_Drivers.dir/__/__/Drivers/STM32G4xx_HAL_Driver/Src/stm32g4xx_hal_rcc.c.obj
 .debug_rnglists
                0x00000499       0x87 cmake/stm32cubemx/CMakeFiles/STM32_Drivers.dir/__/__/Drivers/STM32G4xx_HAL_Driver/Src/stm32g4xx_hal_rcc_ex.c.obj
 .debug_rnglists
                0x00000520       0x3f cmake/stm32cubemx/CMakeFiles/STM32_Drivers.dir/__/__/Drivers/STM32G4xx_HAL_Driver/Src/stm32g4xx_hal_gpio.c.obj
 .debug_rnglists
                0x0000055f       0x72 cmake/stm32cubemx/CMakeFiles/STM32_Drivers.dir/__/__/Drivers/STM32G4xx_HAL_Driver/Src/stm32g4xx_hal_dma.c.obj
 .debug_rnglists
                0x000005d1       0xf1 cmake/stm32cubemx/CMakeFiles/STM32_Drivers.dir/__/__/Drivers/STM32G4xx_HAL_Driver/Src/stm32g4xx_hal_pwr_ex.c.obj
 .debug_rnglists
                0x000006c2       0xda cmake/stm32cubemx/CMakeFiles/STM32_Drivers.dir/__/__/Drivers/STM32G4xx_HAL_Driver/Src/stm32g4xx_hal_cortex.c.obj
 .debug_rnglists
                0x0000079c      0x3c3 cmake/stm32cubemx/CMakeFiles/STM32_Drivers.dir/__/__/Drivers/STM32G4xx_HAL_Driver/Src/stm32g4xx_hal_hrtim.c.obj
 .debug_rnglists
                0x00000b5f       0xfb CMakeFiles/two_way_communication_DC_DC.dir/Core/Src/OLED.c.obj
 .debug_rnglists
                0x00000c5a       0x49 CMakeFiles/two_way_communication_DC_DC.dir/Core/Src/main.c.obj
 .debug_rnglists
                0x00000ca3       0x14 CMakeFiles/two_way_communication_DC_DC.dir/Core/Src/gpio.c.obj
 .debug_rnglists
                0x00000cb7       0x21 CMakeFiles/two_way_communication_DC_DC.dir/Core/Src/adc.c.obj
 .debug_rnglists
                0x00000cd8       0x13 CMakeFiles/two_way_communication_DC_DC.dir/Core/Src/dma.c.obj
 .debug_rnglists
                0x00000ceb       0x26 CMakeFiles/two_way_communication_DC_DC.dir/Core/Src/hrtim.c.obj
 .debug_rnglists
                0x00000d11       0x55 CMakeFiles/two_way_communication_DC_DC.dir/Core/Src/stm32g4xx_it.c.obj
 .debug_rnglists
                0x00000d66       0x13 CMakeFiles/two_way_communication_DC_DC.dir/Core/Src/stm32g4xx_hal_msp.c.obj
 .debug_rnglists
                0x00000d79       0x19 CMakeFiles/two_way_communication_DC_DC.dir/startup_stm32g474xx.s.obj
 .debug_rnglists
                0x00000d92       0x13 F:/STM32CubeCLT/STM32CubeCLT_1.18.0/GNU-tools-for-STM32/bin/../lib/gcc/arm-none-eabi/13.3.1/../../../../arm-none-eabi/lib/thumb/v7e-m+fp/hard\libg_nano.a(libc_a-memset.o)
 .debug_rnglists
                0x00000da5       0x13 F:/STM32CubeCLT/STM32CubeCLT_1.18.0/GNU-tools-for-STM32/bin/../lib/gcc/arm-none-eabi/13.3.1/../../../../arm-none-eabi/lib/thumb/v7e-m+fp/hard\libg_nano.a(libc_a-init.o)

.debug_macro    0x00000000    0x28d21
 .debug_macro   0x00000000      0x1d3 cmake/stm32cubemx/CMakeFiles/STM32_Drivers.dir/__/__/Core/Src/system_stm32g4xx.c.obj
 .debug_macro   0x000001d3      0xad8 cmake/stm32cubemx/CMakeFiles/STM32_Drivers.dir/__/__/Core/Src/system_stm32g4xx.c.obj
 .debug_macro   0x00000cab       0x2e cmake/stm32cubemx/CMakeFiles/STM32_Drivers.dir/__/__/Core/Src/system_stm32g4xx.c.obj
 .debug_macro   0x00000cd9       0x28 cmake/stm32cubemx/CMakeFiles/STM32_Drivers.dir/__/__/Core/Src/system_stm32g4xx.c.obj
 .debug_macro   0x00000d01       0x22 cmake/stm32cubemx/CMakeFiles/STM32_Drivers.dir/__/__/Core/Src/system_stm32g4xx.c.obj
 .debug_macro   0x00000d23       0x8e cmake/stm32cubemx/CMakeFiles/STM32_Drivers.dir/__/__/Core/Src/system_stm32g4xx.c.obj
 .debug_macro   0x00000db1       0x51 cmake/stm32cubemx/CMakeFiles/STM32_Drivers.dir/__/__/Core/Src/system_stm32g4xx.c.obj
 .debug_macro   0x00000e02      0x103 cmake/stm32cubemx/CMakeFiles/STM32_Drivers.dir/__/__/Core/Src/system_stm32g4xx.c.obj
 .debug_macro   0x00000f05       0x6a cmake/stm32cubemx/CMakeFiles/STM32_Drivers.dir/__/__/Core/Src/system_stm32g4xx.c.obj
 .debug_macro   0x00000f6f      0x1df cmake/stm32cubemx/CMakeFiles/STM32_Drivers.dir/__/__/Core/Src/system_stm32g4xx.c.obj
 .debug_macro   0x0000114e       0x1c cmake/stm32cubemx/CMakeFiles/STM32_Drivers.dir/__/__/Core/Src/system_stm32g4xx.c.obj
 .debug_macro   0x0000116a       0x22 cmake/stm32cubemx/CMakeFiles/STM32_Drivers.dir/__/__/Core/Src/system_stm32g4xx.c.obj
 .debug_macro   0x0000118c       0xfb cmake/stm32cubemx/CMakeFiles/STM32_Drivers.dir/__/__/Core/Src/system_stm32g4xx.c.obj
 .debug_macro   0x00001287     0x1011 cmake/stm32cubemx/CMakeFiles/STM32_Drivers.dir/__/__/Core/Src/system_stm32g4xx.c.obj
 .debug_macro   0x00002298      0x11f cmake/stm32cubemx/CMakeFiles/STM32_Drivers.dir/__/__/Core/Src/system_stm32g4xx.c.obj
 .debug_macro   0x000023b7    0x18b8c cmake/stm32cubemx/CMakeFiles/STM32_Drivers.dir/__/__/Core/Src/system_stm32g4xx.c.obj
 .debug_macro   0x0001af43       0x6d cmake/stm32cubemx/CMakeFiles/STM32_Drivers.dir/__/__/Core/Src/system_stm32g4xx.c.obj
 .debug_macro   0x0001afb0      0x15b cmake/stm32cubemx/CMakeFiles/STM32_Drivers.dir/__/__/Core/Src/system_stm32g4xx.c.obj
 .debug_macro   0x0001b10b     0x3558 cmake/stm32cubemx/CMakeFiles/STM32_Drivers.dir/__/__/Core/Src/system_stm32g4xx.c.obj
 .debug_macro   0x0001e663      0x190 cmake/stm32cubemx/CMakeFiles/STM32_Drivers.dir/__/__/Core/Src/system_stm32g4xx.c.obj
 .debug_macro   0x0001e7f3       0x5c cmake/stm32cubemx/CMakeFiles/STM32_Drivers.dir/__/__/Core/Src/system_stm32g4xx.c.obj
 .debug_macro   0x0001e84f     0x171f cmake/stm32cubemx/CMakeFiles/STM32_Drivers.dir/__/__/Core/Src/system_stm32g4xx.c.obj
 .debug_macro   0x0001ff6e      0x600 cmake/stm32cubemx/CMakeFiles/STM32_Drivers.dir/__/__/Core/Src/system_stm32g4xx.c.obj
 .debug_macro   0x0002056e      0x1b6 cmake/stm32cubemx/CMakeFiles/STM32_Drivers.dir/__/__/Core/Src/system_stm32g4xx.c.obj
 .debug_macro   0x00020724      0x34a cmake/stm32cubemx/CMakeFiles/STM32_Drivers.dir/__/__/Core/Src/system_stm32g4xx.c.obj
 .debug_macro   0x00020a6e      0x53c cmake/stm32cubemx/CMakeFiles/STM32_Drivers.dir/__/__/Core/Src/system_stm32g4xx.c.obj
 .debug_macro   0x00020faa      0x18b cmake/stm32cubemx/CMakeFiles/STM32_Drivers.dir/__/__/Core/Src/system_stm32g4xx.c.obj
 .debug_macro   0x00021135       0x43 cmake/stm32cubemx/CMakeFiles/STM32_Drivers.dir/__/__/Core/Src/system_stm32g4xx.c.obj
 .debug_macro   0x00021178      0x23d cmake/stm32cubemx/CMakeFiles/STM32_Drivers.dir/__/__/Core/Src/system_stm32g4xx.c.obj
 .debug_macro   0x000213b5     0x1111 cmake/stm32cubemx/CMakeFiles/STM32_Drivers.dir/__/__/Core/Src/system_stm32g4xx.c.obj
 .debug_macro   0x000224c6      0x72e cmake/stm32cubemx/CMakeFiles/STM32_Drivers.dir/__/__/Core/Src/system_stm32g4xx.c.obj
 .debug_macro   0x00022bf4      0x391 cmake/stm32cubemx/CMakeFiles/STM32_Drivers.dir/__/__/Core/Src/system_stm32g4xx.c.obj
 .debug_macro   0x00022f85      0x211 cmake/stm32cubemx/CMakeFiles/STM32_Drivers.dir/__/__/Core/Src/system_stm32g4xx.c.obj
 .debug_macro   0x00023196      0x45c cmake/stm32cubemx/CMakeFiles/STM32_Drivers.dir/__/__/Core/Src/system_stm32g4xx.c.obj
 .debug_macro   0x000235f2      0x11c cmake/stm32cubemx/CMakeFiles/STM32_Drivers.dir/__/__/Core/Src/system_stm32g4xx.c.obj
 .debug_macro   0x0002370e     0x20a8 cmake/stm32cubemx/CMakeFiles/STM32_Drivers.dir/__/__/Core/Src/system_stm32g4xx.c.obj
 .debug_macro   0x000257b6      0x122 cmake/stm32cubemx/CMakeFiles/STM32_Drivers.dir/__/__/Core/Src/system_stm32g4xx.c.obj
 .debug_macro   0x000258d8      0x3d1 cmake/stm32cubemx/CMakeFiles/STM32_Drivers.dir/__/__/Core/Src/system_stm32g4xx.c.obj
 .debug_macro   0x00025ca9      0x358 cmake/stm32cubemx/CMakeFiles/STM32_Drivers.dir/__/__/Core/Src/system_stm32g4xx.c.obj
 .debug_macro   0x00026001      0x1f0 cmake/stm32cubemx/CMakeFiles/STM32_Drivers.dir/__/__/Drivers/STM32G4xx_HAL_Driver/Src/stm32g4xx_hal_adc.c.obj
 .debug_macro   0x000261f1      0x1df cmake/stm32cubemx/CMakeFiles/STM32_Drivers.dir/__/__/Drivers/STM32G4xx_HAL_Driver/Src/stm32g4xx_hal_adc_ex.c.obj
 .debug_macro   0x000263d0      0x221 cmake/stm32cubemx/CMakeFiles/STM32_Drivers.dir/__/__/Drivers/STM32G4xx_HAL_Driver/Src/stm32g4xx_hal.c.obj
 .debug_macro   0x000265f1      0x215 cmake/stm32cubemx/CMakeFiles/STM32_Drivers.dir/__/__/Drivers/STM32G4xx_HAL_Driver/Src/stm32g4xx_hal_rcc.c.obj
 .debug_macro   0x00026806      0x1fd cmake/stm32cubemx/CMakeFiles/STM32_Drivers.dir/__/__/Drivers/STM32G4xx_HAL_Driver/Src/stm32g4xx_hal_rcc_ex.c.obj
 .debug_macro   0x00026a03      0x1da cmake/stm32cubemx/CMakeFiles/STM32_Drivers.dir/__/__/Drivers/STM32G4xx_HAL_Driver/Src/stm32g4xx_hal_gpio.c.obj
 .debug_macro   0x00026bdd      0x1d3 cmake/stm32cubemx/CMakeFiles/STM32_Drivers.dir/__/__/Drivers/STM32G4xx_HAL_Driver/Src/stm32g4xx_hal_dma.c.obj
 .debug_macro   0x00026db0      0x1fd cmake/stm32cubemx/CMakeFiles/STM32_Drivers.dir/__/__/Drivers/STM32G4xx_HAL_Driver/Src/stm32g4xx_hal_pwr_ex.c.obj
 .debug_macro   0x00026fad      0x1d3 cmake/stm32cubemx/CMakeFiles/STM32_Drivers.dir/__/__/Drivers/STM32G4xx_HAL_Driver/Src/stm32g4xx_hal_cortex.c.obj
 .debug_macro   0x00027180      0x1f0 cmake/stm32cubemx/CMakeFiles/STM32_Drivers.dir/__/__/Drivers/STM32G4xx_HAL_Driver/Src/stm32g4xx_hal_hrtim.c.obj
 .debug_macro   0x00027370      0x312 CMakeFiles/two_way_communication_DC_DC.dir/Core/Src/OLED.c.obj
 .debug_macro   0x00027682       0x1c CMakeFiles/two_way_communication_DC_DC.dir/Core/Src/OLED.c.obj
 .debug_macro   0x0002769e       0x10 CMakeFiles/two_way_communication_DC_DC.dir/Core/Src/OLED.c.obj
 .debug_macro   0x000276ae       0x1c CMakeFiles/two_way_communication_DC_DC.dir/Core/Src/OLED.c.obj
 .debug_macro   0x000276ca       0x16 CMakeFiles/two_way_communication_DC_DC.dir/Core/Src/OLED.c.obj
 .debug_macro   0x000276e0      0x170 CMakeFiles/two_way_communication_DC_DC.dir/Core/Src/OLED.c.obj
 .debug_macro   0x00027850       0x4c CMakeFiles/two_way_communication_DC_DC.dir/Core/Src/OLED.c.obj
 .debug_macro   0x0002789c      0x355 CMakeFiles/two_way_communication_DC_DC.dir/Core/Src/main.c.obj
 .debug_macro   0x00027bf1      0x2df CMakeFiles/two_way_communication_DC_DC.dir/Core/Src/gpio.c.obj
 .debug_macro   0x00027ed0      0x2df CMakeFiles/two_way_communication_DC_DC.dir/Core/Src/adc.c.obj
 .debug_macro   0x000281af      0x2df CMakeFiles/two_way_communication_DC_DC.dir/Core/Src/dma.c.obj
 .debug_macro   0x0002848e      0x2df CMakeFiles/two_way_communication_DC_DC.dir/Core/Src/hrtim.c.obj
 .debug_macro   0x0002876d      0x2df CMakeFiles/two_way_communication_DC_DC.dir/Core/Src/stm32g4xx_it.c.obj
 .debug_macro   0x00028a4c      0x2d5 CMakeFiles/two_way_communication_DC_DC.dir/Core/Src/stm32g4xx_hal_msp.c.obj

.debug_line     0x00000000    0x15366
 .debug_line    0x00000000      0x7d8 cmake/stm32cubemx/CMakeFiles/STM32_Drivers.dir/__/__/Core/Src/system_stm32g4xx.c.obj
 .debug_line    0x000007d8     0x2273 cmake/stm32cubemx/CMakeFiles/STM32_Drivers.dir/__/__/Drivers/STM32G4xx_HAL_Driver/Src/stm32g4xx_hal_adc.c.obj
 .debug_line    0x00002a4b     0x1be6 cmake/stm32cubemx/CMakeFiles/STM32_Drivers.dir/__/__/Drivers/STM32G4xx_HAL_Driver/Src/stm32g4xx_hal_adc_ex.c.obj
 .debug_line    0x00004631      0xba4 cmake/stm32cubemx/CMakeFiles/STM32_Drivers.dir/__/__/Drivers/STM32G4xx_HAL_Driver/Src/stm32g4xx_hal.c.obj
 .debug_line    0x000051d5     0x1027 cmake/stm32cubemx/CMakeFiles/STM32_Drivers.dir/__/__/Drivers/STM32G4xx_HAL_Driver/Src/stm32g4xx_hal_rcc.c.obj
 .debug_line    0x000061fc     0x129d cmake/stm32cubemx/CMakeFiles/STM32_Drivers.dir/__/__/Drivers/STM32G4xx_HAL_Driver/Src/stm32g4xx_hal_rcc_ex.c.obj
 .debug_line    0x00007499      0xb90 cmake/stm32cubemx/CMakeFiles/STM32_Drivers.dir/__/__/Drivers/STM32G4xx_HAL_Driver/Src/stm32g4xx_hal_gpio.c.obj
 .debug_line    0x00008029      0xeb9 cmake/stm32cubemx/CMakeFiles/STM32_Drivers.dir/__/__/Drivers/STM32G4xx_HAL_Driver/Src/stm32g4xx_hal_dma.c.obj
 .debug_line    0x00008ee2      0xd03 cmake/stm32cubemx/CMakeFiles/STM32_Drivers.dir/__/__/Drivers/STM32G4xx_HAL_Driver/Src/stm32g4xx_hal_pwr_ex.c.obj
 .debug_line    0x00009be5      0xd09 cmake/stm32cubemx/CMakeFiles/STM32_Drivers.dir/__/__/Drivers/STM32G4xx_HAL_Driver/Src/stm32g4xx_hal_cortex.c.obj
 .debug_line    0x0000a8ee     0x431d cmake/stm32cubemx/CMakeFiles/STM32_Drivers.dir/__/__/Drivers/STM32G4xx_HAL_Driver/Src/stm32g4xx_hal_hrtim.c.obj
 .debug_line    0x0000ec0b     0x1aa0 CMakeFiles/two_way_communication_DC_DC.dir/Core/Src/OLED.c.obj
 .debug_line    0x000106ab      0xe00 CMakeFiles/two_way_communication_DC_DC.dir/Core/Src/main.c.obj
 .debug_line    0x000114ab      0x86b CMakeFiles/two_way_communication_DC_DC.dir/Core/Src/gpio.c.obj
 .debug_line    0x00011d16      0x988 CMakeFiles/two_way_communication_DC_DC.dir/Core/Src/adc.c.obj
 .debug_line    0x0001269e      0x859 CMakeFiles/two_way_communication_DC_DC.dir/Core/Src/dma.c.obj
 .debug_line    0x00012ef7      0xa03 CMakeFiles/two_way_communication_DC_DC.dir/Core/Src/hrtim.c.obj
 .debug_line    0x000138fa      0x953 CMakeFiles/two_way_communication_DC_DC.dir/Core/Src/stm32g4xx_it.c.obj
 .debug_line    0x0001424d      0x85d CMakeFiles/two_way_communication_DC_DC.dir/Core/Src/stm32g4xx_hal_msp.c.obj
 .debug_line    0x00014aaa       0x7b CMakeFiles/two_way_communication_DC_DC.dir/startup_stm32g474xx.s.obj
 .debug_line    0x00014b25      0x2d0 F:/CLION__Project/two_way_communication_DC_DC/Drivers/CMSIS/DSP/Lib/GCC/libarm_cortexM4lf_math.a(arm_copy_f32.o)
 .debug_line    0x00014df5      0x283 F:/CLION__Project/two_way_communication_DC_DC/Drivers/CMSIS/DSP/Lib/GCC/libarm_cortexM4lf_math.a(arm_pid_init_f32.o)
 .debug_line    0x00015078      0x17e F:/STM32CubeCLT/STM32CubeCLT_1.18.0/GNU-tools-for-STM32/bin/../lib/gcc/arm-none-eabi/13.3.1/../../../../arm-none-eabi/lib/thumb/v7e-m+fp/hard\libg_nano.a(libc_a-memset.o)
 .debug_line    0x000151f6      0x170 F:/STM32CubeCLT/STM32CubeCLT_1.18.0/GNU-tools-for-STM32/bin/../lib/gcc/arm-none-eabi/13.3.1/../../../../arm-none-eabi/lib/thumb/v7e-m+fp/hard\libg_nano.a(libc_a-init.o)

.debug_str      0x00000000   0x11bafa
 .debug_str     0x00000000   0x11bafa cmake/stm32cubemx/CMakeFiles/STM32_Drivers.dir/__/__/Core/Src/system_stm32g4xx.c.obj
                             0x110937 (size before relaxing)
 .debug_str     0x0011bafa   0x111964 cmake/stm32cubemx/CMakeFiles/STM32_Drivers.dir/__/__/Drivers/STM32G4xx_HAL_Driver/Src/stm32g4xx_hal_adc.c.obj
 .debug_str     0x0011bafa   0x11190a cmake/stm32cubemx/CMakeFiles/STM32_Drivers.dir/__/__/Drivers/STM32G4xx_HAL_Driver/Src/stm32g4xx_hal_adc_ex.c.obj
 .debug_str     0x0011bafa   0x111649 cmake/stm32cubemx/CMakeFiles/STM32_Drivers.dir/__/__/Drivers/STM32G4xx_HAL_Driver/Src/stm32g4xx_hal.c.obj
 .debug_str     0x0011bafa   0x111056 cmake/stm32cubemx/CMakeFiles/STM32_Drivers.dir/__/__/Drivers/STM32G4xx_HAL_Driver/Src/stm32g4xx_hal_rcc.c.obj